#
# A fatal error has been detected by the Java Runtime Environment:
#
#  EXCEPTION_ACCESS_VIOLATION (0xc0000005) at pc=0x0000020be5376ebe, pid=22316, tid=8540
#
# JRE version: OpenJDK Runtime Environment Temurin-21.0.5+11 (21.0.5+11) (build 21.0.5+11-LTS)
# Java VM: OpenJDK 64-Bit Server VM Temurin-21.0.5+11 (21.0.5+11-LTS, mixed mode, sharing, tiered, compressed oops, compressed class ptrs, g1 gc, windows-amd64)
# Problematic frame:
# J 6811 c2 org.bytedeco.javacv.Java2DFrameConverter.flipCopyWithGamma(Ljava/nio/ByteBuffer;IILjava/nio/ByteBuffer;IIZDZI)V (635 bytes) @ 0x0000020be5376ebe [0x0000020be5376960+0x000000000000055e]
#
# No core dump will be written. Minidumps are not enabled by default on client versions of Windows
#
# If you would like to submit a bug report, please visit:
#   https://github.com/adoptium/adoptium-support/issues
#

---------------  S U M M A R Y ------------

Command Line: -Dclassworlds.conf=C:\ProgramData\chocolatey\lib\maven\apache-maven-3.9.9\bin\m2.conf -Dmaven.home=C:\ProgramData\chocolatey\lib\maven\apache-maven-3.9.9 -Dlibrary.jansi.path=C:\ProgramData\chocolatey\lib\maven\apache-maven-3.9.9\lib\jansi-native -Dmaven.multiModuleProjectDirectory=A:\Kinoui\SMU\COURSE WORK\year 2 sem 2\OOP\proj\OOPs org.codehaus.plexus.classworlds.launcher.Launcher exec:java -Dexec.mainClass=com.main.MainApplication

Host: AMD Ryzen 5 2600 Six-Core Processor            , 12 cores, 31G,  Windows 10 , 64 bit Build 19041 (10.0.19041.5438)
Time: Tue Mar 25 02:35:35 2025 Malay Peninsula Standard Time elapsed time: 345.072609 seconds (0d 0h 5m 45s)

---------------  T H R E A D  ---------------

Current thread (0x0000020bff598910):  JavaThread "AWT-EventQueue-0"        [_thread_in_Java, id=8540, stack(0x000000e22e300000,0x000000e22e400000) (1024K)]

Stack: [0x000000e22e300000,0x000000e22e400000],  sp=0x000000e22e3fda20,  free space=1014k
Native frames: (J=compiled Java code, j=interpreted, Vv=VM code, C=native code)
C  0x0000020be5376ebe

The last pc belongs to nmethod (printed below).

siginfo: EXCEPTION_ACCESS_VIOLATION (0xc0000005), reading address 0x0000020bd1375080


Registers:
RAX=0x0000020bd1375080, RBX=0x0000000000000000, RCX=0x0000000000000000, RDX=0x0000000000000000
RSP=0x000000e22e3fda20, RBP=0x0000000000000000, RSI=0x0000000602000000, RDI=0x0000000000000000
R8 =0x0000000000000000, R9 =0x0000000000000005, R10=0x0000000000000010, R11=0x0000020bd1375080
R12=0x0000000000000000, R13=0x0000000600f4bed8, R14=0x000000e22e3fdbd8, R15=0x0000020bff598910
RIP=0x0000020be5376ebe, EFLAGS=0x0000000000010246


Register to memory mapping:

RAX=0x0000020bd1375080 is an unknown value
RBX=0x0 is null
RCX=0x0 is null
RDX=0x0 is null
RSP=0x000000e22e3fda20 is pointing into the stack for thread: 0x0000020bff598910
RBP=0x0 is null
RSI=0x0000000602000000 is an oop: [B 
{0x0000000602000000} - klass: {type array byte}
 - length: 1797120
RDI=0x0 is null
R8 =0x0 is null
R9 =0x0000000000000005 is an unknown value
R10=0x0000000000000010 is an unknown value
R11=0x0000020bd1375080 is an unknown value
R12=0x0 is null
R13=0x0000000600f4bed8 is an oop: java.nio.DirectByteBuffer 
{0x0000000600f4bed8} - klass: 'java/nio/DirectByteBuffer'
 - ---- fields (total size 8 words):
 - private 'mark' 'I' @12  -1 (0xffffffff)
 - 'address' 'J' @16  2249777959040 (0x0000020bd1375080)
 - private 'position' 'I' @24  0 (0x00000000)
 - private 'limit' 'I' @28  1797120 (0x001b6c00)
 - private final 'capacity' 'I' @32  1797120 (0x001b6c00)
 - final 'segment' 'Ljava/lang/foreign/MemorySegment;' @36  null (0x00000000)
 - final 'offset' 'I' @40  0 (0x00000000)
 - 'isReadOnly' 'Z' @44  false (0x00)
 - 'bigEndian' 'Z' @45  false (0x00)
 - 'nativeByteOrder' 'Z' @46  true (0x01)
 - final 'hb' '[B' @48  null (0x00000000)
 - private final 'isSync' 'Z' @47  false (0x00)
 - private final 'fd' 'Ljava/io/FileDescriptor;' @52  null (0x00000000)
 - private final 'att' 'Ljava/lang/Object;' @56  null (0x00000000)
 - private final 'cleaner' 'Ljdk/internal/ref/Cleaner;' @60  null (0x00000000)
R14=0x000000e22e3fdbd8 is pointing into the stack for thread: 0x0000020bff598910
R15=0x0000020bff598910 is a thread

Top of Stack: (sp=0x000000e22e3fda20)
0x000000e22e3fda20:   00000000001b6c00 001b6c0000000c00
0x000000e22e3fda30:   00000000001b6c00 00000c0000000000
0x000000e22e3fda40:   00000000001b6c00 0000000000000000
0x000000e22e3fda50:   0000000000000c00 0000020be4ca89d2
0x000000e22e3fda60:   0000020be4ca89d2 00000000001b6c00
0x000000e22e3fda70:   000000e22e3fdb40 0000020be4ca8860
0x000000e22e3fda80:   001b6c0000000000 00000c00001b6c00
0x000000e22e3fda90:   00000000001b6c00 0000020be4ca8860
0x000000e22e3fdaa0:   0000000000000000 0000000000000000
0x000000e22e3fdab0:   3ff0000000000000 0000000000000000
0x000000e22e3fdac0:   0000000000000000 0000000000000c00
0x000000e22e3fdad0:   0000000000000000 000000060691f628
0x000000e22e3fdae0:   0000000000000c00 0000000000000000
0x000000e22e3fdaf0:   0000000600f4bed8 000000e22e3fdaf8
0x000000e22e3fdb00:   0000020bfbad35ce 0000000000000013
0x000000e22e3fdb10:   0000020bfbad57c0 0000000000000000
0x000000e22e3fdb20:   0000000601d678a8 0000020bfbad3878
0x000000e22e3fdb30:   000000e22e3fdaa0 000000e22e3fdbb0
0x000000e22e3fdb40:   000000e22e3fdc28 0000020be4ca8860
0x000000e22e3fdb50:   0000000000000000 0000000602000000
0x000000e22e3fdb60:   0000000000000000 0000000000000003
0x000000e22e3fdb70:   0000000000000c00 0000000000000000
0x000000e22e3fdb80:   0000000000000000 00000006022274c8
0x000000e22e3fdb90:   00000006022275b8 0000000602227540
0x000000e22e3fdba0:   0000000000000000 0000000600f4bed8
0x000000e22e3fdbb0:   0000000000000000 0000000000000000
0x000000e22e3fdbc0:   3ff0000000000000 0000020be4ca8988
0x000000e22e3fdbd0:   00000006022273a8 0000000600f4be70
0x000000e22e3fdbe0:   000000e22e3fdbe0 0000020bfbad4a56
0x000000e22e3fdbf0:   000000000000000c 0000020bfbad57c0
0x000000e22e3fdc00:   0000000000000000 0000000601d678a8
0x000000e22e3fdc10:   0000020bfbad4b20 000000e22e3fdbb0 

Instructions: (pc=0x0000020be5376ebe)
0x0000020be5376dbe:   18 44 3b 44 24 68 0f 8d b2 01 00 00 44 8b 44 24
0x0000020be5376dce:   68 44 2b 44 24 18 c5 f9 7e e1 2b 4c 24 60 44 8b
0x0000020be5376dde:   54 24 1c 44 3b d1 44 0f 4f d1 45 3b d0 45 0f 4f
0x0000020be5376dee:   d0 44 89 54 24 1c 45 85 d2 0f 8e 28 01 00 00 44
0x0000020be5376dfe:   8b 54 24 60 44 3b 54 24 70 0f 83 22 01 00 00 4c
0x0000020be5376e0e:   63 54 24 1c 4c 89 54 24 30 4c 63 54 24 60 4c 8b
0x0000020be5376e1e:   44 24 30 4f 8d 44 10 ff 4c 3b 04 24 0f 83 ff 00
0x0000020be5376e2e:   00 00 8b 6c 24 18 3b 6c 24 0c 0f 83 f1 00 00 00
0x0000020be5376e3e:   4c 63 44 24 18 4c 8b 4c 24 30 4f 8d 44 08 ff 4c
0x0000020be5376e4e:   3b 44 24 20 0f 83 d7 00 00 00 8b 5c 24 18 c4 c1
0x0000020be5376e5e:   f9 7e f8 41 03 58 28 3b 5c 24 64 0f 83 c0 00 00
0x0000020be5376e6e:   00 48 63 cb 4d 8d 44 09 ff 4c 3b 44 24 10 0f 83
0x0000020be5376e7e:   ad 00 00 00 49 8b c3 49 03 c2 44 8b 44 24 28 44
0x0000020be5376e8e:   03 c3 41 ba 0f 00 00 00 45 2b d0 41 b9 05 00 00
0x0000020be5376e9e:   00 c4 42 b0 f5 d2 49 83 c2 01 4c 3b 54 24 30 4c
0x0000020be5376eae:   8b 44 24 30 4d 0f 4c c2 45 8b d0 33 d2 4c 63 c2
0x0000020be5376ebe:   46 0f be 0c 00 4a 8d 2c 01 44 88 4c 2e 10 44 8d
0x0000020be5376ece:   42 01 45 3b c2 7d 05 41 8b d0 eb e1 4c 8b 54 24
0x0000020be5376ede:   30 49 81 c2 01 ff ff ff 49 81 fa 00 00 00 80 49
0x0000020be5376eee:   c7 c1 00 00 00 80 4d 0f 4c d1 41 8b ea 44 3b c5
0x0000020be5376efe:   7d 74 ff c2 e9 d8 fd ff ff 41 8b d2 e9 43 fe ff
0x0000020be5376f0e:   ff c5 f8 77 48 83 c4 50 5d 49 3b a7 48 04 00 00
0x0000020be5376f1e:   0f 87 cc 01 00 00 c3 c4 41 f9 7e c8 e9 4f fe ff
0x0000020be5376f2e:   ff ba 76 ff ff ff c4 e1 f9 7e cd 44 8b 54 24 6c
0x0000020be5376f3e:   44 89 54 24 64 c5 fb 11 54 24 68 44 8b 54 24 08
0x0000020be5376f4e:   44 89 14 24 c5 7b 11 4c 24 08 c5 fa 11 74 24 04
0x0000020be5376f5e:   c5 fb 11 5c 24 20 c5 f8 77 e8 94 d6 97 ff 0f 1f
0x0000020be5376f6e:   84 00 dc 07 00 02 41 8b d0 e9 db fd ff ff ba 45
0x0000020be5376f7e:   ff ff ff 66 66 90 c5 f8 77 e8 74 d6 97 ff 0f 1f
0x0000020be5376f8e:   84 00 fc 07 00 03 44 89 4c 24 1c 48 ba 68 22 00
0x0000020be5376f9e:   80 0b 02 00 00 44 8b 44 24 70 c5 f8 77 e8 d0 46
0x0000020be5376fae:   a4 ff 0f 1f 84 00 20 08 00 04 44 8b 4c 24 1c 48 


Stack slot to memory mapping:

stack at sp + 0 slots: 0x00000000001b6c00 is an unknown value
stack at sp + 1 slots: 0x001b6c0000000c00 is an unknown value
stack at sp + 2 slots: 0x00000000001b6c00 is an unknown value
stack at sp + 3 slots: 0x00000c0000000000 is an unknown value
stack at sp + 4 slots: 0x00000000001b6c00 is an unknown value
stack at sp + 5 slots: 0x0 is null
stack at sp + 6 slots: 0x0000000000000c00 is an unknown value
stack at sp + 7 slots: 0x0000020be4ca89d2 is at code_begin+1554 in an Interpreter codelet
return entry points  [0x0000020be4ca83c0, 0x0000020be4ca8f60]  2976 bytes


Compiled method (c2) 345128 6811       4       org.bytedeco.javacv.Java2DFrameConverter::flipCopyWithGamma (635 bytes)
 total in heap  [0x0000020be5376790,0x0000020be53773b8] = 3112
 relocation     [0x0000020be53768f0,0x0000020be5376938] = 72
 constants      [0x0000020be5376940,0x0000020be5376960] = 32
 main code      [0x0000020be5376960,0x0000020be5377110] = 1968
 stub code      [0x0000020be5377110,0x0000020be5377128] = 24
 oops           [0x0000020be5377128,0x0000020be5377130] = 8
 metadata       [0x0000020be5377130,0x0000020be5377168] = 56
 scopes data    [0x0000020be5377168,0x0000020be53772d0] = 360
 scopes pcs     [0x0000020be53772d0,0x0000020be5377370] = 160
 dependencies   [0x0000020be5377370,0x0000020be5377380] = 16
 handler table  [0x0000020be5377380,0x0000020be5377398] = 24
 nul chk table  [0x0000020be5377398,0x0000020be53773b8] = 32


[Constant Pool]
             Address          hex4                    hex8      
  0x0000020be5376940:   0x00000000      0x3ff0000000000000      
  0x0000020be5376944:   0x3ff00000                              
  0x0000020be5376948:   0xf4f4f4f4      0xf4f4f4f4f4f4f4f4      
  0x0000020be537694c:   0xf4f4f4f4                              
  0x0000020be5376950:   0xf4f4f4f4      0xf4f4f4f4f4f4f4f4      
  0x0000020be5376954:   0xf4f4f4f4                              
  0x0000020be5376958:   0xf4f4f4f4      0xf4f4f4f4f4f4f4f4      
  0x0000020be537695c:   0xf4f4f4f4                              

[MachCode]
[Verified Entry Point]
  # {method} {0x0000020bfbad22a0} 'flipCopyWithGamma' '(Ljava/nio/ByteBuffer;IILjava/nio/ByteBuffer;IIZDZI)V' in 'org/bytedeco/javacv/Java2DFrameConverter'
  # parm0:    rdx:rdx   = 'java/nio/ByteBuffer'
  # parm1:    r8        = int
  # parm2:    r9        = int
  # parm3:    rdi:rdi   = 'java/nio/ByteBuffer'
  # parm4:    rsi       = int
  # parm5:    rcx       = int
  # parm6:    [sp+0x60]   = boolean  (sp of caller)
  # parm7:    xmm0:xmm0   = double
  # parm8:    [sp+0x68]   = boolean
  # parm9:    [sp+0x70]   = int
  0x0000020be5376960: ;   {no_reloc}
  0x0000020be5376960: 8984 2400 | 80ff ff55 | 4883 ec50 | 4181 7f20 | 0b00 0000 | 0f85 8c07 | 0000 8974 | 2418 4489 
  0x0000020be5376980: 4424 64c5 | fb11 4424 | 1089 4c24 | 0848 893c | 2444 894c | 246c 488b | ea44 8b5c | 2470 4181 
  0x0000020be53769a0: fb00 0010 | 000f 871a | 0600 0048 | 634c 2470 | 443b 4c24 | 0844 8b5c | 2408 450f | 4fcb 448b 
  0x0000020be53769c0: 5c24 7041 | 81fb 0000 | 1000 0f87 | c405 0000 | 498b b7b8 | 0100 0048 | 83c1 174c | 8bd1 4983 
  0x0000020be53769e0: e2f8 4c8b | de4d 03da | 4d3b 9fc8 | 0100 000f | 839f 0500 | 004d 899f | b801 0000 | 488b fe48 
  0x0000020be5376a00: 83c7 1048 | c706 0100 | 0000 410f | 1883 0001 

  0x0000020be5376a10: ;   {metadata({type array byte})}
  0x0000020be5376a10: 0000 c746 | 0868 2200 | 0044 8b54 | 2470 4489 | 560c 410f | 1883 4001 | 0000 410f | 1883 8001 
  0x0000020be5376a30: 0000 48c1 | e903 4883 | c1fe 4833 | c048 83f9 | 087f 1048 | ffc9 784f | 4889 04cf | 48ff c97d 
  0x0000020be5376a50: f7eb 44c5 | fdef c0e9 | 0d00 0000 | c5fe 7f07 | c5fe 7f47 | 2048 83c7 | 4048 83e9 | 087d ed48 
  0x0000020be5376a70: 83c1 047c | 0cc5 fe7f | 0748 83c7 | 2048 83e9 | 0448 83c1 | 047e 1048 | ffc9 c5f9 | d607 4883 
  0x0000020be5376a90: c708 48ff | c97d f34c | 8bed 8b7d | 208b 6c24 | 643b ef0f | 8d66 0400 | 008b 5c24 | 7048 8b04 
  0x0000020be5376ab0: 2444 8b50 | 0844 8b44 | 2468 4585 | c00f 8517 | 0500 008b | 4c24 6085 | c90f 850f | 0500 0083 
  0x0000020be5376ad0: fb01 0f8f | 0605 0000 | 458b 5d08 

  0x0000020be5376adc: ;   {metadata('java/nio/DirectByteBuffer')}
  0x0000020be5376adc: 4181 fba0 | e91b 000f | 8560 0500 | 00c5 f96e | f3c5 f96e | e7c4 e1f9 | 6ede 4489 | 4c24 1c4d 
  0x0000020be5376afc: 8bdd c4c1 | f96e eb45 | 8b5b 2445 | 85db 0f85 | 3905 0000 | c4c1 f97e | eb45 8b5b | 1c45 8bcb 
  0x0000020be5376b1c: 4585 db0f | 8c83 0500 | 00c5 7b10 

  0x0000020be5376b28: ;   {section_word}
  0x0000020be5376b28: 4c24 10c5 | 792e 0d0d | feff ff0f | 8a76 0500 | 000f 8570 

  0x0000020be5376b3c: ;   {metadata('java/nio/HeapByteBuffer')}
  0x0000020be5376b3c: 0500 0041 | 81fa c82d | 1c00 0f85 | 6a05 0000 | 4c8b d0c4 | c1f9 6efa | 458b 521c | 418b fa45 
  0x0000020be5376b5c: 85d2 0f8c | 5905 0000 | c4c1 f97e | fa45 8b52 | 3047 8b5c | d40c 4489 | 5c24 6489 | 6c24 60c4 
  0x0000020be5376b7c: e1f9 6ed0 | c4c1 f96e | cdc4 c1f9 | 7eeb 4d8b | 5b10 448b | 4020 4489 | 4424 6845 | 8bc1 4489 
  0x0000020be5376b9c: ;   {section_word}
  0x0000020be5376b9c: 4424 70c5 | fb10 0599 | fdff ff4d | 63c0 4c89 | 0424 448b | c744 8944 | 240c 4c63 | 4424 644c 
  0x0000020be5376bbc: 8944 2410 | 4c63 4424 | 0c4c 8944 | 2420 4b8d | 34d4 448b | d641 83e2 | 1f44 8954 | 2428 33ff 
  0x0000020be5376bdc: e9d9 0100 | 000f 1f84 | 0000 0000 | 000f 1f80 | 0000 0000 | 418b d244 | 8d14 1344 | 8d8a 8000 
  0x0000020be5376bfc: 0000 4403 | cb4d 63ea | 4d63 c94c | 63d2 4c8b | d84d 03da | 4e8d 3411 | c441 7e6f | 83c0 0000 
  0x0000020be5376c1c: 00c4 417e | 6f93 a000 | 0000 c441 | 7e6f 9b80 | 0000 00c4 | 417e 6f63 | 60c4 417e | 6f6b 40c4 
  0x0000020be5376c3c: 417e 6f73 | 20c4 417e | 6f3b c421 | 7e7f 7c36 | 10c4 217e | 7f74 2e30 | c421 7e7f | 6c36 50c4 
  0x0000020be5376c5c: 417e 6fab | e000 0000 | 448d 5a40 | 4403 db4d | 63d3 c421 | 7e7f 6416 | 30c4 217e | 7f9c 3690 
  0x0000020be5376c7c: 0000 00c4 | 217e 7f54 | 0e30 c421 | 7e7f 842e | d000 0000 | c421 7e7f | ac2e f000 | 0000 448d 
  0x0000020be5376c9c: ;   {no_reloc}
  0x0000020be5376c9c: 9200 0100 | 0045 3bd0 | 0f8c 46ff | ffff 4d8b | af50 0400 | 0044 8d9a | ff00 0000 | 448b 4c24 
  0x0000020be5376cbc: 1845 03cb | 448b 4424 | 6045 03c3 | 41ff c141 

  0x0000020be5376ccc: ; ImmutableOopMap {rsi=Oop xmm1=Oop xmm2=Oop xmm3=Oop xmm5=Oop xmm7=Oop }
                      ;*goto {reexecute=1 rethrow=0 return_oop=0}
                      ; - (reexecute) org.bytedeco.javacv.Java2DFrameConverter::flipCopyWithGamma@615 (line 176)
                      ;   {poll}
  0x0000020be5376ccc: ffc0 4185 | 4500 443b | d57d 3241 | 8bd2 4c8b | 5c24 3844 | 8bc5 442b | c23b ea44 | 0f4c c741 
  0x0000020be5376cec: 81f8 00e8 | 0300 41ba | 00e8 0300 | 450f 47c2 | 4403 c24c | 895c 2438 | e9ea feff | ff4c 8b5c 
  0x0000020be5376d0c: 2430 4983 | c3e1 4981 | fb00 0000 | 8049 c7c0 | 0000 0080 | 4d0f 4cd8 | 458b c345 | 3bd0 0f8d 
  0x0000020be5376d2c: d701 0000 | 81c2 0001 | 0000 4c63 | d2c4 217e | 6f04 104e | 8d1c 11c4 | 217e 7f44 | 1e10 83c2 
  0x0000020be5376d4c: 2041 3bd0 | 7ce4 4c8b | 5c24 383b | 5424 1c7d | 1c66 6690 | 4c63 d246 | 0fbe 0410 | 4e8d 0c11 
  0x0000020be5376d6c: 4688 440e | 10ff c23b | 5424 1c7c | e7c4 c1f9 | 7ec0 8b6c | 2418 036c | 2408 896c | 2418 448b 
  0x0000020be5376d8c: 5424 6044 | 0354 246c | 4489 5424 | 60c4 c1f9 | 7eca 458b | 5220 4d8b | 8f50 0400 

  0x0000020be5376da8: ; ImmutableOopMap {rsi=Oop xmm1=Oop xmm2=Oop xmm3=Oop xmm5=Oop xmm7=Oop }
                      ;*goto {reexecute=1 rethrow=0 return_oop=0}
                      ; - (reexecute) org.bytedeco.javacv.Java2DFrameConverter::flipCopyWithGamma@631 (line 193)
                      ;   {poll}
  0x0000020be5376da8: 0041 8501 | 448b 4424 | 6045 3bc2 | 0f8d 5501 | 0000 448b | 4424 1844 | 3b44 2468 | 0f8d b201 
  0x0000020be5376dc8: 0000 448b | 4424 6844 | 2b44 2418 | c5f9 7ee1 | 2b4c 2460 | 448b 5424 | 1c44 3bd1 | 440f 4fd1 
  0x0000020be5376de8: 453b d045 | 0f4f d044 | 8954 241c | 4585 d20f | 8e28 0100 | 0044 8b54 | 2460 443b | 5424 700f 
  0x0000020be5376e08: 8322 0100 | 004c 6354 | 241c 4c89 | 5424 304c | 6354 2460 | 4c8b 4424 | 304f 8d44 | 10ff 4c3b 
  0x0000020be5376e28: 0424 0f83 | ff00 0000 | 8b6c 2418 | 3b6c 240c | 0f83 f100 | 0000 4c63 | 4424 184c | 8b4c 2430 
  0x0000020be5376e48: 4f8d 4408 | ff4c 3b44 | 2420 0f83 | d700 0000 | 8b5c 2418 | c4c1 f97e | f841 0358 | 283b 5c24 
  0x0000020be5376e68: 640f 83c0 | 0000 0048 | 63cb 4d8d | 4409 ff4c | 3b44 2410 | 0f83 ad00 | 0000 498b | c349 03c2 
  0x0000020be5376e88: 448b 4424 | 2844 03c3 | 41ba 0f00 | 0000 452b | d041 b905 | 0000 00c4 | 42b0 f5d2 | 4983 c201 
  0x0000020be5376ea8: ;   {no_reloc}
  0x0000020be5376ea8: 4c3b 5424 | 304c 8b44 | 2430 4d0f | 4cc2 458b | d033 d24c | 63c2 460f | be0c 004a | 8d2c 0144 
  0x0000020be5376ec8: 884c 2e10 | 448d 4201 | 453b c27d | 0541 8bd0 | ebe1 4c8b | 5424 3049 | 81c2 01ff | ffff 4981 
  0x0000020be5376ee8: fa00 0000 | 8049 c7c1 | 0000 0080 | 4d0f 4cd1 | 418b ea44 | 3bc5 7d74 | ffc2 e9d8 | fdff ff41 
  0x0000020be5376f08: 8bd2 e943 | feff ffc5 | f877 4883 

  0x0000020be5376f14: ;   {poll_return}
  0x0000020be5376f14: c450 5d49 | 3ba7 4804 | 0000 0f87 | cc01 0000 | c3c4 41f9 | 7ec8 e94f | feff ffba | 76ff ffff 
  0x0000020be5376f34: c4e1 f97e | cd44 8b54 | 246c 4489 | 5424 64c5 | fb11 5424 | 6844 8b54 | 2408 4489 | 1424 c57b 
  0x0000020be5376f54: 114c 2408 | c5fa 1174 | 2404 c5fb | 115c 2420 

  0x0000020be5376f64: ;   {runtime_call UncommonTrapBlob}
  0x0000020be5376f64: c5f8 77e8 

  0x0000020be5376f68: ; ImmutableOopMap {rbp=Oop [32]=Oop [104]=Oop }
                      ;*if_icmpge {reexecute=1 rethrow=0 return_oop=0}
                      ; - (reexecute) org.bytedeco.javacv.Java2DFrameConverter::flipCopyWithGamma@505 (line 176)
  0x0000020be5376f68: 94d6 97ff 

  0x0000020be5376f6c: ;   {other}
  0x0000020be5376f6c: 0f1f 8400 | dc07 0002 | 418b d0e9 | dbfd ffff | ba45 ffff | ff66 6690 

  0x0000020be5376f84: ;   {runtime_call UncommonTrapBlob}
  0x0000020be5376f84: c5f8 77e8 

  0x0000020be5376f88: ; ImmutableOopMap {}
                      ;*if_icmpge {reexecute=1 rethrow=0 return_oop=0}
                      ; - (reexecute) org.bytedeco.javacv.Java2DFrameConverter::flipCopyWithGamma@55 (line 117)
  0x0000020be5376f88: 74d6 97ff 

  0x0000020be5376f8c: ;   {other}
  0x0000020be5376f8c: 0f1f 8400 | fc07 0003 | 4489 4c24 

  0x0000020be5376f98: ;   {metadata({type array byte})}
  0x0000020be5376f98: 1c48 ba68 | 2200 800b | 0200 0044 | 8b44 2470 

  0x0000020be5376fa8: ;   {runtime_call _new_array_Java}
  0x0000020be5376fa8: c5f8 77e8 

  0x0000020be5376fac: ; ImmutableOopMap {rbp=Oop [0]=Oop }
                      ;*newarray {reexecute=0 rethrow=0 return_oop=1}
                      ; - org.bytedeco.javacv.Java2DFrameConverter::flipCopyWithGamma@36 (line 116)
  0x0000020be5376fac: d046 a4ff 

  0x0000020be5376fb0: ;   {other}
  0x0000020be5376fb0: 0f1f 8400 | 2008 0004 | 448b 4c24 | 1c48 8bf0 | e9d2 faff | ff48 634c | 2470 e9e1 | f9ff ff8b 
  0x0000020be5376fd0: 4c24 6044 | 8b44 2468 | eb04 8b4c | 2460 ba76 | ffff ff4c | 896c 2460 | 448b 5424 | 6c44 8954 
  0x0000020be5376ff0: 2468 448b | 5424 0844 | 8954 246c | c5fb 1044 | 2410 c5fb | 1144 2408 | 895c 2470 | 4489 4c24 
  0x0000020be5377010: 1044 8b5c | 2418 4489 | 5c24 1448 | 8974 2418 | 897c 2424 | 894c 2428 | 4489 4424 | 2c66 6690 
  0x0000020be5377030: ;   {runtime_call UncommonTrapBlob}
  0x0000020be5377030: c5f8 77e8 

  0x0000020be5377034: ; ImmutableOopMap {[0]=Oop [24]=Oop [96]=Oop }
                      ;*if_icmpge {reexecute=1 rethrow=0 return_oop=0}
                      ; - (reexecute) org.bytedeco.javacv.Java2DFrameConverter::flipCopyWithGamma@46 (line 117)
  0x0000020be5377034: c8d5 97ff 

  0x0000020be5377038: ;   {other}
  0x0000020be5377038: 0f1f 8400 | a808 0005 | 448b 4c24 | 1cc5 f97e | e7ba beff | ffff 4c89 | 6c24 6044 | 8b5c 246c 
  0x0000020be5377058: 4489 5c24 | 6844 8b54 | 2408 4489 | 5424 6cc5 | fb10 4424 | 10c5 fb11 | 4424 0889 | 5c24 7044 
  0x0000020be5377078: 894c 2410 | 448b 5c24 | 1844 895c | 2414 4889 | 7424 1889 | 7c24 2489 | 4c24 2844 | 8944 242c 
  0x0000020be5377098: ;   {runtime_call UncommonTrapBlob}
  0x0000020be5377098: c5f8 77e8 

  0x0000020be537709c: ; ImmutableOopMap {[0]=Oop [24]=Oop [96]=Oop }
                      ;*if_icmpge {reexecute=1 rethrow=0 return_oop=0}
                      ; - (reexecute) org.bytedeco.javacv.Java2DFrameConverter::flipCopyWithGamma@46 (line 117)
  0x0000020be537709c: 60d5 97ff 

  0x0000020be53770a0: ;   {other}
  0x0000020be53770a0: 0f1f 8400 | 1009 0006 | 448b 4c24 | 1ceb 9a44 | 8b4c 241c | eb93 448b | 4c24 1ceb | 8c44 8b4c 
  0x0000020be53770c0: 241c c5f9 | 7ee7 e97e | ffff ffba | f6ff ffff 

  0x0000020be53770d0: ;   {runtime_call UncommonTrapBlob}
  0x0000020be53770d0: c5f8 77e8 

  0x0000020be53770d4: ; ImmutableOopMap {}
                      ;*invokevirtual capacity {reexecute=0 rethrow=0 return_oop=0}
                      ; - org.bytedeco.javacv.Java2DFrameConverter::flipCopyWithGamma@43 (line 117)
  0x0000020be53770d4: 28d5 97ff 

  0x0000020be53770d8: ;   {other}
  0x0000020be53770d8: 0f1f 8400 | 4809 0007 | 488b d0c5 | f877 4883 

  0x0000020be53770e8: ;   {runtime_call _rethrow_Java}
  0x0000020be53770e8: c450 5de9 | 9076 a4ff 

  0x0000020be53770f0: ;   {internal_word}
  0x0000020be53770f0: 49ba 176f | 37e5 0b02 | 0000 4d89 | 9760 0400 

  0x0000020be5377100: ;   {runtime_call SafepointBlob}
  0x0000020be5377100: 00e9 fae5 

  0x0000020be5377104: ;   {runtime_call StubRoutines (final stubs)}
  0x0000020be5377104: 97ff e855 | dc95 ffe9 | 6af8 ffff 
[Exception Handler]
  0x0000020be5377110: ;   {no_reloc}
  0x0000020be5377110: e96b 38a4 | ffe8 0000 | 0000 4883 

  0x0000020be537711c: ;   {runtime_call DeoptimizationBlob}
  0x0000020be537711c: 2c24 05e9 | 7cd8 97ff | f4f4 f4f4 
[/MachCode]


---------------  P R O C E S S  ---------------

Threads class SMR info:
_java_thread_list=0x0000020bc21ca430, length=23, elements={
0x0000020bd2ee0070, 0x0000020bf92de2b0, 0x0000020bf9a42250, 0x0000020bf9a45910,
0x0000020bf9a48370, 0x0000020bf9a49710, 0x0000020bf9a4e0d0, 0x0000020bf9a53bd0,
0x0000020bf9a54a10, 0x0000020bf9b996f0, 0x0000020bf9b99d80, 0x0000020bf9b99060,
0x0000020bf9b9b7c0, 0x0000020bf9b9be50, 0x0000020bf9b9aaa0, 0x0000020bff598910,
0x0000020bff598fa0, 0x0000020bff59a9e0, 0x0000020bff597bf0, 0x0000020bff59a350,
0x0000020bff599cc0, 0x0000020bff59b700, 0x0000020bff33ead0
}

Java Threads: ( => current thread )
  0x0000020bd2ee0070 JavaThread "main"                              [_thread_blocked, id=27636, stack(0x000000e22bf00000,0x000000e22c000000) (1024K)]
  0x0000020bf92de2b0 JavaThread "Reference Handler"          daemon [_thread_blocked, id=1184, stack(0x000000e22c700000,0x000000e22c800000) (1024K)]
  0x0000020bf9a42250 JavaThread "Finalizer"                  daemon [_thread_blocked, id=17156, stack(0x000000e22c800000,0x000000e22c900000) (1024K)]
  0x0000020bf9a45910 JavaThread "Signal Dispatcher"          daemon [_thread_blocked, id=25680, stack(0x000000e22c900000,0x000000e22ca00000) (1024K)]
  0x0000020bf9a48370 JavaThread "Attach Listener"            daemon [_thread_blocked, id=6384, stack(0x000000e22ca00000,0x000000e22cb00000) (1024K)]
  0x0000020bf9a49710 JavaThread "Service Thread"             daemon [_thread_blocked, id=8272, stack(0x000000e22cb00000,0x000000e22cc00000) (1024K)]
  0x0000020bf9a4e0d0 JavaThread "Monitor Deflation Thread"   daemon [_thread_blocked, id=13340, stack(0x000000e22cc00000,0x000000e22cd00000) (1024K)]
  0x0000020bf9a53bd0 JavaThread "C2 CompilerThread0"         daemon [_thread_blocked, id=15848, stack(0x000000e22cd00000,0x000000e22ce00000) (1024K)]
  0x0000020bf9a54a10 JavaThread "C1 CompilerThread0"         daemon [_thread_blocked, id=15448, stack(0x000000e22ce00000,0x000000e22cf00000) (1024K)]
  0x0000020bf9b996f0 JavaThread "Notification Thread"        daemon [_thread_blocked, id=19204, stack(0x000000e22cf00000,0x000000e22d000000) (1024K)]
  0x0000020bf9b99d80 JavaThread "Common-Cleaner"             daemon [_thread_blocked, id=27016, stack(0x000000e22d000000,0x000000e22d100000) (1024K)]
  0x0000020bf9b99060 JavaThread "Thread-1"                   daemon [_thread_blocked, id=22792, stack(0x000000e22d200000,0x000000e22d300000) (1024K)]
  0x0000020bf9b9b7c0 JavaThread "Java2D Disposer"            daemon [_thread_blocked, id=1324, stack(0x000000e22e000000,0x000000e22e100000) (1024K)]
  0x0000020bf9b9be50 JavaThread "AWT-Shutdown"                      [_thread_blocked, id=18292, stack(0x000000e22e100000,0x000000e22e200000) (1024K)]
  0x0000020bf9b9aaa0 JavaThread "AWT-Windows"                daemon [_thread_in_native, id=21652, stack(0x000000e22e200000,0x000000e22e300000) (1024K)]
=>0x0000020bff598910 JavaThread "AWT-EventQueue-0"                  [_thread_in_Java, id=8540, stack(0x000000e22e300000,0x000000e22e400000) (1024K)]
  0x0000020bff598fa0 JavaThread "D3D Screen Updater"         daemon [_thread_blocked, id=21464, stack(0x000000e22e700000,0x000000e22e800000) (1024K)]
  0x0000020bff59a9e0 JavaThread "TimerQueue"                 daemon [_thread_blocked, id=22544, stack(0x000000e22dc00000,0x000000e22dd00000) (1024K)]
  0x0000020bff597bf0 JavaThread "Swing-Shell"                daemon [_thread_blocked, id=20936, stack(0x000000e22e840000,0x000000e22e940000) (1024K)]
  0x0000020bff59a350 JavaThread "SwingWorker-pool-2-thread-1" daemon [_thread_blocked, id=28664, stack(0x000000e22ed50000,0x000000e22ee50000) (1024K)]
  0x0000020bff599cc0 JavaThread "JavaCPP Deallocator"        daemon [_thread_blocked, id=14192, stack(0x000000e22ef50000,0x000000e22f050000) (1024K)]
  0x0000020bff59b700 JavaThread "SwingWorker-pool-2-thread-2" daemon [_thread_blocked, id=13228, stack(0x000000e22d100000,0x000000e22d200000) (1024K)]
  0x0000020bff33ead0 JavaThread "SwingWorker-pool-2-thread-3" daemon [_thread_blocked, id=1644, stack(0x000000e231550000,0x000000e231650000) (1024K)]
Total: 23

Other Threads:
  0x0000020bf92c3750 VMThread "VM Thread"                           [id=27500, stack(0x000000e22c600000,0x000000e22c700000) (1024K)]
  0x0000020bf92afce0 WatcherThread "VM Periodic Task Thread"        [id=11456, stack(0x000000e22c500000,0x000000e22c600000) (1024K)]
  0x0000020bd5128720 WorkerThread "GC Thread#0"                     [id=12072, stack(0x000000e22c000000,0x000000e22c100000) (1024K)]
  0x0000020bfea8c2f0 WorkerThread "GC Thread#1"                     [id=26028, stack(0x000000e22d300000,0x000000e22d400000) (1024K)]
  0x0000020bfe882790 WorkerThread "GC Thread#2"                     [id=27308, stack(0x000000e22d400000,0x000000e22d500000) (1024K)]
  0x0000020bfe882b30 WorkerThread "GC Thread#3"                     [id=18224, stack(0x000000e22d500000,0x000000e22d600000) (1024K)]
  0x0000020bff242b40 WorkerThread "GC Thread#4"                     [id=26524, stack(0x000000e22d600000,0x000000e22d700000) (1024K)]
  0x0000020bff2427a0 WorkerThread "GC Thread#5"                     [id=16460, stack(0x000000e22d700000,0x000000e22d800000) (1024K)]
  0x0000020bff243280 WorkerThread "GC Thread#6"                     [id=19928, stack(0x000000e22d800000,0x000000e22d900000) (1024K)]
  0x0000020bff242ee0 WorkerThread "GC Thread#7"                     [id=12308, stack(0x000000e22d900000,0x000000e22da00000) (1024K)]
  0x0000020bff243620 WorkerThread "GC Thread#8"                     [id=17120, stack(0x000000e22da00000,0x000000e22db00000) (1024K)]
  0x0000020bff2439c0 WorkerThread "GC Thread#9"                     [id=24564, stack(0x000000e22db00000,0x000000e22dc00000) (1024K)]
  0x0000020bd5139f60 ConcurrentGCThread "G1 Main Marker"            [id=27568, stack(0x000000e22c100000,0x000000e22c200000) (1024K)]
  0x0000020bd513b110 WorkerThread "G1 Conc#0"                       [id=11788, stack(0x000000e22c200000,0x000000e22c300000) (1024K)]
  0x0000020bfe9f9580 WorkerThread "G1 Conc#1"                       [id=21636, stack(0x000000e22e400000,0x000000e22e500000) (1024K)]
  0x0000020bfe9f7c20 WorkerThread "G1 Conc#2"                       [id=28144, stack(0x000000e22e500000,0x000000e22e600000) (1024K)]
  0x0000020bf91731e0 ConcurrentGCThread "G1 Refine#0"               [id=22672, stack(0x000000e22c300000,0x000000e22c400000) (1024K)]
  0x0000020bf9173b60 ConcurrentGCThread "G1 Service"                [id=16628, stack(0x000000e22c400000,0x000000e22c500000) (1024K)]
Total: 18

Threads with active compile tasks:
Total: 0

VM state: not at safepoint (normal execution)

VM Mutex/Monitor currently owned by a thread: None

Heap address: 0x0000000600c00000, size: 8180 MB, Compressed Oops mode: Zero based, Oop shift amount: 3

CDS archive(s) mapped at: [0x0000020b80000000-0x0000020b80c80000-0x0000020b80c80000), size 13107200, SharedBaseAddress: 0x0000020b80000000, ArchiveRelocationMode: 1.
Compressed class space mapped at: 0x0000020b81000000-0x0000020bc1000000, reserved size: 1073741824
Narrow klass base: 0x0000020b80000000, Narrow klass shift: 0, Narrow klass range: 0x100000000

GC Precious Log:
 CardTable entry size: 512
 Card Set container configuration: InlinePtr #cards 4 size 8 Array Of Cards #cards 32 size 80 Howl #buckets 8 coarsen threshold 7372 Howl Bitmap #cards 1024 size 144 coarsen threshold 921 Card regions per heap region 1 cards per card region 8192
 CPUs: 12 total, 12 available
 Memory: 32719M
 Large Page Support: Disabled
 NUMA Support: Disabled
 Compressed Oops: Enabled (Zero based)
 Heap Region Size: 4M
 Heap Min Capacity: 8M
 Heap Initial Capacity: 512M
 Heap Max Capacity: 8180M
 Pre-touch: Disabled
 Parallel Workers: 10
 Concurrent Workers: 3
 Concurrent Refinement Workers: 10
 Periodic GC: Disabled

Heap:
 garbage-first heap   total 98304K, used 24008K [0x0000000600c00000, 0x0000000800000000)
  region size 4096K, 1 young (4096K), 0 survivors (0K)
 Metaspace       used 38479K, committed 38784K, reserved 1114112K
  class space    used 3896K, committed 4032K, reserved 1048576K

Heap Regions: E=young(eden), S=young(survivor), O=old, HS=humongous(starts), HC=humongous(continues), CS=collection set, F=free, TAMS=top-at-mark-start, PB=parsable bottom
|   0|0x0000000600c00000, 0x0000000600fbbcd8, 0x0000000601000000| 93%| O|  |TAMS 0x0000000600c00000| PB 0x0000000600c00000| Untracked 
|   1|0x0000000601000000, 0x0000000601400000, 0x0000000601400000|100%| O|  |TAMS 0x0000000601000000| PB 0x0000000601000000| Untracked 
|   2|0x0000000601400000, 0x0000000601800000, 0x0000000601800000|100%| O|  |TAMS 0x0000000601400000| PB 0x0000000601400000| Untracked 
|   3|0x0000000601800000, 0x0000000601c00000, 0x0000000601c00000|100%| O|  |TAMS 0x0000000601800000| PB 0x0000000601800000| Untracked 
|   4|0x0000000601c00000, 0x0000000601f43af8, 0x0000000602000000| 81%| O|  |TAMS 0x0000000601c00000| PB 0x0000000601c00000| Untracked 
|   5|0x0000000602000000, 0x00000006022b1c80, 0x0000000602400000| 67%| O|  |TAMS 0x0000000602000000| PB 0x0000000602000000| Untracked 
|   6|0x0000000602400000, 0x00000006025c0bc8, 0x0000000602800000| 43%| O|  |TAMS 0x0000000602400000| PB 0x0000000602400000| Untracked 
|   7|0x0000000602800000, 0x0000000602800000, 0x0000000602c00000|  0%| F|  |TAMS 0x0000000602800000| PB 0x0000000602800000| Untracked 
|   8|0x0000000602c00000, 0x0000000602c00000, 0x0000000603000000|  0%| F|  |TAMS 0x0000000602c00000| PB 0x0000000602c00000| Untracked 
|   9|0x0000000603000000, 0x0000000603000000, 0x0000000603400000|  0%| F|  |TAMS 0x0000000603000000| PB 0x0000000603000000| Untracked 
|  10|0x0000000603400000, 0x0000000603400000, 0x0000000603800000|  0%| F|  |TAMS 0x0000000603400000| PB 0x0000000603400000| Untracked 
|  11|0x0000000603800000, 0x0000000603800000, 0x0000000603c00000|  0%| F|  |TAMS 0x0000000603800000| PB 0x0000000603800000| Untracked 
|  12|0x0000000603c00000, 0x0000000603c00000, 0x0000000604000000|  0%| F|  |TAMS 0x0000000603c00000| PB 0x0000000603c00000| Untracked 
|  13|0x0000000604000000, 0x0000000604000000, 0x0000000604400000|  0%| F|  |TAMS 0x0000000604000000| PB 0x0000000604000000| Untracked 
|  14|0x0000000604400000, 0x0000000604400000, 0x0000000604800000|  0%| F|  |TAMS 0x0000000604400000| PB 0x0000000604400000| Untracked 
|  15|0x0000000604800000, 0x0000000604800000, 0x0000000604c00000|  0%| F|  |TAMS 0x0000000604800000| PB 0x0000000604800000| Untracked 
|  16|0x0000000604c00000, 0x0000000604c00000, 0x0000000605000000|  0%| F|  |TAMS 0x0000000604c00000| PB 0x0000000604c00000| Untracked 
|  17|0x0000000605000000, 0x0000000605000000, 0x0000000605400000|  0%| F|  |TAMS 0x0000000605000000| PB 0x0000000605000000| Untracked 
|  18|0x0000000605400000, 0x0000000605400000, 0x0000000605800000|  0%| F|  |TAMS 0x0000000605400000| PB 0x0000000605400000| Untracked 
|  19|0x0000000605800000, 0x0000000605800000, 0x0000000605c00000|  0%| F|  |TAMS 0x0000000605800000| PB 0x0000000605800000| Untracked 
|  20|0x0000000605c00000, 0x0000000605c00000, 0x0000000606000000|  0%| F|  |TAMS 0x0000000605c00000| PB 0x0000000605c00000| Untracked 
|  21|0x0000000606000000, 0x0000000606000000, 0x0000000606400000|  0%| F|  |TAMS 0x0000000606000000| PB 0x0000000606000000| Untracked 
|  22|0x0000000606400000, 0x0000000606400000, 0x0000000606800000|  0%| F|  |TAMS 0x0000000606400000| PB 0x0000000606400000| Untracked 
|  23|0x0000000606800000, 0x000000060699e970, 0x0000000606c00000| 40%| E|  |TAMS 0x0000000606800000| PB 0x0000000606800000| Complete 

Card table byte_map: [0x0000020bedcd0000,0x0000020beecd0000] _byte_map_base: 0x0000020beacca000

Marking Bits: (CMBitMap*) 0x0000020bd5129540
 Bits: [0x0000020beecd0000, 0x0000020bf6ca0000)

Polling page: 0x0000020bd3090000

Metaspace:

Usage:
  Non-class:     33.77 MB used.
      Class:      3.81 MB used.
       Both:     37.58 MB used.

Virtual space:
  Non-class space:       64.00 MB reserved,      33.94 MB ( 53%) committed,  1 nodes.
      Class space:        1.00 GB reserved,       3.94 MB ( <1%) committed,  1 nodes.
             Both:        1.06 GB reserved,      37.88 MB (  3%) committed. 

Chunk freelists:
   Non-Class:  13.94 MB
       Class:  12.08 MB
        Both:  26.02 MB

MaxMetaspaceSize: unlimited
CompressedClassSpaceSize: 1.00 GB
Initial GC threshold: 21.00 MB
Current GC threshold: 63.12 MB
CDS: on
 - commit_granule_bytes: 65536.
 - commit_granule_words: 8192.
 - virtual_space_node_default_size: 8388608.
 - enlarge_chunks_in_place: 1.
 - use_allocation_guard: 0.


Internal statistics:

num_allocs_failed_limit: 6.
num_arena_births: 366.
num_arena_deaths: 0.
num_vsnodes_births: 2.
num_vsnodes_deaths: 0.
num_space_committed: 604.
num_space_uncommitted: 0.
num_chunks_returned_to_freelist: 6.
num_chunks_taken_from_freelist: 1305.
num_chunk_merges: 3.
num_chunk_splits: 950.
num_chunks_enlarged: 760.
num_inconsistent_stats: 0.

CodeHeap 'non-profiled nmethods': size=120000Kb used=3717Kb max_used=4288Kb free=116282Kb
 bounds [0x0000020be5240000, 0x0000020be5680000, 0x0000020bec770000]
CodeHeap 'profiled nmethods': size=120000Kb used=12098Kb max_used=14965Kb free=107901Kb
 bounds [0x0000020bdd770000, 0x0000020bde610000, 0x0000020be4ca0000]
CodeHeap 'non-nmethods': size=5760Kb used=2559Kb max_used=2596Kb free=3201Kb
 bounds [0x0000020be4ca0000, 0x0000020be4f30000, 0x0000020be5240000]
 total_blobs=7362 nmethods=5988 adapters=1278
 compilation: enabled
              stopped_count=0, restarted_count=0
 full_count=0

Compilation events (20 events):
Event: 32.116 Thread 0x0000020bf9a53bd0 7230 %     4       javax.swing.plaf.basic.BasicGraphicsUtils::drawDashedRect @ 43 (81 bytes)
Event: 32.117 Thread 0x0000020bf9a53bd0 nmethod 7230% 0x0000020be5317610 code [0x0000020be53177c0, 0x0000020be53179a0]
Event: 32.178 Thread 0x0000020bf9a53bd0 7231       4       sun.java2d.StateTrackableDelegate$1::isCurrent (17 bytes)
Event: 32.178 Thread 0x0000020bf9a53bd0 nmethod 7231 0x0000020be5317310 code [0x0000020be53174a0, 0x0000020be5317550]
Event: 32.756 Thread 0x0000020bf9a53bd0 7232  s    4       com.sun.java.swing.plaf.windows.XPStyle::getXP (99 bytes)
Event: 32.757 Thread 0x0000020bf9a53bd0 nmethod 7232 0x0000020be5316e90 code [0x0000020be5317020, 0x0000020be5317250]
Event: 32.757 Thread 0x0000020bf9a53bd0 7233       4       java.util.HashMap$HashIterator::<init> (79 bytes)
Event: 32.760 Thread 0x0000020bf9a53bd0 nmethod 7233 0x0000020be5316790 code [0x0000020be5316940, 0x0000020be5316d40]
Event: 326.628 Thread 0x0000020bf9a53bd0 7234   !   4       java.lang.Object::wait (50 bytes)
Event: 326.630 Thread 0x0000020bf9a53bd0 nmethod 7234 0x0000020be533f590 code [0x0000020be533f760, 0x0000020be533f920]
Event: 344.472 Thread 0x0000020bf9a53bd0 7235   !   4       sun.java2d.SunGraphics2D::validateCompClip (186 bytes)
Event: 344.479 Thread 0x0000020bf9a53bd0 nmethod 7235 0x0000020be533e590 code [0x0000020be533e7a0, 0x0000020be533efa8]
Event: 344.800 Thread 0x0000020bf9a53bd0 7237       4       sun.awt.AWTAutoShutdown::notifyToolkitThreadBusy (8 bytes)
Event: 344.802 Thread 0x0000020bf9a53bd0 nmethod 7237 0x0000020be54b1d90 code [0x0000020be54b1f40, 0x0000020be54b23e0]
Event: 344.808 Thread 0x0000020bf9a53bd0 7238       4       sun.awt.AWTAutoShutdown::notifyToolkitThreadFree (8 bytes)
Event: 344.809 Thread 0x0000020bf9a53bd0 nmethod 7238 0x0000020be54b1510 code [0x0000020be54b16c0, 0x0000020be54b1b28]
Event: 344.811 Thread 0x0000020bf9a53bd0 7239       4       java.awt.EventQueue::getNextEventPrivate (76 bytes)
Event: 344.816 Thread 0x0000020bf9a53bd0 nmethod 7239 0x0000020be534e110 code [0x0000020be534e2c0, 0x0000020be534e7c8]
Event: 344.984 Thread 0x0000020bf9a53bd0 7240       4       sun.awt.SunHints$Value::hashCode (5 bytes)
Event: 344.984 Thread 0x0000020bf9a53bd0 nmethod 7240 0x0000020be533e290 code [0x0000020be533e420, 0x0000020be533e4f8]

GC Heap History (20 events):
Event: 18.981 GC heap before
{Heap before GC invocations=8 (full 0):
 garbage-first heap   total 90112K, used 65578K [0x0000000600c00000, 0x0000000800000000)
  region size 4096K, 13 young (53248K), 2 survivors (8192K)
 Metaspace       used 35442K, committed 35776K, reserved 1114112K
  class space    used 3550K, committed 3712K, reserved 1048576K
}
Event: 18.984 GC heap after
{Heap after GC invocations=9 (full 0):
 garbage-first heap   total 90112K, used 19821K [0x0000000600c00000, 0x0000000800000000)
  region size 4096K, 1 young (4096K), 1 survivors (4096K)
 Metaspace       used 35442K, committed 35776K, reserved 1114112K
  class space    used 3550K, committed 3712K, reserved 1048576K
}
Event: 19.152 GC heap before
{Heap before GC invocations=9 (full 0):
 garbage-first heap   total 90112K, used 68973K [0x0000000600c00000, 0x0000000800000000)
  region size 4096K, 13 young (53248K), 1 survivors (4096K)
 Metaspace       used 35442K, committed 35776K, reserved 1114112K
  class space    used 3550K, committed 3712K, reserved 1048576K
}
Event: 19.155 GC heap after
{Heap after GC invocations=10 (full 0):
 garbage-first heap   total 90112K, used 19950K [0x0000000600c00000, 0x0000000800000000)
  region size 4096K, 1 young (4096K), 1 survivors (4096K)
 Metaspace       used 35442K, committed 35776K, reserved 1114112K
  class space    used 3550K, committed 3712K, reserved 1048576K
}
Event: 19.299 GC heap before
{Heap before GC invocations=10 (full 0):
 garbage-first heap   total 90112K, used 60910K [0x0000000600c00000, 0x0000000800000000)
  region size 4096K, 12 young (49152K), 1 survivors (4096K)
 Metaspace       used 35591K, committed 35968K, reserved 1114112K
  class space    used 3567K, committed 3776K, reserved 1048576K
}
Event: 19.301 GC heap after
{Heap after GC invocations=11 (full 0):
 garbage-first heap   total 90112K, used 19847K [0x0000000600c00000, 0x0000000800000000)
  region size 4096K, 1 young (4096K), 1 survivors (4096K)
 Metaspace       used 35591K, committed 35968K, reserved 1114112K
  class space    used 3567K, committed 3776K, reserved 1048576K
}
Event: 20.173 GC heap before
{Heap before GC invocations=12 (full 0):
 garbage-first heap   total 69632K, used 60807K [0x0000000600c00000, 0x0000000800000000)
  region size 4096K, 12 young (49152K), 1 survivors (4096K)
 Metaspace       used 37094K, committed 37440K, reserved 1114112K
  class space    used 3788K, committed 3968K, reserved 1048576K
}
Event: 20.228 GC heap after
{Heap after GC invocations=13 (full 1):
 garbage-first heap   total 69632K, used 22688K [0x0000000600c00000, 0x0000000800000000)
  region size 4096K, 0 young (0K), 0 survivors (0K)
 Metaspace       used 37094K, committed 37440K, reserved 1114112K
  class space    used 3788K, committed 3968K, reserved 1048576K
}
Event: 22.456 GC heap before
{Heap before GC invocations=13 (full 1):
 garbage-first heap   total 69632K, used 22688K [0x0000000600c00000, 0x0000000800000000)
  region size 4096K, 1 young (4096K), 0 survivors (0K)
 Metaspace       used 37191K, committed 37568K, reserved 1114112K
  class space    used 3793K, committed 3968K, reserved 1048576K
}
Event: 22.505 GC heap after
{Heap after GC invocations=14 (full 2):
 garbage-first heap   total 69632K, used 22648K [0x0000000600c00000, 0x0000000800000000)
  region size 4096K, 0 young (0K), 0 survivors (0K)
 Metaspace       used 37191K, committed 37568K, reserved 1114112K
  class space    used 3793K, committed 3968K, reserved 1048576K
}
Event: 22.536 GC heap before
{Heap before GC invocations=14 (full 2):
 garbage-first heap   total 69632K, used 22648K [0x0000000600c00000, 0x0000000800000000)
  region size 4096K, 1 young (4096K), 0 survivors (0K)
 Metaspace       used 37202K, committed 37568K, reserved 1114112K
  class space    used 3795K, committed 3968K, reserved 1048576K
}
Event: 22.586 GC heap after
{Heap after GC invocations=15 (full 3):
 garbage-first heap   total 69632K, used 22660K [0x0000000600c00000, 0x0000000800000000)
  region size 4096K, 0 young (0K), 0 survivors (0K)
 Metaspace       used 37202K, committed 37568K, reserved 1114112K
  class space    used 3795K, committed 3968K, reserved 1048576K
}
Event: 24.815 GC heap before
{Heap before GC invocations=15 (full 3):
 garbage-first heap   total 69632K, used 59524K [0x0000000600c00000, 0x0000000800000000)
  region size 4096K, 9 young (36864K), 0 survivors (0K)
 Metaspace       used 37778K, committed 38144K, reserved 1114112K
  class space    used 3831K, committed 4032K, reserved 1048576K
}
Event: 24.817 GC heap after
{Heap after GC invocations=16 (full 3):
 garbage-first heap   total 299008K, used 23255K [0x0000000600c00000, 0x0000000800000000)
  region size 4096K, 1 young (4096K), 1 survivors (4096K)
 Metaspace       used 37778K, committed 38144K, reserved 1114112K
  class space    used 3831K, committed 4032K, reserved 1048576K
}
Event: 30.063 GC heap before
{Heap before GC invocations=16 (full 3):
 garbage-first heap   total 299008K, used 56023K [0x0000000600c00000, 0x0000000800000000)
  region size 4096K, 11 young (45056K), 1 survivors (4096K)
 Metaspace       used 38460K, committed 38784K, reserved 1114112K
  class space    used 3896K, committed 4032K, reserved 1048576K
}
Event: 30.083 GC heap after
{Heap after GC invocations=17 (full 4):
 garbage-first heap   total 122880K, used 24032K [0x0000000600c00000, 0x0000000800000000)
  region size 4096K, 0 young (0K), 0 survivors (0K)
 Metaspace       used 38460K, committed 38784K, reserved 1114112K
  class space    used 3896K, committed 4032K, reserved 1048576K
}
Event: 30.084 GC heap before
{Heap before GC invocations=17 (full 4):
 garbage-first heap   total 122880K, used 24032K [0x0000000600c00000, 0x0000000800000000)
  region size 4096K, 1 young (4096K), 0 survivors (0K)
 Metaspace       used 38460K, committed 38784K, reserved 1114112K
  class space    used 3896K, committed 4032K, reserved 1048576K
}
Event: 30.115 GC heap after
{Heap after GC invocations=18 (full 5):
 garbage-first heap   total 98304K, used 24013K [0x0000000600c00000, 0x0000000800000000)
  region size 4096K, 0 young (0K), 0 survivors (0K)
 Metaspace       used 38460K, committed 38784K, reserved 1114112K
  class space    used 3896K, committed 4032K, reserved 1048576K
}
Event: 30.116 GC heap before
{Heap before GC invocations=18 (full 5):
 garbage-first heap   total 98304K, used 24013K [0x0000000600c00000, 0x0000000800000000)
  region size 4096K, 1 young (4096K), 0 survivors (0K)
 Metaspace       used 38460K, committed 38784K, reserved 1114112K
  class space    used 3896K, committed 4032K, reserved 1048576K
}
Event: 30.144 GC heap after
{Heap after GC invocations=19 (full 6):
 garbage-first heap   total 98304K, used 24008K [0x0000000600c00000, 0x0000000800000000)
  region size 4096K, 0 young (0K), 0 survivors (0K)
 Metaspace       used 38460K, committed 38784K, reserved 1114112K
  class space    used 3896K, committed 4032K, reserved 1048576K
}

Dll operation events (20 events):
Event: 18.383 Loaded shared library C:\Users\ethan\.javacpp\cache\ffmpeg-6.0-1.5.9-windows-x86_64.jar\org\bytedeco\ffmpeg\windows-x86_64\swresample-4.dll
Event: 18.395 Loaded shared library C:\Users\ethan\.javacpp\cache\ffmpeg-6.0-1.5.9-windows-x86_64.jar\org\bytedeco\ffmpeg\windows-x86_64\jniswresample.dll
Event: 18.428 Loaded shared library C:\Users\ethan\.javacpp\cache\ffmpeg-6.0-1.5.9-windows-x86_64.jar\org\bytedeco\ffmpeg\windows-x86_64\avcodec-60.dll
Event: 18.440 Loaded shared library C:\Users\ethan\.javacpp\cache\ffmpeg-6.0-1.5.9-windows-x86_64.jar\org\bytedeco\ffmpeg\windows-x86_64\jniavcodec.dll
Event: 18.482 Loaded shared library C:\Users\ethan\.javacpp\cache\ffmpeg-6.0-1.5.9-windows-x86_64.jar\org\bytedeco\ffmpeg\windows-x86_64\avformat-60.dll
Event: 18.505 Loaded shared library C:\Users\ethan\.javacpp\cache\ffmpeg-6.0-1.5.9-windows-x86_64.jar\org\bytedeco\ffmpeg\windows-x86_64\jniavformat.dll
Event: 18.538 Loaded shared library C:\Users\ethan\.javacpp\cache\ffmpeg-6.0-1.5.9-windows-x86_64.jar\org\bytedeco\ffmpeg\windows-x86_64\swscale-7.dll
Event: 18.549 Loaded shared library C:\Users\ethan\.javacpp\cache\ffmpeg-6.0-1.5.9-windows-x86_64.jar\org\bytedeco\ffmpeg\windows-x86_64\jniswscale.dll
Event: 18.607 Loaded shared library C:\Users\ethan\.javacpp\cache\ffmpeg-6.0-1.5.9-windows-x86_64.jar\org\bytedeco\ffmpeg\windows-x86_64\avfilter-9.dll
Event: 18.618 Loaded shared library C:\Users\ethan\.javacpp\cache\ffmpeg-6.0-1.5.9-windows-x86_64.jar\org\bytedeco\ffmpeg\windows-x86_64\jniavfilter.dll
Event: 18.639 Loaded shared library C:\Users\ethan\.javacpp\cache\ffmpeg-6.0-1.5.9-windows-x86_64.jar\org\bytedeco\ffmpeg\windows-x86_64\avdevice-60.dll
Event: 18.650 Loaded shared library C:\Users\ethan\.javacpp\cache\ffmpeg-6.0-1.5.9-windows-x86_64.jar\org\bytedeco\ffmpeg\windows-x86_64\jniavdevice.dll
Event: 18.858 Loaded shared library C:\Users\ethan\.javacpp\cache\openblas-0.3.23-1.5.9-windows-x86_64.jar\org\bytedeco\openblas\windows-x86_64\libopenblas_nolapack.dll
Event: 18.867 Loaded shared library C:\Users\ethan\.javacpp\cache\openblas-0.3.23-1.5.9-windows-x86_64.jar\org\bytedeco\openblas\windows-x86_64\jniopenblas_nolapack.dll
Event: 18.933 Loaded shared library C:\Users\ethan\.javacpp\cache\openblas-0.3.23-1.5.9-windows-x86_64.jar\org\bytedeco\openblas\windows-x86_64\libopenblas.dll
Event: 18.943 Loaded shared library C:\Users\ethan\.javacpp\cache\openblas-0.3.23-1.5.9-windows-x86_64.jar\org\bytedeco\openblas\windows-x86_64\jniopenblas.dll
Event: 19.261 Loaded shared library C:\Users\ethan\.javacpp\cache\opencv-4.9.0-1.5.10-windows-x86_64.jar\org\bytedeco\opencv\windows-x86_64\opencv_core490.dll
Event: 19.277 Loaded shared library C:\Users\ethan\.javacpp\cache\opencv-4.9.0-1.5.10-windows-x86_64.jar\org\bytedeco\opencv\windows-x86_64\opencv_imgproc490.dll
Event: 19.293 Loaded shared library C:\Users\ethan\.javacpp\cache\opencv-4.9.0-1.5.10-windows-x86_64.jar\org\bytedeco\opencv\windows-x86_64\jniopencv_core.dll
Event: 22.688 Loaded shared library C:\Users\ethan\.javacpp\cache\opencv-4.9.0-1.5.10-windows-x86_64.jar\org\bytedeco\opencv\windows-x86_64\jniopencv_imgproc.dll

Deoptimization events (20 events):
Event: 27.425 Thread 0x0000020bff598910 DEOPT PACKING pc=0x0000020bddd0ce98 sp=0x000000e22e3fca50
Event: 27.425 Thread 0x0000020bff598910 DEOPT UNPACKING pc=0x0000020be4cf4e42 sp=0x000000e22e3fbe30 mode 0
Event: 27.431 Thread 0x0000020bff598910 DEOPT PACKING pc=0x0000020bddd0ce98 sp=0x000000e22e3fca50
Event: 27.431 Thread 0x0000020bff598910 DEOPT UNPACKING pc=0x0000020be4cf4e42 sp=0x000000e22e3fbe30 mode 0
Event: 27.446 Thread 0x0000020bff598910 DEOPT PACKING pc=0x0000020bddd0cdc7 sp=0x000000e22e3fca50
Event: 27.446 Thread 0x0000020bff598910 DEOPT UNPACKING pc=0x0000020be4cf4e42 sp=0x000000e22e3fbe30 mode 0
Event: 27.452 Thread 0x0000020bff598910 DEOPT PACKING pc=0x0000020bddd0ce98 sp=0x000000e22e3fca50
Event: 27.452 Thread 0x0000020bff598910 DEOPT UNPACKING pc=0x0000020be4cf4e42 sp=0x000000e22e3fbe30 mode 0
Event: 27.465 Thread 0x0000020bff598910 DEOPT PACKING pc=0x0000020bddd0cdc7 sp=0x000000e22e3fca50
Event: 27.465 Thread 0x0000020bff598910 DEOPT UNPACKING pc=0x0000020be4cf4e42 sp=0x000000e22e3fbe30 mode 0
Event: 27.470 Thread 0x0000020bff598910 DEOPT PACKING pc=0x0000020bddd0cdc7 sp=0x000000e22e3fca50
Event: 27.470 Thread 0x0000020bff598910 DEOPT UNPACKING pc=0x0000020be4cf4e42 sp=0x000000e22e3fbe30 mode 0
Event: 27.475 Thread 0x0000020bff598910 DEOPT PACKING pc=0x0000020bddd0ce98 sp=0x000000e22e3fca50
Event: 27.475 Thread 0x0000020bff598910 DEOPT UNPACKING pc=0x0000020be4cf4e42 sp=0x000000e22e3fbe30 mode 0
Event: 27.475 Thread 0x0000020bff598910 DEOPT PACKING pc=0x0000020bddd0cdc7 sp=0x000000e22e3fca50
Event: 27.475 Thread 0x0000020bff598910 DEOPT UNPACKING pc=0x0000020be4cf4e42 sp=0x000000e22e3fbe30 mode 0
Event: 30.056 Thread 0x0000020bff598910 Uncommon trap: trap_request=0xffffff45 fr.pc=0x0000020be541ecc0 relative=0x0000000000000a60
Event: 30.056 Thread 0x0000020bff598910 Uncommon trap: reason=unstable_if action=reinterpret pc=0x0000020be541ecc0 method=com.editor.BackgroundRemover.createMaskVisualization()Lorg/bytedeco/javacv/Frame; @ 150 c2
Event: 30.056 Thread 0x0000020bff598910 DEOPT PACKING pc=0x0000020be541ecc0 sp=0x000000e22e3fd8c0
Event: 30.056 Thread 0x0000020bff598910 DEOPT UNPACKING pc=0x0000020be4cf46a2 sp=0x000000e22e3fd878 mode 2

Classes loaded (20 events):
Event: 24.924 Loading class sun/java2d/marlin/DMarlinRenderingEngine$NormMode$3
Event: 24.924 Loading class sun/java2d/marlin/DMarlinRenderingEngine$NormMode$3 done
Event: 24.925 Loading class java/awt/geom/EllipseIterator
Event: 24.925 Loading class java/awt/geom/EllipseIterator done
Event: 24.925 Loading class sun/java2d/marlin/Helpers
Event: 24.925 Loading class sun/java2d/marlin/Helpers done
Event: 24.925 Loading class java/lang/FdLibm$Cbrt
Event: 24.925 Loading class java/lang/FdLibm$Cbrt done
Event: 24.925 Loading class java/lang/FdLibm
Event: 24.925 Loading class java/lang/FdLibm done
Event: 24.926 Loading class sun/java2d/marlin/ArrayCacheConst
Event: 24.926 Loading class sun/java2d/marlin/ArrayCacheConst done
Event: 24.937 Loading class java/util/Vector$1
Event: 24.938 Loading class java/util/Vector$1 done
Event: 24.938 Loading class javax/swing/JToggleButton$1
Event: 24.939 Loading class javax/swing/JToggleButton$1 done
Event: 27.169 Loading class java/lang/FdLibm$Acos
Event: 27.169 Loading class java/lang/FdLibm$Acos done
Event: 29.890 Loading class java/security/DomainCombiner
Event: 29.890 Loading class java/security/DomainCombiner done

Classes unloaded (0 events):
No events

Classes redefined (0 events):
No events

Internal exceptions (20 events):
Event: 3.317 Thread 0x0000020bd2ee0070 Exception <a 'java/lang/NoSuchMethodError'{0x000000061f9309f8}: 'long java.lang.invoke.DelegatingMethodHandle$Holder.reinvoke_L(java.lang.Object, java.lang.Object)'> (0x000000061f9309f8) 
thrown [s\src\hotspot\share\interpreter\linkResolver.cpp, line 773]
Event: 3.318 Thread 0x0000020bd2ee0070 Exception <a 'java/lang/NoSuchMethodError'{0x000000061f93a840}: 'void java.lang.invoke.DelegatingMethodHandle$Holder.reinvoke_L(java.lang.Object, java.lang.Object, long)'> (0x000000061f93a840) 
thrown [s\src\hotspot\share\interpreter\linkResolver.cpp, line 773]
Event: 3.421 Thread 0x0000020bf9b9b130 Exception <a 'java/lang/NoSuchMethodError'{0x000000061ec9c330}: 'void java.lang.invoke.Invokers$Holder.invoke_MT(java.lang.Object, java.lang.Object, java.lang.Object)'> (0x000000061ec9c330) 
thrown [s\src\hotspot\share\interpreter\linkResolver.cpp, line 773]
Event: 3.429 Thread 0x0000020bf9b9b130 Exception <a 'java/lang/ClassNotFoundException'{0x000000061ecd6318}: sun/awt/resources/spi/awtProvider> (0x000000061ecd6318) 
thrown [s\src\hotspot\share\classfile\systemDictionary.cpp, line 312]
Event: 3.437 Thread 0x0000020bf9b9b130 Exception <a 'java/io/FileNotFoundException'{0x000000061ed10b90}> (0x000000061ed10b90) 
thrown [s\src\hotspot\share\prims\jni.cpp, line 520]
Event: 3.440 Thread 0x0000020bf9b9b130 Exception <a 'java/io/FileNotFoundException'{0x000000061ed3b248}> (0x000000061ed3b248) 
thrown [s\src\hotspot\share\prims\jni.cpp, line 520]
Event: 3.505 Thread 0x0000020bf9b9b130 Exception <a 'java/lang/NoSuchMethodError'{0x000000061ef218f0}: 'void java.lang.invoke.DirectMethodHandle$Holder.invokeStaticInit(java.lang.Object)'> (0x000000061ef218f0) 
thrown [s\src\hotspot\share\interpreter\linkResolver.cpp, line 773]
Event: 3.512 Thread 0x0000020bf9b9b130 Exception <a 'java/lang/NoSuchMethodError'{0x000000061ef6b0d0}: 'java.lang.Object java.lang.invoke.DirectMethodHandle$Holder.invokeStatic(java.lang.Object, int, java.lang.Object)'> (0x000000061ef6b0d0) 
thrown [s\src\hotspot\share\interpreter\linkResolver.cpp, line 773]
Event: 3.525 Thread 0x0000020bf9b9b130 Exception <a 'java/lang/ClassNotFoundException'{0x000000061efdd260}: com/sun/java/swing/plaf/windows/resources/spi/windowsProvider> (0x000000061efdd260) 
thrown [s\src\hotspot\share\classfile\systemDictionary.cpp, line 312]
Event: 3.526 Thread 0x0000020bf9b9b130 Exception <a 'java/lang/ClassNotFoundException'{0x000000061efe1418}: com/sun/swing/internal/plaf/basic/resources/spi/basicProvider> (0x000000061efe1418) 
thrown [s\src\hotspot\share\classfile\systemDictionary.cpp, line 312]
Event: 3.529 Thread 0x0000020bf9b9b130 Exception <a 'java/lang/NoSuchMethodError'{0x000000061efeeef0}: 'java.lang.Object java.lang.invoke.DirectMethodHandle$Holder.invokeStatic(java.lang.Object, java.lang.Object, int, java.lang.Object)'> (0x000000061efeeef0) 
thrown [s\src\hotspot\share\interpreter\linkResolver.cpp, line 773]
Event: 3.530 Thread 0x0000020bf9b9b130 Exception <a 'java/lang/NoSuchMethodError'{0x000000061eff50f8}: 'java.lang.Object java.lang.invoke.DirectMethodHandle$Holder.newInvokeSpecial(java.lang.Object, java.lang.Object, int)'> (0x000000061eff50f8) 
thrown [s\src\hotspot\share\interpreter\linkResolver.cpp, line 773]
Event: 3.831 Thread 0x0000020bff598910 Exception <a 'java/lang/NoSuchMethodError'{0x000000062084e080}: 'int java.lang.invoke.Invokers$Holder.invokeExact_MT(java.lang.Object, java.lang.Object)'> (0x000000062084e080) 
thrown [s\src\hotspot\share\interpreter\linkResolver.cpp, line 773]
Event: 15.562 Thread 0x0000020bff598910 Implicit null exception at 0x0000020be54696f6 to 0x0000020be54699b3
Event: 15.570 Thread 0x0000020bff59b700 Exception <a 'java/lang/NoSuchMethodError'{0x00000006037cb2b0}: 'java.lang.Object java.lang.invoke.DirectMethodHandle$Holder.newInvokeSpecial(java.lang.Object, java.lang.Object, java.lang.Object, int, int, int, int, int)'> (0x00000006037cb2b0) 
thrown [s\src\hotspot\share\interpreter\linkResolver.cpp, line 773]
Event: 16.144 Thread 0x0000020bff598910 Implicit null exception at 0x0000020be559b83e to 0x0000020be559baa4
Event: 16.188 Thread 0x0000020bff598910 Exception <a 'java/lang/NoSuchMethodError'{0x0000000603072e78}: 'int java.lang.invoke.DirectMethodHandle$Holder.invokeStatic(java.lang.Object)'> (0x0000000603072e78) 
thrown [s\src\hotspot\share\interpreter\linkResolver.cpp, line 773]
Event: 16.213 Thread 0x0000020bff598910 Exception <a 'java/lang/NoSuchMethodError'{0x00000006030badd8}: 'java.lang.Object java.lang.invoke.DirectMethodHandle$Holder.newInvokeSpecial(java.lang.Object, int, java.lang.Object)'> (0x00000006030badd8) 
thrown [s\src\hotspot\share\interpreter\linkResolver.cpp, line 773]
Event: 18.057 Thread 0x0000020bff59a350 Exception <a 'java/lang/NoSuchMethodError'{0x0000000602423580}: 'int java.lang.invoke.DirectMethodHandle$Holder.invokeStaticInit(java.lang.Object, java.lang.Object, java.lang.Object, java.lang.Object)'> (0x0000000602423580) 
thrown [s\src\hotspot\share\interpreter\linkResolver.cpp, line 773]
Event: 18.057 Thread 0x0000020bff59a350 Exception <a 'java/lang/IncompatibleClassChangeError'{0x000000060242b910}: Found class java.lang.Object, but interface was expected> (0x000000060242b910) 
thrown [s\src\hotspot\share\interpreter\linkResolver.cpp, line 840]

ZGC Phase Switch (0 events):
No events

VM Operations (20 events):
Event: 29.938 Executing VM operation: Cleanup
Event: 29.938 Executing VM operation: Cleanup done
Event: 30.063 Executing VM operation: G1CollectFull (System.gc())
Event: 30.083 Executing VM operation: G1CollectFull (System.gc()) done
Event: 30.084 Executing VM operation: G1CollectFull (System.gc())
Event: 30.116 Executing VM operation: G1CollectFull (System.gc()) done
Event: 30.116 Executing VM operation: G1CollectFull (System.gc())
Event: 30.144 Executing VM operation: G1CollectFull (System.gc()) done
Event: 31.145 Executing VM operation: Cleanup
Event: 31.145 Executing VM operation: Cleanup done
Event: 32.152 Executing VM operation: Cleanup
Event: 32.152 Executing VM operation: Cleanup done
Event: 33.155 Executing VM operation: Cleanup
Event: 33.155 Executing VM operation: Cleanup done
Event: 60.199 Executing VM operation: HandshakeAllThreads (HandshakeForDeflation)
Event: 60.200 Executing VM operation: HandshakeAllThreads (HandshakeForDeflation) done
Event: 60.200 Executing VM operation: RendezvousGCThreads
Event: 60.200 Executing VM operation: RendezvousGCThreads done
Event: 345.059 Executing VM operation: Cleanup
Event: 345.059 Executing VM operation: Cleanup done

Memory protections (0 events):
No events

Nmethod flushes (20 events):
Event: 30.101 Thread 0x0000020bf92c3750 flushing  nmethod 0x0000020bdde32710
Event: 30.101 Thread 0x0000020bf92c3750 flushing  nmethod 0x0000020bde200e10
Event: 30.101 Thread 0x0000020bf92c3750 flushing  nmethod 0x0000020bde205f10
Event: 30.101 Thread 0x0000020bf92c3750 flushing  nmethod 0x0000020bde206410
Event: 30.101 Thread 0x0000020bf92c3750 flushing  nmethod 0x0000020bde206790
Event: 30.101 Thread 0x0000020bf92c3750 flushing  nmethod 0x0000020bde209410
Event: 30.101 Thread 0x0000020bf92c3750 flushing  nmethod 0x0000020bde22c390
Event: 30.101 Thread 0x0000020bf92c3750 flushing  nmethod 0x0000020bde22ef10
Event: 30.101 Thread 0x0000020bf92c3750 flushing  nmethod 0x0000020bde246790
Event: 30.101 Thread 0x0000020bf92c3750 flushing  nmethod 0x0000020bde247910
Event: 30.101 Thread 0x0000020bf92c3750 flushing  nmethod 0x0000020bde248590
Event: 30.101 Thread 0x0000020bf92c3750 flushing  nmethod 0x0000020bde276390
Event: 30.101 Thread 0x0000020bf92c3750 flushing  nmethod 0x0000020bde276b10
Event: 30.101 Thread 0x0000020bf92c3750 flushing  nmethod 0x0000020bde32a690
Event: 30.101 Thread 0x0000020bf92c3750 flushing  nmethod 0x0000020bde340e10
Event: 30.101 Thread 0x0000020bf92c3750 flushing  nmethod 0x0000020bde351190
Event: 30.101 Thread 0x0000020bf92c3750 flushing  nmethod 0x0000020bde370390
Event: 30.101 Thread 0x0000020bf92c3750 flushing  nmethod 0x0000020bde448c10
Event: 30.101 Thread 0x0000020bf92c3750 flushing  nmethod 0x0000020bde44f290
Event: 30.101 Thread 0x0000020bf92c3750 flushing  nmethod 0x0000020bde4b4710

Events (20 events):
Event: 16.118 Thread 0x0000020bff59bd90 Thread exited: 0x0000020bff59bd90
Event: 16.164 Thread 0x0000020bff598910 Thread added: 0x0000020bff597560
Event: 16.166 Thread 0x0000020bff597560 Thread exited: 0x0000020bff597560
Event: 17.238 Thread 0x0000020bff598910 Thread added: 0x0000020bff59cab0
Event: 17.240 Thread 0x0000020bff59cab0 Thread exited: 0x0000020bff59cab0
Event: 18.027 Thread 0x0000020bff598910 Thread added: 0x0000020bff59a350
Event: 18.250 Thread 0x0000020bf9a54a10 Thread added: 0x0000020bc3d79f30
Event: 18.270 Thread 0x0000020bff59a350 Thread added: 0x0000020bff599cc0
Event: 19.470 Thread 0x0000020bf9a53bd0 Thread added: 0x0000020bc1aafaf0
Event: 20.001 Thread 0x0000020bc1aafaf0 Thread exited: 0x0000020bc1aafaf0
Event: 20.001 Thread 0x0000020bc3d79f30 Thread exited: 0x0000020bc3d79f30
Event: 20.340 Thread 0x0000020bf9a53bd0 Thread added: 0x0000020bc3d79f30
Event: 20.523 Thread 0x0000020bc3d79f30 Thread exited: 0x0000020bc3d79f30
Event: 20.574 Thread 0x0000020bff59b700 Thread exited: 0x0000020bff59b700
Event: 22.524 Thread 0x0000020bff598910 Thread added: 0x0000020bff59b700
Event: 27.250 Thread 0x0000020bf9a54a10 Thread added: 0x0000020bc3d79f30
Event: 27.773 Thread 0x0000020bc3d79f30 Thread exited: 0x0000020bc3d79f30
Event: 28.111 Thread 0x0000020bff598910 Thread added: 0x0000020bff33ead0
Event: 63.334 Thread 0x0000020bf9b9c4e0 Thread exited: 0x0000020bf9b9c4e0
Event: 123.350 Thread 0x0000020bf9b9a410 Thread exited: 0x0000020bf9b9a410


Dynamic libraries:
0x00007ff615360000 - 0x00007ff61536e000 	C:\Program Files\Eclipse Adoptium\jdk-21.0.5.11-hotspot\bin\java.exe
0x00007ffd78890000 - 0x00007ffd78a88000 	C:\WINDOWS\SYSTEM32\ntdll.dll
0x00007ffd77e60000 - 0x00007ffd77f22000 	C:\WINDOWS\System32\KERNEL32.DLL
0x00007ffd76450000 - 0x00007ffd7674f000 	C:\WINDOWS\System32\KERNELBASE.dll
0x00007ffd76100000 - 0x00007ffd76200000 	C:\WINDOWS\System32\ucrtbase.dll
0x00007ffd6ca10000 - 0x00007ffd6ca28000 	C:\Program Files\Eclipse Adoptium\jdk-21.0.5.11-hotspot\bin\jli.dll
0x00007ffd6c9d0000 - 0x00007ffd6c9ee000 	C:\Program Files\Eclipse Adoptium\jdk-21.0.5.11-hotspot\bin\VCRUNTIME140.dll
0x00007ffd786b0000 - 0x00007ffd7884d000 	C:\WINDOWS\System32\USER32.dll
0x00007ffd76880000 - 0x00007ffd768a2000 	C:\WINDOWS\System32\win32u.dll
0x00007ffd64580000 - 0x00007ffd6481a000 	C:\WINDOWS\WinSxS\amd64_microsoft.windows.common-controls_6595b64144ccf1df_6.0.19041.4355_none_60b8b9eb71f62e16\COMCTL32.dll
0x00007ffd768b0000 - 0x00007ffd768db000 	C:\WINDOWS\System32\GDI32.dll
0x00007ffd777d0000 - 0x00007ffd7786e000 	C:\WINDOWS\System32\msvcrt.dll
0x00007ffd76280000 - 0x00007ffd7639a000 	C:\WINDOWS\System32\gdi32full.dll
0x00007ffd76750000 - 0x00007ffd767ed000 	C:\WINDOWS\System32\msvcp_win.dll
0x00007ffd77b70000 - 0x00007ffd77b9f000 	C:\WINDOWS\System32\IMM32.DLL
0x00007ffd70270000 - 0x00007ffd7027c000 	C:\Program Files\Eclipse Adoptium\jdk-21.0.5.11-hotspot\bin\vcruntime140_1.dll
0x00007ffd561b0000 - 0x00007ffd5623d000 	C:\Program Files\Eclipse Adoptium\jdk-21.0.5.11-hotspot\bin\msvcp140.dll
0x00007ffced2a0000 - 0x00007ffcee02f000 	C:\Program Files\Eclipse Adoptium\jdk-21.0.5.11-hotspot\bin\server\jvm.dll
0x00007ffd77950000 - 0x00007ffd779ff000 	C:\WINDOWS\System32\ADVAPI32.dll
0x00007ffd77db0000 - 0x00007ffd77e4f000 	C:\WINDOWS\System32\sechost.dll
0x00007ffd76bd0000 - 0x00007ffd76cf3000 	C:\WINDOWS\System32\RPCRT4.dll
0x00007ffd76250000 - 0x00007ffd76277000 	C:\WINDOWS\System32\bcrypt.dll
0x00007ffd77400000 - 0x00007ffd7746b000 	C:\WINDOWS\System32\WS2_32.dll
0x00007ffd75ac0000 - 0x00007ffd75b0b000 	C:\WINDOWS\SYSTEM32\POWRPROF.dll
0x00007ffd6b0c0000 - 0x00007ffd6b0e7000 	C:\WINDOWS\SYSTEM32\WINMM.dll
0x00007ffd72cf0000 - 0x00007ffd72cfa000 	C:\WINDOWS\SYSTEM32\VERSION.dll
0x00007ffd75a80000 - 0x00007ffd75a92000 	C:\WINDOWS\SYSTEM32\UMPDC.dll
0x00007ffd73cf0000 - 0x00007ffd73d02000 	C:\WINDOWS\SYSTEM32\kernel.appcore.dll
0x00007ffd6eca0000 - 0x00007ffd6ecaa000 	C:\Program Files\Eclipse Adoptium\jdk-21.0.5.11-hotspot\bin\jimage.dll
0x00007ffd68fc0000 - 0x00007ffd691a4000 	C:\WINDOWS\SYSTEM32\DBGHELP.DLL
0x00007ffd57380000 - 0x00007ffd573b4000 	C:\WINDOWS\SYSTEM32\dbgcore.DLL
0x00007ffd767f0000 - 0x00007ffd76872000 	C:\WINDOWS\System32\bcryptPrimitives.dll
0x00007ffd6c9b0000 - 0x00007ffd6c9cf000 	C:\Program Files\Eclipse Adoptium\jdk-21.0.5.11-hotspot\bin\java.dll
0x00007ffd77f40000 - 0x00007ffd786ad000 	C:\WINDOWS\System32\SHELL32.dll
0x00007ffd73fd0000 - 0x00007ffd74774000 	C:\WINDOWS\SYSTEM32\windows.storage.dll
0x00007ffd77470000 - 0x00007ffd777c5000 	C:\WINDOWS\System32\combase.dll
0x00007ffd75890000 - 0x00007ffd758bb000 	C:\WINDOWS\SYSTEM32\Wldp.dll
0x00007ffd77870000 - 0x00007ffd7793d000 	C:\WINDOWS\System32\OLEAUT32.dll
0x00007ffd77a00000 - 0x00007ffd77aad000 	C:\WINDOWS\System32\SHCORE.dll
0x00007ffd77ab0000 - 0x00007ffd77b05000 	C:\WINDOWS\System32\shlwapi.dll
0x00007ffd75e60000 - 0x00007ffd75e85000 	C:\WINDOWS\SYSTEM32\profapi.dll
0x00007ffd42240000 - 0x00007ffd42317000 	C:\Program Files\Eclipse Adoptium\jdk-21.0.5.11-hotspot\bin\jsvml.dll
0x00007ffd6ec30000 - 0x00007ffd6ec40000 	C:\Program Files\Eclipse Adoptium\jdk-21.0.5.11-hotspot\bin\net.dll
0x00007ffd6ed30000 - 0x00007ffd6ee3a000 	C:\WINDOWS\SYSTEM32\WINHTTP.dll
0x00007ffd755f0000 - 0x00007ffd7565c000 	C:\WINDOWS\system32\mswsock.dll
0x00007ffd6b540000 - 0x00007ffd6b556000 	C:\Program Files\Eclipse Adoptium\jdk-21.0.5.11-hotspot\bin\nio.dll
0x00007ffd6b520000 - 0x00007ffd6b538000 	C:\Program Files\Eclipse Adoptium\jdk-21.0.5.11-hotspot\bin\zip.dll
0x00007ffd6b4f0000 - 0x00007ffd6b514000 	C:\ProgramData\chocolatey\lib\maven\apache-maven-3.9.9\lib\jansi-native\Windows\x86_64\jansi.dll
0x00007ffd6caf0000 - 0x00007ffd6cb00000 	C:\Program Files\Eclipse Adoptium\jdk-21.0.5.11-hotspot\bin\verify.dll
0x00007ffd41e10000 - 0x00007ffd41f9e000 	C:\Program Files\Eclipse Adoptium\jdk-21.0.5.11-hotspot\bin\awt.dll
0x00007ffd72bf0000 - 0x00007ffd72c84000 	C:\WINDOWS\SYSTEM32\apphelp.dll
0x00007ffd738e0000 - 0x00007ffd7397e000 	C:\WINDOWS\system32\uxtheme.dll
0x00007ffd77c30000 - 0x00007ffd77d45000 	C:\WINDOWS\System32\MSCTF.dll
0x00007ffd768e0000 - 0x00007ffd76a0b000 	C:\WINDOWS\System32\ole32.dll
0x00007ffd73cc0000 - 0x00007ffd73cef000 	C:\WINDOWS\system32\DWMAPI.DLL
0x00007ffd41600000 - 0x00007ffd41728000 	C:\WINDOWS\system32\opengl32.dll
0x00007ffd64c60000 - 0x00007ffd64c8c000 	C:\WINDOWS\SYSTEM32\GLU32.dll
0x00007ffd6e580000 - 0x00007ffd6e751000 	C:\WINDOWS\system32\d3d9.dll
0x00007ffd3c160000 - 0x00007ffd3c222000 	C:\WINDOWS\System32\DriverStore\FileRepository\nv_dispi.inf_amd64_9d15b9aa9e1c885b\nvldumdx.dll
0x00007ffd75aa0000 - 0x00007ffd75ab2000 	C:\WINDOWS\SYSTEM32\msasn1.dll
0x00007ffd6dde0000 - 0x00007ffd6de11000 	C:\WINDOWS\SYSTEM32\cryptnet.dll
0x00007ffd75fa0000 - 0x00007ffd760fc000 	C:\WINDOWS\System32\CRYPT32.dll
0x00007ffd75800000 - 0x00007ffd7580c000 	C:\WINDOWS\SYSTEM32\cryptbase.dll
0x00007ffd6d970000 - 0x00007ffd6dab7000 	C:\WINDOWS\SYSTEM32\drvstore.dll
0x00007ffd75cc0000 - 0x00007ffd75cf3000 	C:\WINDOWS\SYSTEM32\devobj.dll
0x00007ffd76200000 - 0x00007ffd7624e000 	C:\WINDOWS\System32\cfgmgr32.dll
0x00007ffd75f30000 - 0x00007ffd75f98000 	C:\WINDOWS\System32\wintrust.dll
0x00007ffd773e0000 - 0x00007ffd773fd000 	C:\WINDOWS\System32\imagehlp.dll
0x00007ffd757e0000 - 0x00007ffd757f8000 	C:\WINDOWS\SYSTEM32\CRYPTSP.dll
0x00007ffd74f10000 - 0x00007ffd74f48000 	C:\WINDOWS\system32\rsaenh.dll
0x00007ffca53e0000 - 0x00007ffca8b7a000 	C:\WINDOWS\System32\DriverStore\FileRepository\nv_dispi.inf_amd64_9d15b9aa9e1c885b\nvgpucomp64.dll
0x00007ffd22990000 - 0x00007ffd22a67000 	C:\WINDOWS\System32\DriverStore\FileRepository\nv_dispi.inf_amd64_9d15b9aa9e1c885b\NvMemMapStoragex.dll
0x00007ffceb1d0000 - 0x00007ffced297000 	C:\WINDOWS\System32\DriverStore\FileRepository\nv_dispi.inf_amd64_9d15b9aa9e1c885b\nvd3dumx.dll
0x00007ffd6e870000 - 0x00007ffd6eb40000 	C:\WINDOWS\system32\nvspcap64.dll
0x00007ffd75160000 - 0x00007ffd75193000 	C:\WINDOWS\SYSTEM32\ntmarta.dll
0x00007ffd74790000 - 0x00007ffd747b3000 	C:\WINDOWS\SYSTEM32\gpapi.dll
0x00007ffd1a570000 - 0x00007ffd1a724000 	C:\WINDOWS\System32\DriverStore\FileRepository\nv_dispi.inf_amd64_9d15b9aa9e1c885b\nvppex.dll
0x00007ffd6b1d0000 - 0x00007ffd6b20b000 	C:\WINDOWS\SYSTEM32\dxcore.dll
0x00007ffd44260000 - 0x00007ffd442e7000 	C:\Program Files\Eclipse Adoptium\jdk-21.0.5.11-hotspot\bin\freetype.dll
0x00007ffd42160000 - 0x00007ffd4223b000 	C:\Program Files\Eclipse Adoptium\jdk-21.0.5.11-hotspot\bin\fontmanager.dll
0x00007ffd581e0000 - 0x00007ffd582d9000 	C:\WINDOWS\SYSTEM32\textinputframework.dll
0x00007ffd71e40000 - 0x00007ffd7219b000 	C:\WINDOWS\System32\CoreUIComponents.dll
0x00007ffd721e0000 - 0x00007ffd722d2000 	C:\WINDOWS\System32\CoreMessaging.dll
0x00007ffd730b0000 - 0x00007ffd73207000 	C:\WINDOWS\SYSTEM32\wintypes.dll
0x00007ffd644b0000 - 0x00007ffd64516000 	C:\WINDOWS\system32\Oleacc.dll
0x00007ffd5ff30000 - 0x00007ffd5ffe0000 	C:\WINDOWS\WinSxS\amd64_microsoft.windows.common-controls_6595b64144ccf1df_5.82.19041.4355_none_792ecafd2442822f\comctl32.dll
0x00007ffd76d00000 - 0x00007ffd76da9000 	C:\WINDOWS\System32\clbcatq.dll
0x00007ffd72d00000 - 0x00007ffd72df6000 	C:\WINDOWS\system32\propsys.dll
0x00007ffd58960000 - 0x00007ffd58977000 	C:\WINDOWS\system32\NetworkExplorer.dll
0x00007ffd736a0000 - 0x00007ffd73854000 	C:\WINDOWS\SYSTEM32\WindowsCodecs.dll
0x00007ffd528a0000 - 0x00007ffd52906000 	C:\Windows\System32\thumbcache.dll
0x00007ffd624a0000 - 0x00007ffd62691000 	C:\Windows\System32\urlmon.dll
0x00007ffd63a70000 - 0x00007ffd63a98000 	C:\Windows\System32\srvcli.dll
0x00007ffd753e0000 - 0x00007ffd753ec000 	C:\Windows\System32\netutils.dll
0x00007ffd61c70000 - 0x00007ffd61f2f000 	C:\Windows\System32\iertutil.dll
0x00007ffd75de0000 - 0x00007ffd75e12000 	C:\Windows\System32\SspiCli.dll
0x00007ffd626d0000 - 0x00007ffd626ed000 	C:\WINDOWS\SYSTEM32\MPR.dll
0x00007ffd4f5d0000 - 0x00007ffd4f5db000 	C:\WINDOWS\System32\drprov.dll
0x00007ffd75900000 - 0x00007ffd7595b000 	C:\WINDOWS\System32\WINSTA.dll
0x00007ffd4f270000 - 0x00007ffd4f28f000 	C:\WINDOWS\System32\ntlanman.dll
0x00007ffd4f090000 - 0x00007ffd4f0ae000 	C:\WINDOWS\System32\davclnt.dll
0x00007ffd4f080000 - 0x00007ffd4f08d000 	C:\WINDOWS\System32\DAVHLPR.dll
0x00007ffd75030000 - 0x00007ffd75049000 	C:\WINDOWS\System32\wkscli.dll
0x00007ffd51c30000 - 0x00007ffd51c42000 	C:\WINDOWS\SYSTEM32\cscapi.dll
0x00007ffd61b90000 - 0x00007ffd61be6000 	C:\Windows\System32\dlnashext.dll
0x00007ffd4f880000 - 0x00007ffd4f8e4000 	C:\Windows\System32\PlayToDevice.dll
0x00007ffd54710000 - 0x00007ffd54730000 	C:\Windows\System32\DevDispItemProvider.dll
0x00007ffd6f630000 - 0x00007ffd6f6b9000 	C:\WINDOWS\System32\MMDevApi.dll
0x00007ffd43090000 - 0x00007ffd43131000 	C:\WINDOWS\system32\wpdshext.dll
0x00007ffd64820000 - 0x00007ffd649c8000 	C:\WINDOWS\WinSxS\amd64_microsoft.windows.gdiplus_6595b64144ccf1df_1.1.19041.5369_none_91a453e0cc8824e6\gdiplus.dll
0x00007ffd725d0000 - 0x00007ffd72673000 	C:\Windows\System32\PortableDeviceApi.dll
0x00007ffd76f60000 - 0x00007ffd773d1000 	C:\WINDOWS\System32\SETUPAPI.dll
0x00007ffd61ab0000 - 0x00007ffd61ae7000 	C:\Windows\System32\EhStorShell.dll
0x00007ffd69250000 - 0x00007ffd69276000 	C:\Windows\System32\EhStorAPI.dll
0x00007ffd72cd0000 - 0x00007ffd72ce4000 	C:\Windows\System32\WTSAPI32.dll
0x00007ffd51be0000 - 0x00007ffd51bed000 	C:\WINDOWS\SYSTEM32\LINKINFO.dll
0x00007ffd60450000 - 0x00007ffd6045c000 	C:\WINDOWS\SYSTEM32\Secur32.dll
0x00007ffd52910000 - 0x00007ffd5294e000 	C:\WINDOWS\system32\dataexchange.dll
0x00007ffd718b0000 - 0x00007ffd71a94000 	C:\WINDOWS\system32\dcomp.dll
0x00007ffd71060000 - 0x00007ffd712c3000 	C:\WINDOWS\system32\d3d11.dll
0x00007ffd747c0000 - 0x00007ffd748b6000 	C:\WINDOWS\system32\dxgi.dll
0x00007ffd6e110000 - 0x00007ffd6e313000 	C:\WINDOWS\system32\twinapi.appcore.dll
0x00007ffd60880000 - 0x00007ffd60978000 	C:\Windows\System32\MrmCoreR.dll
0x00007ffd61850000 - 0x00007ffd61861000 	C:\WINDOWS\SYSTEM32\windows.staterepositorycore.dll
0x0000020bceb40000 - 0x0000020bceb44000 	C:\Users\ethan\.javacpp\cache\javacpp-1.5.9-windows-x86_64.jar\org\bytedeco\javacpp\windows-x86_64\api-ms-win-crt-locale-l1-1-0.dll
0x0000020bceb50000 - 0x0000020bceb55000 	C:\Users\ethan\.javacpp\cache\javacpp-1.5.9-windows-x86_64.jar\org\bytedeco\javacpp\windows-x86_64\api-ms-win-crt-string-l1-1-0.dll
0x0000020bceb60000 - 0x0000020bceb65000 	C:\Users\ethan\.javacpp\cache\javacpp-1.5.9-windows-x86_64.jar\org\bytedeco\javacpp\windows-x86_64\api-ms-win-crt-stdio-l1-1-0.dll
0x0000020bceb70000 - 0x0000020bceb76000 	C:\Users\ethan\.javacpp\cache\javacpp-1.5.9-windows-x86_64.jar\org\bytedeco\javacpp\windows-x86_64\api-ms-win-crt-math-l1-1-0.dll

dbghelp: loaded successfully - version: 4.0.5 - missing functions: none
symbol engine: initialized successfully - sym options: 0x614 - pdb path: .;C:\Program Files\Eclipse Adoptium\jdk-21.0.5.11-hotspot\bin;C:\WINDOWS\SYSTEM32;C:\WINDOWS\WinSxS\amd64_microsoft.windows.common-controls_6595b64144ccf1df_6.0.19041.4355_none_60b8b9eb71f62e16;C:\Program Files\Eclipse Adoptium\jdk-21.0.5.11-hotspot\bin\server;C:\ProgramData\chocolatey\lib\maven\apache-maven-3.9.9\lib\jansi-native\Windows\x86_64;C:\WINDOWS\System32\DriverStore\FileRepository\nv_dispi.inf_amd64_9d15b9aa9e1c885b;C:\WINDOWS\WinSxS\amd64_microsoft.windows.common-controls_6595b64144ccf1df_5.82.19041.4355_none_792ecafd2442822f;C:\WINDOWS\WinSxS\amd64_microsoft.windows.gdiplus_6595b64144ccf1df_1.1.19041.5369_none_91a453e0cc8824e6;C:\Users\ethan\.javacpp\cache\javacpp-1.5.9-windows-x86_64.jar\org\bytedeco\javacpp\windows-x86_64;C:\Users\ethan\.javacpp\cache\ffmpeg-6.0-1.5.9-windows-x86_64.jar\org\bytedeco\ffmpeg\windows-x86_64;C:\Users\ethan\.javacpp\cache\openblas-0.3.23-1.5.9-windows-x86_64.jar\org\bytedeco\openblas\windows-x86_64;C:\Users\ethan\.javacpp\cache\opencv-4.9.0-1.5.10-windows-x86_64.jar\org\bytedeco\opencv\windows-x86_64

VM Arguments:
jvm_args: -Dclassworlds.conf=C:\ProgramData\chocolatey\lib\maven\apache-maven-3.9.9\bin\m2.conf -Dmaven.home=C:\ProgramData\chocolatey\lib\maven\apache-maven-3.9.9 -Dlibrary.jansi.path=C:\ProgramData\chocolatey\lib\maven\apache-maven-3.9.9\lib\jansi-native -Dmaven.multiModuleProjectDirectory=A:\Kinoui\SMU\COURSE WORK\year 2 sem 2\OOP\proj\OOPs 
java_command: org.codehaus.plexus.classworlds.launcher.Launcher exec:java -Dexec.mainClass=com.main.MainApplication
java_class_path (initial): C:\ProgramData\chocolatey\lib\maven\apache-maven-3.9.9\boot\plexus-classworlds-2.8.0.jar
Launcher Type: SUN_STANDARD

[Global flags]
     intx CICompilerCount                          = 4                                         {product} {ergonomic}
     uint ConcGCThreads                            = 3                                         {product} {ergonomic}
     uint G1ConcRefinementThreads                  = 10                                        {product} {ergonomic}
   size_t G1HeapRegionSize                         = 4194304                                   {product} {ergonomic}
    uintx GCDrainStackTargetSize                   = 64                                        {product} {ergonomic}
   size_t InitialHeapSize                          = 536870912                                 {product} {ergonomic}
   size_t MarkStackSize                            = 4194304                                   {product} {ergonomic}
   size_t MaxHeapSize                              = 8577351680                                {product} {ergonomic}
   size_t MaxNewSize                               = 5146411008                                {product} {ergonomic}
   size_t MinHeapDeltaBytes                        = 4194304                                   {product} {ergonomic}
   size_t MinHeapSize                              = 8388608                                   {product} {ergonomic}
    uintx NonNMethodCodeHeapSize                   = 5839372                                {pd product} {ergonomic}
    uintx NonProfiledCodeHeapSize                  = 122909434                              {pd product} {ergonomic}
    uintx ProfiledCodeHeapSize                     = 122909434                              {pd product} {ergonomic}
    uintx ReservedCodeCacheSize                    = 251658240                              {pd product} {ergonomic}
     bool SegmentedCodeCache                       = true                                      {product} {ergonomic}
   size_t SoftMaxHeapSize                          = 8577351680                             {manageable} {ergonomic}
     bool UseCompressedOops                        = true                           {product lp64_product} {ergonomic}
     bool UseG1GC                                  = true                                      {product} {ergonomic}
     bool UseLargePagesIndividualAllocation        = false                                  {pd product} {ergonomic}

Logging:
Log output configuration:
 #0: stdout all=warning uptime,level,tags foldmultilines=false
 #1: stderr all=off uptime,level,tags foldmultilines=false

Environment Variables:
JAVA_HOME=C:\Program Files\Eclipse Adoptium\jdk-21.0.5.11-hotspot
PATH=C:\Program Files\Eclipse Adoptium\jdk-21.0.5.11-hotspot\bin;C:\Users\ethan\AppData\Local\Programs\Eclipse Adoptium\jdk-21.0.6.7-hotspot\bin;C:\Program Files (x86)\Common Files\Oracle\Java\javapath;C:\Windows\system32;C:\Windows;C:\Windows\System32\Wbem;C:\Windows\System32\WindowsPowerShell\v1.0\;C:\Windows\System32\OpenSSH\;C:\Program Files (x86)\NVIDIA Corporation\PhysX\Common;C:\Program Files\NVIDIA Corporation\NVIDIA NvDLISR;C:\Program Files\Calibre2\;C:\WINDOWS\system32;C:\WINDOWS;C:\WINDOWS\System32\Wbem;C:\WINDOWS\System32\WindowsPowerShell\v1.0\;C:\WINDOWS\System32\OpenSSH\;C:\Program Files\dotnet\;A:\Kinoui\servers\remoteit\resources\x64;A:\Kinoui\[a]ss\app\remoteit\resources\x64;A:\Kinoui\[a]ss\app\remoteit\resources\x64;C:\Users\ethan\AppData\Roaming\nvm;C:\Program Files\nodejs;C:\ProgramData\chocolatey\bin;C:\ProgramData\chocolatey\lib\maven\apache-maven-3.9.9\bin;C:\Program Files\Eclipse Adoptium\jdk-21.0.5.11-hotspot\bin;C:\Program Files (x86)\Common Files\Oracle\Java\javapath;C:\Windows\system32;C:\Windows;C:\Windows\System32\Wbem;C:\Windows\System32\WindowsPowerShell\v1.0\;C:\Windows\System32\OpenSSH\;C:\Program Files (x86)\NVIDIA Corporation\PhysX\Common;C:\Program Files\NVIDIA Corporation\NVIDIA NvDLISR;C:\Program Files\Calibre2\;C:\WINDOWS\system32;C:\WINDOWS;C:\WINDOWS\System32\Wbem;C:\WINDOWS\System32\WindowsPowerShell\v1.0\;C:\WINDOWS\System32\OpenSSH\;C:\Program Files\dotnet\;A:\Kinoui\servers\remoteit\resources\x64;A:\Kinoui\[a]ss\app\remoteit\resources\x64;A:\Kinoui\[a]ss\app\remoteit\resources\x64;C:\Users\ethan\AppData\Roaming\nvm;C:\Program Files\nodejs;C:\ProgramData\chocolatey\bin;C:\ProgramData\chocolatey\lib\maven\apache-maven-3.9.9\bin;C:\Users\ethan\AppData\Local\Programs\Eclipse Adoptium\jdk-21.0.6.7-hotspot\bin;C:\Users\ethan\AppData\Local\Microsoft\WindowsApps;G:\Coding\Coding software\Microsoft VS Code\bin;C:\Users\ethan\AppData\Local\GitHubDesktop\bin;C:\Users\ethan\AppData\;C:\Program Files\Eclipse Adoptium\jre-17.0.13.11-hotspot;C:\Program Files\Eclipse Adoptium\jdk-21.0.5.11-hotspot;
USERNAME=ethan
OS=Windows_NT
PROCESSOR_IDENTIFIER=AMD64 Family 23 Model 8 Stepping 2, AuthenticAMD
TMP=C:\Users\ethan\AppData\Local\Temp
TEMP=C:\Users\ethan\AppData\Local\Temp




Periodic native trim disabled

---------------  S Y S T E M  ---------------

OS:
 Windows 10 , 64 bit Build 19041 (10.0.19041.5438)
OS uptime: 3 days 6:14 hours

CPU: total 12 (initial active 12) (12 cores per cpu, 2 threads per core) family 23 model 8 stepping 2 microcode 0x0, cx8, cmov, fxsr, ht, mmx, 3dnowpref, sse, sse2, sse3, ssse3, sse4a, sse4.1, sse4.2, popcnt, lzcnt, tsc, tscinvbit, avx, avx2, aes, clmul, bmi1, bmi2, adx, sha, fma, vzeroupper, clflush, clflushopt, rdtscp, f16c
Processor Information for all 12 processors :
  Max Mhz: 3400, Current Mhz: 3400, Mhz Limit: 3400

Memory: 4k page, system-wide physical 32719M (16636M free)
TotalPageFile size 37583M (AvailPageFile size 4358M)
current process WorkingSet (physical memory assigned to process): 264M, peak: 422M
current process commit charge ("private bytes"): 3197M, peak: 3545M

vm_info: OpenJDK 64-Bit Server VM (21.0.5+11-LTS) for windows-amd64 JRE (21.0.5+11-LTS), built on 2024-10-15T00:00:00Z by "admin" with MS VC++ 17.7 (VS2022)

END.
