#
# A fatal error has been detected by the Java Runtime Environment:
#
#  EXCEPTION_ACCESS_VIOLATION (0xc0000005) at pc=0x00000189b4afd13e, pid=22936, tid=4416
#
# JRE version: OpenJDK Runtime Environment Temurin-21.0.5+11 (21.0.5+11) (build 21.0.5+11-LTS)
# Java VM: OpenJDK 64-Bit Server VM Temurin-21.0.5+11 (21.0.5+11-LTS, mixed mode, sharing, tiered, compressed oops, compressed class ptrs, g1 gc, windows-amd64)
# Problematic frame:
# J 6691 c2 org.bytedeco.javacv.Java2DFrameConverter.flipCopyWithGamma(Ljava/nio/ByteBuffer;IILjava/nio/ByteBuffer;IIZDZI)V (635 bytes) @ 0x00000189b4afd13e [0x00000189b4afcbe0+0x000000000000055e]
#
# No core dump will be written. Minidumps are not enabled by default on client versions of Windows
#
# If you would like to submit a bug report, please visit:
#   https://github.com/adoptium/adoptium-support/issues
#

---------------  S U M M A R Y ------------

Command Line: -Dclassworlds.conf=C:\ProgramData\chocolatey\lib\maven\apache-maven-3.9.9\bin\m2.conf -Dmaven.home=C:\ProgramData\chocolatey\lib\maven\apache-maven-3.9.9 -Dlibrary.jansi.path=C:\ProgramData\chocolatey\lib\maven\apache-maven-3.9.9\lib\jansi-native -Dmaven.multiModuleProjectDirectory=A:\Kinoui\SMU\COURSE WORK\year 2 sem 2\OOP\proj\OOPs org.codehaus.plexus.classworlds.launcher.Launcher exec:java -Dexec.mainClass=com.main.MainApplication

Host: AMD Ryzen 5 2600 Six-Core Processor            , 12 cores, 31G,  Windows 10 , 64 bit Build 19041 (10.0.19041.5438)
Time: Mon Mar 24 02:16:29 2025 Malay Peninsula Standard Time elapsed time: 35.258094 seconds (0d 0h 0m 35s)

---------------  T H R E A D  ---------------

Current thread (0x0000018a1192fca0):  JavaThread "AWT-EventQueue-0"        [_thread_in_Java, id=4416, stack(0x0000005f0e500000,0x0000005f0e600000) (1024K)]

Stack: [0x0000005f0e500000,0x0000005f0e600000],  sp=0x0000005f0e5fd400,  free space=1013k
Native frames: (J=compiled Java code, j=interpreted, Vv=VM code, C=native code)
C  0x00000189b4afd13e

The last pc belongs to nmethod (printed below).

siginfo: EXCEPTION_ACCESS_VIOLATION (0xc0000005), reading address 0x0000018aaf428080


Registers:
RAX=0x0000018aaf428080, RBX=0x0000000000000000, RCX=0x0000000000000000, RDX=0x0000000000000000
RSP=0x0000005f0e5fd400, RBP=0x0000000000000000, RSI=0x0000000601d78110, RDI=0x0000000000000000
R8 =0x0000000000000000, R9 =0x0000000000000005, R10=0x0000000000000020, R11=0x0000018aaf428080
R12=0x0000000000000000, R13=0x00000006022050a8, R14=0x0000005f0e5fd5b8, R15=0x0000018a1192fca0
RIP=0x00000189b4afd13e, EFLAGS=0x0000000000010246


Register to memory mapping:

RAX=0x0000018aaf428080 is an unknown value
RBX=0x0 is null
RCX=0x0 is null
RDX=0x0 is null
RSP=0x0000005f0e5fd400 is pointing into the stack for thread: 0x0000018a1192fca0
RBP=0x0 is null
RSI=0x0000000601d78110 is an oop: [B 
{0x0000000601d78110} - klass: {type array byte}
 - length: 1797120
RDI=0x0 is null
R8 =0x0 is null
R9 =0x0000000000000005 is an unknown value
R10=0x0000000000000020 is an unknown value
R11=0x0000018aaf428080 is an unknown value
R12=0x0 is null
R13=0x00000006022050a8 is an oop: java.nio.DirectByteBuffer 
{0x00000006022050a8} - klass: 'java/nio/DirectByteBuffer'
 - ---- fields (total size 8 words):
 - private 'mark' 'I' @12  -1 (0xffffffff)
 - 'address' 'J' @16  1695157485696 (0x0000018aaf428080)
 - private 'position' 'I' @24  0 (0x00000000)
 - private 'limit' 'I' @28  1797120 (0x001b6c00)
 - private final 'capacity' 'I' @32  1797120 (0x001b6c00)
 - final 'segment' 'Ljava/lang/foreign/MemorySegment;' @36  null (0x00000000)
 - final 'offset' 'I' @40  0 (0x00000000)
 - 'isReadOnly' 'Z' @44  false (0x00)
 - 'bigEndian' 'Z' @45  false (0x00)
 - 'nativeByteOrder' 'Z' @46  true (0x01)
 - final 'hb' '[B' @48  null (0x00000000)
 - private final 'isSync' 'Z' @47  false (0x00)
 - private final 'fd' 'Ljava/io/FileDescriptor;' @52  null (0x00000000)
 - private final 'att' 'Ljava/lang/Object;' @56  null (0x00000000)
 - private final 'cleaner' 'Ljdk/internal/ref/Cleaner;' @60  null (0x00000000)
R14=0x0000005f0e5fd5b8 is pointing into the stack for thread: 0x0000018a1192fca0
R15=0x0000018a1192fca0 is a thread

Top of Stack: (sp=0x0000005f0e5fd400)
0x0000005f0e5fd400:   00000000001b6c00 001b6c0000000c00
0x0000005f0e5fd410:   00000000001b6c00 00000c0000000000
0x0000005f0e5fd420:   00000000001b6c00 0000000000000010
0x0000005f0e5fd430:   0000000000000c00 00000189b44289d2
0x0000005f0e5fd440:   00000189b44289d2 00000000001b6c00
0x0000005f0e5fd450:   0000005f0e5fd520 00000189b4428860
0x0000005f0e5fd460:   001b6c0000000000 00000c00001b6c00
0x0000005f0e5fd470:   00000000001b6c00 00000189b4428860
0x0000005f0e5fd480:   0000000000000000 0000000000000000
0x0000005f0e5fd490:   3ff0000000000000 0000000000000000
0x0000005f0e5fd4a0:   0000000000000000 0000000000000c00
0x0000005f0e5fd4b0:   0000000000000000 0000000620807c08
0x0000005f0e5fd4c0:   0000000000000c00 0000000000000000
0x0000005f0e5fd4d0:   00000006022050a8 0000005f0e5fd4d8
0x0000005f0e5fd4e0:   0000018a0cad7576 0000000000000013
0x0000005f0e5fd4f0:   0000018a0cad9888 0000000000000000
0x0000005f0e5fd500:   0000000601f96a88 0000018a0cad7820
0x0000005f0e5fd510:   0000005f0e5fd480 0000005f0e5fd590
0x0000005f0e5fd520:   0000005f0e5fd608 00000189b4428860
0x0000005f0e5fd530:   0000000000000000 0000000601d78110
0x0000005f0e5fd540:   0000000000000000 0000000000000003
0x0000005f0e5fd550:   0000000000000c00 0000000000000000
0x0000005f0e5fd560:   0000000000000000 0000000602172b88
0x0000005f0e5fd570:   0000000602172c78 0000000602172c00
0x0000005f0e5fd580:   0000000000000000 00000006022050a8
0x0000005f0e5fd590:   0000000000000000 0000000000000000
0x0000005f0e5fd5a0:   3ff0000000000000 00000189b4428988
0x0000005f0e5fd5b0:   0000000602172a68 0000000602205040
0x0000005f0e5fd5c0:   0000005f0e5fd5c0 0000018a0cad8cee
0x0000005f0e5fd5d0:   000000000000000c 0000018a0cad9888
0x0000005f0e5fd5e0:   0000000000000000 0000000601f96a88
0x0000005f0e5fd5f0:   0000018a0cad8db8 0000005f0e5fd590 

Instructions: (pc=0x00000189b4afd13e)
0x00000189b4afd03e:   18 44 3b 44 24 68 0f 8d b2 01 00 00 44 8b 44 24
0x00000189b4afd04e:   68 44 2b 44 24 18 c5 f9 7e e1 2b 4c 24 60 44 8b
0x00000189b4afd05e:   54 24 1c 44 3b d1 44 0f 4f d1 45 3b d0 45 0f 4f
0x00000189b4afd06e:   d0 44 89 54 24 1c 45 85 d2 0f 8e 28 01 00 00 44
0x00000189b4afd07e:   8b 54 24 60 44 3b 54 24 70 0f 83 22 01 00 00 4c
0x00000189b4afd08e:   63 54 24 1c 4c 89 54 24 30 4c 63 54 24 60 4c 8b
0x00000189b4afd09e:   44 24 30 4f 8d 44 10 ff 4c 3b 04 24 0f 83 ff 00
0x00000189b4afd0ae:   00 00 8b 6c 24 18 3b 6c 24 0c 0f 83 f1 00 00 00
0x00000189b4afd0be:   4c 63 44 24 18 4c 8b 4c 24 30 4f 8d 44 08 ff 4c
0x00000189b4afd0ce:   3b 44 24 20 0f 83 d7 00 00 00 8b 5c 24 18 c4 c1
0x00000189b4afd0de:   f9 7e f8 41 03 58 28 3b 5c 24 64 0f 83 c0 00 00
0x00000189b4afd0ee:   00 48 63 cb 4d 8d 44 09 ff 4c 3b 44 24 10 0f 83
0x00000189b4afd0fe:   ad 00 00 00 49 8b c3 49 03 c2 44 8b 44 24 28 44
0x00000189b4afd10e:   03 c3 41 ba 0f 00 00 00 45 2b d0 41 b9 05 00 00
0x00000189b4afd11e:   00 c4 42 b0 f5 d2 49 83 c2 01 4c 3b 54 24 30 4c
0x00000189b4afd12e:   8b 44 24 30 4d 0f 4c c2 45 8b d0 33 d2 4c 63 c2
0x00000189b4afd13e:   46 0f be 0c 00 4a 8d 2c 01 44 88 4c 2e 10 44 8d
0x00000189b4afd14e:   42 01 45 3b c2 7d 05 41 8b d0 eb e1 4c 8b 54 24
0x00000189b4afd15e:   30 49 81 c2 01 ff ff ff 49 81 fa 00 00 00 80 49
0x00000189b4afd16e:   c7 c1 00 00 00 80 4d 0f 4c d1 41 8b ea 44 3b c5
0x00000189b4afd17e:   7d 74 ff c2 e9 d8 fd ff ff 41 8b d2 e9 43 fe ff
0x00000189b4afd18e:   ff c5 f8 77 48 83 c4 50 5d 49 3b a7 48 04 00 00
0x00000189b4afd19e:   0f 87 cc 01 00 00 c3 c4 41 f9 7e c8 e9 4f fe ff
0x00000189b4afd1ae:   ff ba 76 ff ff ff c4 e1 f9 7e cd 44 8b 54 24 6c
0x00000189b4afd1be:   44 89 54 24 64 c5 fb 11 54 24 68 44 8b 54 24 08
0x00000189b4afd1ce:   44 89 14 24 c5 7b 11 4c 24 08 c5 fa 11 74 24 04
0x00000189b4afd1de:   c5 fb 11 5c 24 20 c5 f8 77 e8 14 74 97 ff 0f 1f
0x00000189b4afd1ee:   84 00 dc 07 00 02 41 8b d0 e9 db fd ff ff ba 45
0x00000189b4afd1fe:   ff ff ff 66 66 90 c5 f8 77 e8 f4 73 97 ff 0f 1f
0x00000189b4afd20e:   84 00 fc 07 00 03 44 89 4c 24 1c 48 ba 68 22 00
0x00000189b4afd21e:   ca 89 01 00 00 44 8b 44 24 70 c5 f8 77 e8 50 14
0x00000189b4afd22e:   a4 ff 0f 1f 84 00 20 08 00 04 44 8b 4c 24 1c 48 


Stack slot to memory mapping:

stack at sp + 0 slots: 0x00000000001b6c00 is an unknown value
stack at sp + 1 slots: 0x001b6c0000000c00 is an unknown value
stack at sp + 2 slots: 0x00000000001b6c00 is an unknown value
stack at sp + 3 slots: 0x00000c0000000000 is an unknown value
stack at sp + 4 slots: 0x00000000001b6c00 is an unknown value
stack at sp + 5 slots: 0x0000000000000010 is an unknown value
stack at sp + 6 slots: 0x0000000000000c00 is an unknown value
stack at sp + 7 slots: 0x00000189b44289d2 is at code_begin+1554 in an Interpreter codelet
return entry points  [0x00000189b44283c0, 0x00000189b4428f60]  2976 bytes


Compiled method (c2) 35322 6691       4       org.bytedeco.javacv.Java2DFrameConverter::flipCopyWithGamma (635 bytes)
 total in heap  [0x00000189b4afca10,0x00000189b4afd638] = 3112
 relocation     [0x00000189b4afcb70,0x00000189b4afcbb8] = 72
 constants      [0x00000189b4afcbc0,0x00000189b4afcbe0] = 32
 main code      [0x00000189b4afcbe0,0x00000189b4afd390] = 1968
 stub code      [0x00000189b4afd390,0x00000189b4afd3a8] = 24
 oops           [0x00000189b4afd3a8,0x00000189b4afd3b0] = 8
 metadata       [0x00000189b4afd3b0,0x00000189b4afd3e8] = 56
 scopes data    [0x00000189b4afd3e8,0x00000189b4afd550] = 360
 scopes pcs     [0x00000189b4afd550,0x00000189b4afd5f0] = 160
 dependencies   [0x00000189b4afd5f0,0x00000189b4afd600] = 16
 handler table  [0x00000189b4afd600,0x00000189b4afd618] = 24
 nul chk table  [0x00000189b4afd618,0x00000189b4afd638] = 32


[Constant Pool]
             Address          hex4                    hex8      
  0x00000189b4afcbc0:   0x00000000      0x3ff0000000000000      
  0x00000189b4afcbc4:   0x3ff00000                              
  0x00000189b4afcbc8:   0xf4f4f4f4      0xf4f4f4f4f4f4f4f4      
  0x00000189b4afcbcc:   0xf4f4f4f4                              
  0x00000189b4afcbd0:   0xf4f4f4f4      0xf4f4f4f4f4f4f4f4      
  0x00000189b4afcbd4:   0xf4f4f4f4                              
  0x00000189b4afcbd8:   0xf4f4f4f4      0xf4f4f4f4f4f4f4f4      
  0x00000189b4afcbdc:   0xf4f4f4f4                              

[MachCode]
[Verified Entry Point]
  # {method} {0x0000018a0cad5f80} 'flipCopyWithGamma' '(Ljava/nio/ByteBuffer;IILjava/nio/ByteBuffer;IIZDZI)V' in 'org/bytedeco/javacv/Java2DFrameConverter'
  # parm0:    rdx:rdx   = 'java/nio/ByteBuffer'
  # parm1:    r8        = int
  # parm2:    r9        = int
  # parm3:    rdi:rdi   = 'java/nio/ByteBuffer'
  # parm4:    rsi       = int
  # parm5:    rcx       = int
  # parm6:    [sp+0x60]   = boolean  (sp of caller)
  # parm7:    xmm0:xmm0   = double
  # parm8:    [sp+0x68]   = boolean
  # parm9:    [sp+0x70]   = int
  0x00000189b4afcbe0: ;   {no_reloc}
  0x00000189b4afcbe0: 8984 2400 | 80ff ff55 | 4883 ec50 | 4181 7f20 | 0900 0000 | 0f85 8c07 | 0000 8974 | 2418 4489 
  0x00000189b4afcc00: 4424 64c5 | fb11 4424 | 1089 4c24 | 0848 893c | 2444 894c | 246c 488b | ea44 8b5c | 2470 4181 
  0x00000189b4afcc20: fb00 0010 | 000f 871a | 0600 0048 | 634c 2470 | 443b 4c24 | 0844 8b5c | 2408 450f | 4fcb 448b 
  0x00000189b4afcc40: 5c24 7041 | 81fb 0000 | 1000 0f87 | c405 0000 | 498b b7b8 | 0100 0048 | 83c1 174c | 8bd1 4983 
  0x00000189b4afcc60: e2f8 4c8b | de4d 03da | 4d3b 9fc8 | 0100 000f | 839f 0500 | 004d 899f | b801 0000 | 488b fe48 
  0x00000189b4afcc80: 83c7 1048 | c706 0100 | 0000 410f | 1883 0001 

  0x00000189b4afcc90: ;   {metadata({type array byte})}
  0x00000189b4afcc90: 0000 c746 | 0868 2200 | 0044 8b54 | 2470 4489 | 560c 410f | 1883 4001 | 0000 410f | 1883 8001 
  0x00000189b4afccb0: 0000 48c1 | e903 4883 | c1fe 4833 | c048 83f9 | 087f 1048 | ffc9 784f | 4889 04cf | 48ff c97d 
  0x00000189b4afccd0: f7eb 44c5 | fdef c0e9 | 0d00 0000 | c5fe 7f07 | c5fe 7f47 | 2048 83c7 | 4048 83e9 | 087d ed48 
  0x00000189b4afccf0: 83c1 047c | 0cc5 fe7f | 0748 83c7 | 2048 83e9 | 0448 83c1 | 047e 1048 | ffc9 c5f9 | d607 4883 
  0x00000189b4afcd10: c708 48ff | c97d f34c | 8bed 8b7d | 208b 6c24 | 643b ef0f | 8d66 0400 | 008b 5c24 | 7048 8b04 
  0x00000189b4afcd30: 2444 8b50 | 0844 8b44 | 2468 4585 | c00f 8517 | 0500 008b | 4c24 6085 | c90f 850f | 0500 0083 
  0x00000189b4afcd50: fb01 0f8f | 0605 0000 | 458b 5d08 

  0x00000189b4afcd5c: ;   {metadata('java/nio/DirectByteBuffer')}
  0x00000189b4afcd5c: 4181 fba0 | e91b 000f | 8560 0500 | 00c5 f96e | f3c5 f96e | e7c4 e1f9 | 6ede 4489 | 4c24 1c4d 
  0x00000189b4afcd7c: 8bdd c4c1 | f96e eb45 | 8b5b 2445 | 85db 0f85 | 3905 0000 | c4c1 f97e | eb45 8b5b | 1c45 8bcb 
  0x00000189b4afcd9c: 4585 db0f | 8c83 0500 | 00c5 7b10 

  0x00000189b4afcda8: ;   {section_word}
  0x00000189b4afcda8: 4c24 10c5 | 792e 0d0d | feff ff0f | 8a76 0500 | 000f 8570 

  0x00000189b4afcdbc: ;   {metadata('java/nio/HeapByteBuffer')}
  0x00000189b4afcdbc: 0500 0041 | 81fa c82d | 1c00 0f85 | 6a05 0000 | 4c8b d0c4 | c1f9 6efa | 458b 521c | 418b fa45 
  0x00000189b4afcddc: 85d2 0f8c | 5905 0000 | c4c1 f97e | fa45 8b52 | 3047 8b5c | d40c 4489 | 5c24 6489 | 6c24 60c4 
  0x00000189b4afcdfc: e1f9 6ed0 | c4c1 f96e | cdc4 c1f9 | 7eeb 4d8b | 5b10 448b | 4020 4489 | 4424 6845 | 8bc1 4489 
  0x00000189b4afce1c: ;   {section_word}
  0x00000189b4afce1c: 4424 70c5 | fb10 0599 | fdff ff4d | 63c0 4c89 | 0424 448b | c744 8944 | 240c 4c63 | 4424 644c 
  0x00000189b4afce3c: 8944 2410 | 4c63 4424 | 0c4c 8944 | 2420 4b8d | 34d4 448b | d641 83e2 | 1f44 8954 | 2428 33ff 
  0x00000189b4afce5c: e9d9 0100 | 000f 1f84 | 0000 0000 | 000f 1f80 | 0000 0000 | 418b d244 | 8d14 1344 | 8d8a 8000 
  0x00000189b4afce7c: 0000 4403 | cb4d 63ea | 4d63 c94c | 63d2 4c8b | d84d 03da | 4e8d 3411 | c441 7e6f | 83c0 0000 
  0x00000189b4afce9c: 00c4 417e | 6f93 a000 | 0000 c441 | 7e6f 9b80 | 0000 00c4 | 417e 6f63 | 60c4 417e | 6f6b 40c4 
  0x00000189b4afcebc: 417e 6f73 | 20c4 417e | 6f3b c421 | 7e7f 7c36 | 10c4 217e | 7f74 2e30 | c421 7e7f | 6c36 50c4 
  0x00000189b4afcedc: 417e 6fab | e000 0000 | 448d 5a40 | 4403 db4d | 63d3 c421 | 7e7f 6416 | 30c4 217e | 7f9c 3690 
  0x00000189b4afcefc: 0000 00c4 | 217e 7f54 | 0e30 c421 | 7e7f 842e | d000 0000 | c421 7e7f | ac2e f000 | 0000 448d 
  0x00000189b4afcf1c: ;   {no_reloc}
  0x00000189b4afcf1c: 9200 0100 | 0045 3bd0 | 0f8c 46ff | ffff 4d8b | af50 0400 | 0044 8d9a | ff00 0000 | 448b 4c24 
  0x00000189b4afcf3c: 1845 03cb | 448b 4424 | 6045 03c3 | 41ff c141 

  0x00000189b4afcf4c: ; ImmutableOopMap {rsi=Oop xmm1=Oop xmm2=Oop xmm3=Oop xmm5=Oop xmm7=Oop }
                      ;*goto {reexecute=1 rethrow=0 return_oop=0}
                      ; - (reexecute) org.bytedeco.javacv.Java2DFrameConverter::flipCopyWithGamma@615 (line 176)
                      ;   {poll}
  0x00000189b4afcf4c: ffc0 4185 | 4500 443b | d57d 3241 | 8bd2 4c8b | 5c24 3844 | 8bc5 442b | c23b ea44 | 0f4c c741 
  0x00000189b4afcf6c: 81f8 00e8 | 0300 41ba | 00e8 0300 | 450f 47c2 | 4403 c24c | 895c 2438 | e9ea feff | ff4c 8b5c 
  0x00000189b4afcf8c: 2430 4983 | c3e1 4981 | fb00 0000 | 8049 c7c0 | 0000 0080 | 4d0f 4cd8 | 458b c345 | 3bd0 0f8d 
  0x00000189b4afcfac: d701 0000 | 81c2 0001 | 0000 4c63 | d2c4 217e | 6f04 104e | 8d1c 11c4 | 217e 7f44 | 1e10 83c2 
  0x00000189b4afcfcc: 2041 3bd0 | 7ce4 4c8b | 5c24 383b | 5424 1c7d | 1c66 6690 | 4c63 d246 | 0fbe 0410 | 4e8d 0c11 
  0x00000189b4afcfec: 4688 440e | 10ff c23b | 5424 1c7c | e7c4 c1f9 | 7ec0 8b6c | 2418 036c | 2408 896c | 2418 448b 
  0x00000189b4afd00c: 5424 6044 | 0354 246c | 4489 5424 | 60c4 c1f9 | 7eca 458b | 5220 4d8b | 8f50 0400 

  0x00000189b4afd028: ; ImmutableOopMap {rsi=Oop xmm1=Oop xmm2=Oop xmm3=Oop xmm5=Oop xmm7=Oop }
                      ;*goto {reexecute=1 rethrow=0 return_oop=0}
                      ; - (reexecute) org.bytedeco.javacv.Java2DFrameConverter::flipCopyWithGamma@631 (line 193)
                      ;   {poll}
  0x00000189b4afd028: 0041 8501 | 448b 4424 | 6045 3bc2 | 0f8d 5501 | 0000 448b | 4424 1844 | 3b44 2468 | 0f8d b201 
  0x00000189b4afd048: 0000 448b | 4424 6844 | 2b44 2418 | c5f9 7ee1 | 2b4c 2460 | 448b 5424 | 1c44 3bd1 | 440f 4fd1 
  0x00000189b4afd068: 453b d045 | 0f4f d044 | 8954 241c | 4585 d20f | 8e28 0100 | 0044 8b54 | 2460 443b | 5424 700f 
  0x00000189b4afd088: 8322 0100 | 004c 6354 | 241c 4c89 | 5424 304c | 6354 2460 | 4c8b 4424 | 304f 8d44 | 10ff 4c3b 
  0x00000189b4afd0a8: 0424 0f83 | ff00 0000 | 8b6c 2418 | 3b6c 240c | 0f83 f100 | 0000 4c63 | 4424 184c | 8b4c 2430 
  0x00000189b4afd0c8: 4f8d 4408 | ff4c 3b44 | 2420 0f83 | d700 0000 | 8b5c 2418 | c4c1 f97e | f841 0358 | 283b 5c24 
  0x00000189b4afd0e8: 640f 83c0 | 0000 0048 | 63cb 4d8d | 4409 ff4c | 3b44 2410 | 0f83 ad00 | 0000 498b | c349 03c2 
  0x00000189b4afd108: 448b 4424 | 2844 03c3 | 41ba 0f00 | 0000 452b | d041 b905 | 0000 00c4 | 42b0 f5d2 | 4983 c201 
  0x00000189b4afd128: ;   {no_reloc}
  0x00000189b4afd128: 4c3b 5424 | 304c 8b44 | 2430 4d0f | 4cc2 458b | d033 d24c | 63c2 460f | be0c 004a | 8d2c 0144 
  0x00000189b4afd148: 884c 2e10 | 448d 4201 | 453b c27d | 0541 8bd0 | ebe1 4c8b | 5424 3049 | 81c2 01ff | ffff 4981 
  0x00000189b4afd168: fa00 0000 | 8049 c7c1 | 0000 0080 | 4d0f 4cd1 | 418b ea44 | 3bc5 7d74 | ffc2 e9d8 | fdff ff41 
  0x00000189b4afd188: 8bd2 e943 | feff ffc5 | f877 4883 

  0x00000189b4afd194: ;   {poll_return}
  0x00000189b4afd194: c450 5d49 | 3ba7 4804 | 0000 0f87 | cc01 0000 | c3c4 41f9 | 7ec8 e94f | feff ffba | 76ff ffff 
  0x00000189b4afd1b4: c4e1 f97e | cd44 8b54 | 246c 4489 | 5424 64c5 | fb11 5424 | 6844 8b54 | 2408 4489 | 1424 c57b 
  0x00000189b4afd1d4: 114c 2408 | c5fa 1174 | 2404 c5fb | 115c 2420 

  0x00000189b4afd1e4: ;   {runtime_call UncommonTrapBlob}
  0x00000189b4afd1e4: c5f8 77e8 

  0x00000189b4afd1e8: ; ImmutableOopMap {rbp=Oop [32]=Oop [104]=Oop }
                      ;*if_icmpge {reexecute=1 rethrow=0 return_oop=0}
                      ; - (reexecute) org.bytedeco.javacv.Java2DFrameConverter::flipCopyWithGamma@505 (line 176)
  0x00000189b4afd1e8: 1474 97ff 

  0x00000189b4afd1ec: ;   {other}
  0x00000189b4afd1ec: 0f1f 8400 | dc07 0002 | 418b d0e9 | dbfd ffff | ba45 ffff | ff66 6690 

  0x00000189b4afd204: ;   {runtime_call UncommonTrapBlob}
  0x00000189b4afd204: c5f8 77e8 

  0x00000189b4afd208: ; ImmutableOopMap {}
                      ;*if_icmpge {reexecute=1 rethrow=0 return_oop=0}
                      ; - (reexecute) org.bytedeco.javacv.Java2DFrameConverter::flipCopyWithGamma@55 (line 117)
  0x00000189b4afd208: f473 97ff 

  0x00000189b4afd20c: ;   {other}
  0x00000189b4afd20c: 0f1f 8400 | fc07 0003 | 4489 4c24 

  0x00000189b4afd218: ;   {metadata({type array byte})}
  0x00000189b4afd218: 1c48 ba68 | 2200 ca89 | 0100 0044 | 8b44 2470 

  0x00000189b4afd228: ;   {runtime_call _new_array_Java}
  0x00000189b4afd228: c5f8 77e8 

  0x00000189b4afd22c: ; ImmutableOopMap {rbp=Oop [0]=Oop }
                      ;*newarray {reexecute=0 rethrow=0 return_oop=1}
                      ; - org.bytedeco.javacv.Java2DFrameConverter::flipCopyWithGamma@36 (line 116)
  0x00000189b4afd22c: 5014 a4ff 

  0x00000189b4afd230: ;   {other}
  0x00000189b4afd230: 0f1f 8400 | 2008 0004 | 448b 4c24 | 1c48 8bf0 | e9d2 faff | ff48 634c | 2470 e9e1 | f9ff ff8b 
  0x00000189b4afd250: 4c24 6044 | 8b44 2468 | eb04 8b4c | 2460 ba76 | ffff ff4c | 896c 2460 | 448b 5424 | 6c44 8954 
  0x00000189b4afd270: 2468 448b | 5424 0844 | 8954 246c | c5fb 1044 | 2410 c5fb | 1144 2408 | 895c 2470 | 4489 4c24 
  0x00000189b4afd290: 1044 8b5c | 2418 4489 | 5c24 1448 | 8974 2418 | 897c 2424 | 894c 2428 | 4489 4424 | 2c66 6690 
  0x00000189b4afd2b0: ;   {runtime_call UncommonTrapBlob}
  0x00000189b4afd2b0: c5f8 77e8 

  0x00000189b4afd2b4: ; ImmutableOopMap {[0]=Oop [24]=Oop [96]=Oop }
                      ;*if_icmpge {reexecute=1 rethrow=0 return_oop=0}
                      ; - (reexecute) org.bytedeco.javacv.Java2DFrameConverter::flipCopyWithGamma@46 (line 117)
  0x00000189b4afd2b4: 4873 97ff 

  0x00000189b4afd2b8: ;   {other}
  0x00000189b4afd2b8: 0f1f 8400 | a808 0005 | 448b 4c24 | 1cc5 f97e | e7ba beff | ffff 4c89 | 6c24 6044 | 8b5c 246c 
  0x00000189b4afd2d8: 4489 5c24 | 6844 8b54 | 2408 4489 | 5424 6cc5 | fb10 4424 | 10c5 fb11 | 4424 0889 | 5c24 7044 
  0x00000189b4afd2f8: 894c 2410 | 448b 5c24 | 1844 895c | 2414 4889 | 7424 1889 | 7c24 2489 | 4c24 2844 | 8944 242c 
  0x00000189b4afd318: ;   {runtime_call UncommonTrapBlob}
  0x00000189b4afd318: c5f8 77e8 

  0x00000189b4afd31c: ; ImmutableOopMap {[0]=Oop [24]=Oop [96]=Oop }
                      ;*if_icmpge {reexecute=1 rethrow=0 return_oop=0}
                      ; - (reexecute) org.bytedeco.javacv.Java2DFrameConverter::flipCopyWithGamma@46 (line 117)
  0x00000189b4afd31c: e072 97ff 

  0x00000189b4afd320: ;   {other}
  0x00000189b4afd320: 0f1f 8400 | 1009 0006 | 448b 4c24 | 1ceb 9a44 | 8b4c 241c | eb93 448b | 4c24 1ceb | 8c44 8b4c 
  0x00000189b4afd340: 241c c5f9 | 7ee7 e97e | ffff ffba | f6ff ffff 

  0x00000189b4afd350: ;   {runtime_call UncommonTrapBlob}
  0x00000189b4afd350: c5f8 77e8 

  0x00000189b4afd354: ; ImmutableOopMap {}
                      ;*invokevirtual capacity {reexecute=0 rethrow=0 return_oop=0}
                      ; - org.bytedeco.javacv.Java2DFrameConverter::flipCopyWithGamma@43 (line 117)
  0x00000189b4afd354: a872 97ff 

  0x00000189b4afd358: ;   {other}
  0x00000189b4afd358: 0f1f 8400 | 4809 0007 | 488b d0c5 | f877 4883 

  0x00000189b4afd368: ;   {runtime_call _rethrow_Java}
  0x00000189b4afd368: c450 5de9 | 90eb a3ff 

  0x00000189b4afd370: ;   {internal_word}
  0x00000189b4afd370: 49ba 97d1 | afb4 8901 | 0000 4d89 | 9760 0400 

  0x00000189b4afd380: ;   {runtime_call SafepointBlob}
  0x00000189b4afd380: 00e9 7a83 

  0x00000189b4afd384: ;   {runtime_call StubRoutines (final stubs)}
  0x00000189b4afd384: 97ff e8d5 | 7995 ffe9 | 6af8 ffff 
[Exception Handler]
  0x00000189b4afd390: ;   {no_reloc}
  0x00000189b4afd390: e96b d1a3 | ffe8 0000 | 0000 4883 

  0x00000189b4afd39c: ;   {runtime_call DeoptimizationBlob}
  0x00000189b4afd39c: 2c24 05e9 | fc75 97ff | f4f4 f4f4 
[/MachCode]


---------------  P R O C E S S  ---------------

Threads class SMR info:
_java_thread_list=0x0000018a0fa32a80, length=24, elements={
0x00000189a25e2270, 0x00000189c91b45d0, 0x00000189c8a4df10, 0x00000189c91b6f70,
0x00000189c91b75d0, 0x00000189c91b87c0, 0x00000189c91beec0, 0x00000189c91c23f0,
0x00000189c91c5630, 0x00000189c930b470, 0x00000189c9308680, 0x00000189c9307ff0,
0x00000189c9308d10, 0x00000189c93093a0, 0x00000189c930a750, 0x00000189c9309a30,
0x00000189c930ade0, 0x0000018a1192fca0, 0x0000018a1192f610, 0x0000018a11930330,
0x0000018a119344d0, 0x0000018a11931050, 0x0000018a11935880, 0x0000018a11933e40
}

Java Threads: ( => current thread )
  0x00000189a25e2270 JavaThread "main"                              [_thread_blocked, id=21796, stack(0x0000005f0c100000,0x0000005f0c200000) (1024K)]
  0x00000189c91b45d0 JavaThread "Reference Handler"          daemon [_thread_blocked, id=7428, stack(0x0000005f0c900000,0x0000005f0ca00000) (1024K)]
  0x00000189c8a4df10 JavaThread "Finalizer"                  daemon [_thread_blocked, id=3736, stack(0x0000005f0ca00000,0x0000005f0cb00000) (1024K)]
  0x00000189c91b6f70 JavaThread "Signal Dispatcher"          daemon [_thread_blocked, id=13212, stack(0x0000005f0cb00000,0x0000005f0cc00000) (1024K)]
  0x00000189c91b75d0 JavaThread "Attach Listener"            daemon [_thread_blocked, id=2628, stack(0x0000005f0cc00000,0x0000005f0cd00000) (1024K)]
  0x00000189c91b87c0 JavaThread "Service Thread"             daemon [_thread_blocked, id=6320, stack(0x0000005f0cd00000,0x0000005f0ce00000) (1024K)]
  0x00000189c91beec0 JavaThread "Monitor Deflation Thread"   daemon [_thread_blocked, id=24052, stack(0x0000005f0ce00000,0x0000005f0cf00000) (1024K)]
  0x00000189c91c23f0 JavaThread "C2 CompilerThread0"         daemon [_thread_blocked, id=25628, stack(0x0000005f0cf00000,0x0000005f0d000000) (1024K)]
  0x00000189c91c5630 JavaThread "C1 CompilerThread0"         daemon [_thread_blocked, id=4324, stack(0x0000005f0d000000,0x0000005f0d100000) (1024K)]
  0x00000189c930b470 JavaThread "Notification Thread"        daemon [_thread_blocked, id=21628, stack(0x0000005f0d100000,0x0000005f0d200000) (1024K)]
  0x00000189c9308680 JavaThread "Common-Cleaner"             daemon [_thread_blocked, id=3556, stack(0x0000005f0d200000,0x0000005f0d300000) (1024K)]
  0x00000189c9307ff0 JavaThread "Thread-1"                   daemon [_thread_blocked, id=2168, stack(0x0000005f0de00000,0x0000005f0df00000) (1024K)]
  0x00000189c9308d10 JavaThread "ForkJoinPool.commonPool-worker-1" daemon [_thread_blocked, id=21428, stack(0x0000005f0df00000,0x0000005f0e000000) (1024K)]
  0x00000189c93093a0 JavaThread "ForkJoinPool.commonPool-worker-2" daemon [_thread_blocked, id=26152, stack(0x0000005f0e000000,0x0000005f0e100000) (1024K)]
  0x00000189c930a750 JavaThread "Java2D Disposer"            daemon [_thread_blocked, id=24476, stack(0x0000005f0e200000,0x0000005f0e300000) (1024K)]
  0x00000189c9309a30 JavaThread "AWT-Shutdown"                      [_thread_blocked, id=4160, stack(0x0000005f0e300000,0x0000005f0e400000) (1024K)]
  0x00000189c930ade0 JavaThread "AWT-Windows"                daemon [_thread_in_native, id=23072, stack(0x0000005f0e400000,0x0000005f0e500000) (1024K)]
=>0x0000018a1192fca0 JavaThread "AWT-EventQueue-0"                  [_thread_in_Java, id=4416, stack(0x0000005f0e500000,0x0000005f0e600000) (1024K)]
  0x0000018a1192f610 JavaThread "D3D Screen Updater"         daemon [_thread_blocked, id=9544, stack(0x0000005f0e900000,0x0000005f0ea00000) (1024K)]
  0x0000018a11930330 JavaThread "TimerQueue"                 daemon [_thread_blocked, id=23844, stack(0x0000005f0ea00000,0x0000005f0eb00000) (1024K)]
  0x0000018a119344d0 JavaThread "Swing-Shell"                daemon [_thread_blocked, id=19968, stack(0x0000005f0eb00000,0x0000005f0ec00000) (1024K)]
  0x0000018a11931050 JavaThread "SwingWorker-pool-2-thread-1" daemon [_thread_blocked, id=22824, stack(0x0000005f0f000000,0x0000005f0f100000) (1024K)]
  0x0000018a11935880 JavaThread "JavaCPP Deallocator"        daemon [_thread_blocked, id=24208, stack(0x0000005f0f200000,0x0000005f0f300000) (1024K)]
  0x0000018a11933e40 JavaThread "SwingWorker-pool-2-thread-2" daemon [_thread_blocked, id=17040, stack(0x0000005f0d320000,0x0000005f0d420000) (1024K)]
Total: 24

Other Threads:
  0x00000189c8a35df0 VMThread "VM Thread"                           [id=14076, stack(0x0000005f0c800000,0x0000005f0c900000) (1024K)]
  0x00000189c8a231e0 WatcherThread "VM Periodic Task Thread"        [id=23980, stack(0x0000005f0c700000,0x0000005f0c800000) (1024K)]
  0x00000189a48aa3c0 WorkerThread "GC Thread#0"                     [id=5184, stack(0x0000005f0c200000,0x0000005f0c300000) (1024K)]
  0x0000018a0f02f110 WorkerThread "GC Thread#1"                     [id=24172, stack(0x0000005f0d500000,0x0000005f0d600000) (1024K)]
  0x0000018a0f298ea0 WorkerThread "GC Thread#2"                     [id=25728, stack(0x0000005f0d600000,0x0000005f0d700000) (1024K)]
  0x0000018a0f299a50 WorkerThread "GC Thread#3"                     [id=6404, stack(0x0000005f0d700000,0x0000005f0d800000) (1024K)]
  0x0000018a0f29a600 WorkerThread "GC Thread#4"                     [id=9764, stack(0x0000005f0d800000,0x0000005f0d900000) (1024K)]
  0x0000018a0f4ce940 WorkerThread "GC Thread#5"                     [id=23408, stack(0x0000005f0d900000,0x0000005f0da00000) (1024K)]
  0x0000018a0f4cf0f0 WorkerThread "GC Thread#6"                     [id=19112, stack(0x0000005f0da00000,0x0000005f0db00000) (1024K)]
  0x0000018a0f4cf490 WorkerThread "GC Thread#7"                     [id=10892, stack(0x0000005f0db00000,0x0000005f0dc00000) (1024K)]
  0x0000018a0f4cf830 WorkerThread "GC Thread#8"                     [id=24896, stack(0x0000005f0dc00000,0x0000005f0dd00000) (1024K)]
  0x0000018a0f4d1be0 WorkerThread "GC Thread#9"                     [id=23676, stack(0x0000005f0dd00000,0x0000005f0de00000) (1024K)]
  0x00000189a48bb4e0 ConcurrentGCThread "G1 Main Marker"            [id=4148, stack(0x0000005f0c300000,0x0000005f0c400000) (1024K)]
  0x00000189a48bc780 WorkerThread "G1 Conc#0"                       [id=12348, stack(0x0000005f0c400000,0x0000005f0c500000) (1024K)]
  0x0000018a109636f0 WorkerThread "G1 Conc#1"                       [id=22044, stack(0x0000005f0e600000,0x0000005f0e700000) (1024K)]
  0x0000018a109624d0 WorkerThread "G1 Conc#2"                       [id=19640, stack(0x0000005f0e700000,0x0000005f0e800000) (1024K)]
  0x00000189c88e10a0 ConcurrentGCThread "G1 Refine#0"               [id=22148, stack(0x0000005f0c500000,0x0000005f0c600000) (1024K)]
  0x00000189c88e5b30 ConcurrentGCThread "G1 Service"                [id=24348, stack(0x0000005f0c600000,0x0000005f0c700000) (1024K)]
Total: 18

Threads with active compile tasks:
Total: 0

VM state: not at safepoint (normal execution)

VM Mutex/Monitor currently owned by a thread: None

Heap address: 0x0000000600c00000, size: 8180 MB, Compressed Oops mode: Zero based, Oop shift amount: 3

CDS archive(s) mapped at: [0x00000189ca000000-0x00000189cac80000-0x00000189cac80000), size 13107200, SharedBaseAddress: 0x00000189ca000000, ArchiveRelocationMode: 1.
Compressed class space mapped at: 0x00000189cb000000-0x0000018a0b000000, reserved size: 1073741824
Narrow klass base: 0x00000189ca000000, Narrow klass shift: 0, Narrow klass range: 0x100000000

GC Precious Log:
 CardTable entry size: 512
 Card Set container configuration: InlinePtr #cards 4 size 8 Array Of Cards #cards 32 size 80 Howl #buckets 8 coarsen threshold 7372 Howl Bitmap #cards 1024 size 144 coarsen threshold 921 Card regions per heap region 1 cards per card region 8192
 CPUs: 12 total, 12 available
 Memory: 32719M
 Large Page Support: Disabled
 NUMA Support: Disabled
 Compressed Oops: Enabled (Zero based)
 Heap Region Size: 4M
 Heap Min Capacity: 8M
 Heap Initial Capacity: 512M
 Heap Max Capacity: 8180M
 Pre-touch: Disabled
 Parallel Workers: 10
 Concurrent Workers: 3
 Concurrent Refinement Workers: 10
 Periodic GC: Disabled

Heap:
 garbage-first heap   total 69632K, used 24729K [0x0000000600c00000, 0x0000000800000000)
  region size 4096K, 1 young (4096K), 0 survivors (0K)
 Metaspace       used 38297K, committed 38720K, reserved 1114112K
  class space    used 3886K, committed 4096K, reserved 1048576K

Heap Regions: E=young(eden), S=young(survivor), O=old, HS=humongous(starts), HC=humongous(continues), CS=collection set, F=free, TAMS=top-at-mark-start, PB=parsable bottom
|   0|0x0000000600c00000, 0x0000000600fff660, 0x0000000601000000| 99%| O|  |TAMS 0x0000000600c00000| PB 0x0000000600c00000| Untracked 
|   1|0x0000000601000000, 0x0000000601400000, 0x0000000601400000|100%| O|  |TAMS 0x0000000601000000| PB 0x0000000601000000| Untracked 
|   2|0x0000000601400000, 0x0000000601800000, 0x0000000601800000|100%| O|  |TAMS 0x0000000601400000| PB 0x0000000601400000| Untracked 
|   3|0x0000000601800000, 0x0000000601c00000, 0x0000000601c00000|100%| O|  |TAMS 0x0000000601800000| PB 0x0000000601800000| Untracked 
|   4|0x0000000601c00000, 0x0000000601fffff8, 0x0000000602000000| 99%| O|  |TAMS 0x0000000601c00000| PB 0x0000000601c00000| Untracked 
|   5|0x0000000602000000, 0x00000006023f4170, 0x0000000602400000| 98%| O|  |TAMS 0x0000000602000000| PB 0x0000000602000000| Untracked 
|   6|0x0000000602400000, 0x0000000602432fc8, 0x0000000602800000|  4%| O|  |TAMS 0x0000000602400000| PB 0x0000000602400000| Untracked 
|   7|0x0000000602800000, 0x0000000602800000, 0x0000000602c00000|  0%| F|  |TAMS 0x0000000602800000| PB 0x0000000602800000| Untracked 
|   8|0x0000000602c00000, 0x0000000602c00000, 0x0000000603000000|  0%| F|  |TAMS 0x0000000602c00000| PB 0x0000000602c00000| Untracked 
|   9|0x0000000603000000, 0x0000000603000000, 0x0000000603400000|  0%| F|  |TAMS 0x0000000603000000| PB 0x0000000603000000| Untracked 
|  10|0x0000000603400000, 0x0000000603400000, 0x0000000603800000|  0%| F|  |TAMS 0x0000000603400000| PB 0x0000000603400000| Untracked 
|  11|0x0000000603800000, 0x0000000603800000, 0x0000000603c00000|  0%| F|  |TAMS 0x0000000603800000| PB 0x0000000603800000| Untracked 
|  12|0x0000000603c00000, 0x0000000603c00000, 0x0000000604000000|  0%| F|  |TAMS 0x0000000603c00000| PB 0x0000000603c00000| Untracked 
|  13|0x0000000604000000, 0x0000000604000000, 0x0000000604400000|  0%| F|  |TAMS 0x0000000604000000| PB 0x0000000604000000| Untracked 
|  14|0x0000000604400000, 0x0000000604400000, 0x0000000604800000|  0%| F|  |TAMS 0x0000000604400000| PB 0x0000000604400000| Untracked 
| 115|0x000000061d800000, 0x000000061d800000, 0x000000061dc00000|  0%| F|  |TAMS 0x000000061d800000| PB 0x000000061d800000| Untracked 
| 127|0x0000000620800000, 0x0000000620859d00, 0x0000000620c00000|  8%| E|  |TAMS 0x0000000620800000| PB 0x0000000620800000| Complete 

Card table byte_map: [0x00000189bd440000,0x00000189be440000] _byte_map_base: 0x00000189ba43a000

Marking Bits: (CMBitMap*) 0x00000189a48aaac0
 Bits: [0x00000189be440000, 0x00000189c6410000)

Polling page: 0x00000189a2790000

Metaspace:

Usage:
  Non-class:     33.60 MB used.
      Class:      3.80 MB used.
       Both:     37.40 MB used.

Virtual space:
  Non-class space:       64.00 MB reserved,      33.81 MB ( 53%) committed,  1 nodes.
      Class space:        1.00 GB reserved,       4.00 MB ( <1%) committed,  1 nodes.
             Both:        1.06 GB reserved,      37.81 MB (  3%) committed. 

Chunk freelists:
   Non-Class:  13.97 MB
       Class:  12.04 MB
        Both:  26.00 MB

MaxMetaspaceSize: unlimited
CompressedClassSpaceSize: 1.00 GB
Initial GC threshold: 21.00 MB
Current GC threshold: 63.06 MB
CDS: on
 - commit_granule_bytes: 65536.
 - commit_granule_words: 8192.
 - virtual_space_node_default_size: 8388608.
 - enlarge_chunks_in_place: 1.
 - use_allocation_guard: 0.


Internal statistics:

num_allocs_failed_limit: 6.
num_arena_births: 366.
num_arena_deaths: 0.
num_vsnodes_births: 2.
num_vsnodes_deaths: 0.
num_space_committed: 603.
num_space_uncommitted: 0.
num_chunks_returned_to_freelist: 6.
num_chunks_taken_from_freelist: 1315.
num_chunk_merges: 3.
num_chunk_splits: 946.
num_chunks_enlarged: 754.
num_inconsistent_stats: 0.

CodeHeap 'non-profiled nmethods': size=120000Kb used=3329Kb max_used=4036Kb free=116670Kb
 bounds [0x00000189b49c0000, 0x00000189b4dc0000, 0x00000189bbef0000]
CodeHeap 'profiled nmethods': size=120000Kb used=12053Kb max_used=14518Kb free=107946Kb
 bounds [0x00000189acef0000, 0x00000189add20000, 0x00000189b4420000]
CodeHeap 'non-nmethods': size=5760Kb used=2558Kb max_used=2575Kb free=3201Kb
 bounds [0x00000189b4420000, 0x00000189b46b0000, 0x00000189b49c0000]
 total_blobs=7200 nmethods=5826 adapters=1278
 compilation: enabled
              stopped_count=0, restarted_count=0
 full_count=0

Compilation events (20 events):
Event: 22.514 Thread 0x00000189c91c5630 nmethod 6941 0x00000189ad3d0710 code [0x00000189ad3d0900, 0x00000189ad3d0da0]
Event: 22.547 Thread 0x00000189c91c5630 6942       3       java.lang.Enum::compareTo (44 bytes)
Event: 22.548 Thread 0x00000189c91c5630 nmethod 6942 0x00000189ad18f010 code [0x00000189ad18f200, 0x00000189ad18f6d8]
Event: 22.597 Thread 0x00000189c91c23f0 6943       4       java.awt.Component::getInputContext (16 bytes)
Event: 22.598 Thread 0x00000189c91c23f0 nmethod 6943 0x00000189b4ba1490 code [0x00000189b4ba1620, 0x00000189b4ba16e0]
Event: 22.606 Thread 0x00000189c91c5630 6944       3       sun.awt.windows.WToolkit::showOrHideTouchKeyboard (199 bytes)
Event: 22.608 Thread 0x00000189c91c5630 nmethod 6944 0x00000189ad116510 code [0x00000189ad1169a0, 0x00000189ad118ec8]
Event: 22.616 Thread 0x00000189c91c23f0 6945       4       java.awt.Container::getChildAt (54 bytes)
Event: 22.632 Thread 0x00000189c91c23f0 nmethod 6945 0x00000189b4af8390 code [0x00000189b4af85e0, 0x00000189b4af94c8]
Event: 23.081 Thread 0x00000189c91c5630 6946       3       java.awt.LightweightDispatcher::processMouseEvent (268 bytes)
Event: 23.082 Thread 0x00000189c91c5630 nmethod 6946 0x00000189acf12d90 code [0x00000189acf130e0, 0x00000189acf14850]
Event: 26.163 Thread 0x00000189c91c5630 6947       3       java.awt.LightweightDispatcher::trackMouseEnterExit (111 bytes)
Event: 26.164 Thread 0x00000189c91c5630 nmethod 6947 0x00000189acf84010 code [0x00000189acf84340, 0x00000189acf858a0]
Event: 26.822 Thread 0x00000189c91c23f0 6948       4       java.util.concurrent.locks.AbstractQueuedSynchronizer$ConditionObject::canReacquire (38 bytes)
Event: 26.823 Thread 0x00000189c91c23f0 nmethod 6948 0x00000189b4ba1110 code [0x00000189b4ba12a0, 0x00000189b4ba13b8]
Event: 28.213 Thread 0x00000189c91c5630 6949       3       java.awt.event.MouseAdapter::mouseMoved (1 bytes)
Event: 28.213 Thread 0x00000189c91c5630 nmethod 6949 0x00000189ad250910 code [0x00000189ad250aa0, 0x00000189ad250ba8]
Event: 30.395 Thread 0x00000189c91c5630 6950       3       java.awt.ModalEventFilter$ApplicationModalEventFilter::acceptWindow (57 bytes)
Event: 30.395 Thread 0x00000189c91c5630 nmethod 6950 0x00000189acf6e890 code [0x00000189acf6ea80, 0x00000189acf6f090]
Event: 35.236 Thread 0x00000189c91c5630 6951       3       org.bytedeco.javacpp.Pointer::access$000 (4 bytes)

GC Heap History (20 events):
Event: 10.322 GC heap before
{Heap before GC invocations=6 (full 0):
 garbage-first heap   total 69632K, used 66296K [0x0000000600c00000, 0x0000000800000000)
  region size 4096K, 16 young (65536K), 4 survivors (16384K)
 Metaspace       used 29168K, committed 29568K, reserved 1114112K
  class space    used 3325K, committed 3520K, reserved 1048576K
}
Event: 10.331 GC heap after
{Heap after GC invocations=7 (full 0):
 garbage-first heap   total 86016K, used 20043K [0x0000000600c00000, 0x0000000800000000)
  region size 4096K, 4 young (16384K), 4 survivors (16384K)
 Metaspace       used 29168K, committed 29568K, reserved 1114112K
  class space    used 3325K, committed 3520K, reserved 1048576K
}
Event: 10.586 GC heap before
{Heap before GC invocations=7 (full 0):
 garbage-first heap   total 86016K, used 52811K [0x0000000600c00000, 0x0000000800000000)
  region size 4096K, 12 young (49152K), 4 survivors (16384K)
 Metaspace       used 30222K, committed 30592K, reserved 1114112K
  class space    used 3464K, committed 3648K, reserved 1048576K
}
Event: 10.597 GC heap after
{Heap after GC invocations=8 (full 0):
 garbage-first heap   total 86016K, used 20549K [0x0000000600c00000, 0x0000000800000000)
  region size 4096K, 2 young (8192K), 2 survivors (8192K)
 Metaspace       used 30222K, committed 30592K, reserved 1114112K
  class space    used 3464K, committed 3648K, reserved 1048576K
}
Event: 11.159 GC heap before
{Heap before GC invocations=8 (full 0):
 garbage-first heap   total 86016K, used 61509K [0x0000000600c00000, 0x0000000800000000)
  region size 4096K, 12 young (49152K), 2 survivors (8192K)
 Metaspace       used 35262K, committed 35648K, reserved 1114112K
  class space    used 3550K, committed 3712K, reserved 1048576K
}
Event: 11.162 GC heap after
{Heap after GC invocations=9 (full 0):
 garbage-first heap   total 86016K, used 19730K [0x0000000600c00000, 0x0000000800000000)
  region size 4096K, 1 young (4096K), 1 survivors (4096K)
 Metaspace       used 35262K, committed 35648K, reserved 1114112K
  class space    used 3550K, committed 3712K, reserved 1048576K
}
Event: 11.359 GC heap before
{Heap before GC invocations=9 (full 0):
 garbage-first heap   total 86016K, used 64786K [0x0000000600c00000, 0x0000000800000000)
  region size 4096K, 12 young (49152K), 1 survivors (4096K)
 Metaspace       used 35276K, committed 35648K, reserved 1114112K
  class space    used 3550K, committed 3712K, reserved 1048576K
}
Event: 11.362 GC heap after
{Heap after GC invocations=10 (full 0):
 garbage-first heap   total 86016K, used 19673K [0x0000000600c00000, 0x0000000800000000)
  region size 4096K, 1 young (4096K), 1 survivors (4096K)
 Metaspace       used 35276K, committed 35648K, reserved 1114112K
  class space    used 3550K, committed 3712K, reserved 1048576K
}
Event: 11.520 GC heap before
{Heap before GC invocations=10 (full 0):
 garbage-first heap   total 86016K, used 64729K [0x0000000600c00000, 0x0000000800000000)
  region size 4096K, 12 young (49152K), 1 survivors (4096K)
 Metaspace       used 35282K, committed 35648K, reserved 1114112K
  class space    used 3550K, committed 3712K, reserved 1048576K
}
Event: 11.523 GC heap after
{Heap after GC invocations=11 (full 0):
 garbage-first heap   total 86016K, used 19632K [0x0000000600c00000, 0x0000000800000000)
  region size 4096K, 1 young (4096K), 1 survivors (4096K)
 Metaspace       used 35282K, committed 35648K, reserved 1114112K
  class space    used 3550K, committed 3712K, reserved 1048576K
}
Event: 11.569 GC heap before
{Heap before GC invocations=11 (full 0):
 garbage-first heap   total 86016K, used 27824K [0x0000000600c00000, 0x0000000800000000)
  region size 4096K, 4 young (16384K), 1 survivors (4096K)
 Metaspace       used 35639K, committed 35968K, reserved 1114112K
  class space    used 3599K, committed 3776K, reserved 1048576K
}
Event: 11.572 GC heap after
{Heap after GC invocations=12 (full 0):
 garbage-first heap   total 307200K, used 19748K [0x0000000600c00000, 0x0000000800000000)
  region size 4096K, 1 young (4096K), 1 survivors (4096K)
 Metaspace       used 35639K, committed 35968K, reserved 1114112K
  class space    used 3599K, committed 3776K, reserved 1048576K
}
Event: 13.449 GC heap before
{Heap before GC invocations=13 (full 0):
 garbage-first heap   total 69632K, used 56612K [0x0000000600c00000, 0x0000000800000000)
  region size 4096K, 12 young (49152K), 1 survivors (4096K)
 Metaspace       used 37038K, committed 37440K, reserved 1114112K
  class space    used 3792K, committed 3968K, reserved 1048576K
}
Event: 13.515 GC heap after
{Heap after GC invocations=14 (full 1):
 garbage-first heap   total 69632K, used 22780K [0x0000000600c00000, 0x0000000800000000)
  region size 4096K, 0 young (0K), 0 survivors (0K)
 Metaspace       used 37038K, committed 37440K, reserved 1114112K
  class space    used 3792K, committed 3968K, reserved 1048576K
}
Event: 15.860 GC heap before
{Heap before GC invocations=14 (full 1):
 garbage-first heap   total 69632K, used 22780K [0x0000000600c00000, 0x0000000800000000)
  region size 4096K, 1 young (4096K), 0 survivors (0K)
 Metaspace       used 37160K, committed 37568K, reserved 1114112K
  class space    used 3797K, committed 4032K, reserved 1048576K
}
Event: 15.913 GC heap after
{Heap after GC invocations=15 (full 2):
 garbage-first heap   total 69632K, used 22734K [0x0000000600c00000, 0x0000000800000000)
  region size 4096K, 0 young (0K), 0 survivors (0K)
 Metaspace       used 37160K, committed 37568K, reserved 1114112K
  class space    used 3797K, committed 4032K, reserved 1048576K
}
Event: 15.975 GC heap before
{Heap before GC invocations=15 (full 2):
 garbage-first heap   total 69632K, used 22734K [0x0000000600c00000, 0x0000000800000000)
  region size 4096K, 1 young (4096K), 0 survivors (0K)
 Metaspace       used 37222K, committed 37632K, reserved 1114112K
  class space    used 3800K, committed 4032K, reserved 1048576K
}
Event: 16.031 GC heap after
{Heap after GC invocations=16 (full 3):
 garbage-first heap   total 69632K, used 22748K [0x0000000600c00000, 0x0000000800000000)
  region size 4096K, 0 young (0K), 0 survivors (0K)
 Metaspace       used 37222K, committed 37632K, reserved 1114112K
  class space    used 3800K, committed 4032K, reserved 1048576K
}
Event: 35.181 GC heap before
{Heap before GC invocations=16 (full 3):
 garbage-first heap   total 69632K, used 55516K [0x0000000600c00000, 0x0000000800000000)
  region size 4096K, 9 young (36864K), 0 survivors (0K)
 Metaspace       used 38296K, committed 38720K, reserved 1114112K
  class space    used 3886K, committed 4096K, reserved 1048576K
}
Event: 35.236 GC heap after
{Heap after GC invocations=17 (full 4):
 garbage-first heap   total 69632K, used 24729K [0x0000000600c00000, 0x0000000800000000)
  region size 4096K, 0 young (0K), 0 survivors (0K)
 Metaspace       used 38296K, committed 38720K, reserved 1114112K
  class space    used 3886K, committed 4096K, reserved 1048576K
}

Dll operation events (20 events):
Event: 10.484 Loaded shared library C:\Users\ethan\.javacpp\cache\ffmpeg-6.0-1.5.9-windows-x86_64.jar\org\bytedeco\ffmpeg\windows-x86_64\swresample-4.dll
Event: 10.498 Loaded shared library C:\Users\ethan\.javacpp\cache\ffmpeg-6.0-1.5.9-windows-x86_64.jar\org\bytedeco\ffmpeg\windows-x86_64\jniswresample.dll
Event: 10.535 Loaded shared library C:\Users\ethan\.javacpp\cache\ffmpeg-6.0-1.5.9-windows-x86_64.jar\org\bytedeco\ffmpeg\windows-x86_64\avcodec-60.dll
Event: 10.549 Loaded shared library C:\Users\ethan\.javacpp\cache\ffmpeg-6.0-1.5.9-windows-x86_64.jar\org\bytedeco\ffmpeg\windows-x86_64\jniavcodec.dll
Event: 10.607 Loaded shared library C:\Users\ethan\.javacpp\cache\ffmpeg-6.0-1.5.9-windows-x86_64.jar\org\bytedeco\ffmpeg\windows-x86_64\avformat-60.dll
Event: 10.621 Loaded shared library C:\Users\ethan\.javacpp\cache\ffmpeg-6.0-1.5.9-windows-x86_64.jar\org\bytedeco\ffmpeg\windows-x86_64\jniavformat.dll
Event: 10.661 Loaded shared library C:\Users\ethan\.javacpp\cache\ffmpeg-6.0-1.5.9-windows-x86_64.jar\org\bytedeco\ffmpeg\windows-x86_64\swscale-7.dll
Event: 10.675 Loaded shared library C:\Users\ethan\.javacpp\cache\ffmpeg-6.0-1.5.9-windows-x86_64.jar\org\bytedeco\ffmpeg\windows-x86_64\jniswscale.dll
Event: 10.733 Loaded shared library C:\Users\ethan\.javacpp\cache\ffmpeg-6.0-1.5.9-windows-x86_64.jar\org\bytedeco\ffmpeg\windows-x86_64\avfilter-9.dll
Event: 10.745 Loaded shared library C:\Users\ethan\.javacpp\cache\ffmpeg-6.0-1.5.9-windows-x86_64.jar\org\bytedeco\ffmpeg\windows-x86_64\jniavfilter.dll
Event: 10.767 Loaded shared library C:\Users\ethan\.javacpp\cache\ffmpeg-6.0-1.5.9-windows-x86_64.jar\org\bytedeco\ffmpeg\windows-x86_64\avdevice-60.dll
Event: 10.779 Loaded shared library C:\Users\ethan\.javacpp\cache\ffmpeg-6.0-1.5.9-windows-x86_64.jar\org\bytedeco\ffmpeg\windows-x86_64\jniavdevice.dll
Event: 11.046 Loaded shared library C:\Users\ethan\.javacpp\cache\openblas-0.3.23-1.5.9-windows-x86_64.jar\org\bytedeco\openblas\windows-x86_64\libopenblas_nolapack.dll
Event: 11.060 Loaded shared library C:\Users\ethan\.javacpp\cache\openblas-0.3.23-1.5.9-windows-x86_64.jar\org\bytedeco\openblas\windows-x86_64\jniopenblas_nolapack.dll
Event: 11.140 Loaded shared library C:\Users\ethan\.javacpp\cache\openblas-0.3.23-1.5.9-windows-x86_64.jar\org\bytedeco\openblas\windows-x86_64\libopenblas.dll
Event: 11.151 Loaded shared library C:\Users\ethan\.javacpp\cache\openblas-0.3.23-1.5.9-windows-x86_64.jar\org\bytedeco\openblas\windows-x86_64\jniopenblas.dll
Event: 11.512 Loaded shared library C:\Users\ethan\.javacpp\cache\opencv-4.9.0-1.5.10-windows-x86_64.jar\org\bytedeco\opencv\windows-x86_64\opencv_core490.dll
Event: 11.533 Loaded shared library C:\Users\ethan\.javacpp\cache\opencv-4.9.0-1.5.10-windows-x86_64.jar\org\bytedeco\opencv\windows-x86_64\opencv_imgproc490.dll
Event: 11.550 Loaded shared library C:\Users\ethan\.javacpp\cache\opencv-4.9.0-1.5.10-windows-x86_64.jar\org\bytedeco\opencv\windows-x86_64\jniopencv_core.dll
Event: 16.147 Loaded shared library C:\Users\ethan\.javacpp\cache\opencv-4.9.0-1.5.10-windows-x86_64.jar\org\bytedeco\opencv\windows-x86_64\jniopencv_imgproc.dll

Deoptimization events (20 events):
Event: 17.864 Thread 0x0000018a1192fca0 Uncommon trap: trap_request=0xffffff45 fr.pc=0x00000189b4aa68e8 relative=0x00000000000000c8
Event: 17.864 Thread 0x0000018a1192fca0 Uncommon trap: reason=unstable_if action=reinterpret pc=0x00000189b4aa68e8 method=java.lang.Math.round(D)J @ 48 c2
Event: 17.864 Thread 0x0000018a1192fca0 DEOPT PACKING pc=0x00000189b4aa68e8 sp=0x0000005f0e5fe320
Event: 17.864 Thread 0x0000018a1192fca0 DEOPT UNPACKING pc=0x00000189b44746a2 sp=0x0000005f0e5fe280 mode 2
Event: 17.924 Thread 0x0000018a1192fca0 Uncommon trap: trap_request=0xffffff45 fr.pc=0x00000189b4d0d7f8 relative=0x00000000000001f8
Event: 17.924 Thread 0x0000018a1192fca0 Uncommon trap: reason=unstable_if action=reinterpret pc=0x00000189b4d0d7f8 method=sun.java2d.SunGraphics2D.validateBasicStroke(Ljava/awt/BasicStroke;)V @ 5 c2
Event: 17.924 Thread 0x0000018a1192fca0 DEOPT PACKING pc=0x00000189b4d0d7f8 sp=0x0000005f0e5fc9d0
Event: 17.924 Thread 0x0000018a1192fca0 DEOPT UNPACKING pc=0x00000189b44746a2 sp=0x0000005f0e5fc8d0 mode 2
Event: 17.928 Thread 0x0000018a1192fca0 Uncommon trap: trap_request=0xffffff45 fr.pc=0x00000189b4d68c7c relative=0x0000000000001c3c
Event: 17.928 Thread 0x0000018a1192fca0 Uncommon trap: reason=unstable_if action=reinterpret pc=0x00000189b4d68c7c method=sun.java2d.pipe.BufferedContext.validate(Lsun/java2d/pipe/hw/AccelSurface;Lsun/java2d/pipe/hw/AccelSurface;Lsun/java2d/pipe/Region;Ljava/awt/Composite;Ljava/awt/geom/AffineT
Event: 17.928 Thread 0x0000018a1192fca0 DEOPT PACKING pc=0x00000189b4d68c7c sp=0x0000005f0e5fc270
Event: 17.928 Thread 0x0000018a1192fca0 DEOPT UNPACKING pc=0x00000189b44746a2 sp=0x0000005f0e5fc1f8 mode 2
Event: 17.930 Thread 0x0000018a1192fca0 Uncommon trap: trap_request=0xffffff45 fr.pc=0x00000189b4d791a4 relative=0x0000000000000dc4
Event: 17.930 Thread 0x0000018a1192fca0 Uncommon trap: reason=unstable_if action=reinterpret pc=0x00000189b4d791a4 method=java.awt.Container.findComponentAtImpl(IIZ)Ljava/awt/Component; @ 17 c2
Event: 17.930 Thread 0x0000018a1192fca0 DEOPT PACKING pc=0x00000189b4d791a4 sp=0x0000005f0e5fc860
Event: 17.930 Thread 0x0000018a1192fca0 DEOPT UNPACKING pc=0x00000189b44746a2 sp=0x0000005f0e5fc810 mode 2
Event: 17.956 Thread 0x0000018a1192fca0 Uncommon trap: trap_request=0xffffff45 fr.pc=0x00000189b4cf4250 relative=0x0000000000000cf0
Event: 17.956 Thread 0x0000018a1192fca0 Uncommon trap: reason=unstable_if action=reinterpret pc=0x00000189b4cf4250 method=sun.java2d.pipe.PixelToParallelogramConverter.fillRectangle(Lsun/java2d/SunGraphics2D;DDDD)V @ 102 c2
Event: 17.956 Thread 0x0000018a1192fca0 DEOPT PACKING pc=0x00000189b4cf4250 sp=0x0000005f0e5fc340
Event: 17.956 Thread 0x0000018a1192fca0 DEOPT UNPACKING pc=0x00000189b44746a2 sp=0x0000005f0e5fc1a0 mode 2

Classes loaded (20 events):
Event: 17.942 Loading class sun/java2d/marlin/DMarlinRenderingEngine$NormMode$2
Event: 17.942 Loading class sun/java2d/marlin/DMarlinRenderingEngine$NormMode$2 done
Event: 17.942 Loading class sun/java2d/marlin/DMarlinRenderingEngine$NormMode$3
Event: 17.942 Loading class sun/java2d/marlin/DMarlinRenderingEngine$NormMode$3 done
Event: 17.942 Loading class java/awt/geom/EllipseIterator
Event: 17.942 Loading class java/awt/geom/EllipseIterator done
Event: 17.942 Loading class sun/java2d/marlin/Helpers
Event: 17.942 Loading class sun/java2d/marlin/Helpers done
Event: 17.942 Loading class java/lang/FdLibm$Acos
Event: 17.942 Loading class java/lang/FdLibm$Acos done
Event: 17.942 Loading class java/lang/FdLibm
Event: 17.943 Loading class java/lang/FdLibm done
Event: 17.943 Loading class java/lang/FdLibm$Cbrt
Event: 17.943 Loading class java/lang/FdLibm$Cbrt done
Event: 17.943 Loading class sun/java2d/marlin/ArrayCacheConst
Event: 17.944 Loading class sun/java2d/marlin/ArrayCacheConst done
Event: 17.962 Loading class java/util/Vector$1
Event: 17.962 Loading class java/util/Vector$1 done
Event: 17.963 Loading class javax/swing/JToggleButton$1
Event: 17.963 Loading class javax/swing/JToggleButton$1 done

Classes unloaded (0 events):
No events

Classes redefined (0 events):
No events

Internal exceptions (20 events):
Event: 4.069 Thread 0x00000189a25e2270 Exception <a 'java/lang/NoSuchMethodError'{0x000000061f5bb478}: 'long java.lang.invoke.DelegatingMethodHandle$Holder.reinvoke_L(java.lang.Object, java.lang.Object)'> (0x000000061f5bb478) 
thrown [s\src\hotspot\share\interpreter\linkResolver.cpp, line 773]
Event: 4.070 Thread 0x00000189a25e2270 Exception <a 'java/lang/NoSuchMethodError'{0x000000061f5c52c0}: 'void java.lang.invoke.DelegatingMethodHandle$Holder.reinvoke_L(java.lang.Object, java.lang.Object, long)'> (0x000000061f5c52c0) 
thrown [s\src\hotspot\share\interpreter\linkResolver.cpp, line 773]
Event: 4.203 Thread 0x00000189c930a0c0 Exception <a 'java/lang/NoSuchMethodError'{0x000000061e987c98}: 'void java.lang.invoke.Invokers$Holder.invoke_MT(java.lang.Object, java.lang.Object, java.lang.Object)'> (0x000000061e987c98) 
thrown [s\src\hotspot\share\interpreter\linkResolver.cpp, line 773]
Event: 4.218 Thread 0x00000189c930a0c0 Exception <a 'java/lang/ClassNotFoundException'{0x000000061e9c1c80}: sun/awt/resources/spi/awtProvider> (0x000000061e9c1c80) 
thrown [s\src\hotspot\share\classfile\systemDictionary.cpp, line 312]
Event: 4.229 Thread 0x00000189c930a0c0 Exception <a 'java/io/FileNotFoundException'{0x000000061e9fca80}> (0x000000061e9fca80) 
thrown [s\src\hotspot\share\prims\jni.cpp, line 520]
Event: 4.233 Thread 0x00000189c930a0c0 Exception <a 'java/io/FileNotFoundException'{0x000000061ea27138}> (0x000000061ea27138) 
thrown [s\src\hotspot\share\prims\jni.cpp, line 520]
Event: 4.320 Thread 0x00000189c930a0c0 Exception <a 'java/lang/NoSuchMethodError'{0x000000061ea97950}: 'void java.lang.invoke.DirectMethodHandle$Holder.invokeStaticInit(java.lang.Object)'> (0x000000061ea97950) 
thrown [s\src\hotspot\share\interpreter\linkResolver.cpp, line 773]
Event: 4.330 Thread 0x00000189c930a0c0 Exception <a 'java/lang/NoSuchMethodError'{0x000000061eae1130}: 'java.lang.Object java.lang.invoke.DirectMethodHandle$Holder.invokeStatic(java.lang.Object, int, java.lang.Object)'> (0x000000061eae1130) 
thrown [s\src\hotspot\share\interpreter\linkResolver.cpp, line 773]
Event: 4.344 Thread 0x00000189c930a0c0 Exception <a 'java/lang/ClassNotFoundException'{0x000000061e58f820}: com/sun/java/swing/plaf/windows/resources/spi/windowsProvider> (0x000000061e58f820) 
thrown [s\src\hotspot\share\classfile\systemDictionary.cpp, line 312]
Event: 4.346 Thread 0x00000189c930a0c0 Exception <a 'java/lang/ClassNotFoundException'{0x000000061e5939d8}: com/sun/swing/internal/plaf/basic/resources/spi/basicProvider> (0x000000061e5939d8) 
thrown [s\src\hotspot\share\classfile\systemDictionary.cpp, line 312]
Event: 4.351 Thread 0x00000189c930a0c0 Exception <a 'java/lang/NoSuchMethodError'{0x000000061e5a14b0}: 'java.lang.Object java.lang.invoke.DirectMethodHandle$Holder.invokeStatic(java.lang.Object, java.lang.Object, int, java.lang.Object)'> (0x000000061e5a14b0) 
thrown [s\src\hotspot\share\interpreter\linkResolver.cpp, line 773]
Event: 4.352 Thread 0x00000189c930a0c0 Exception <a 'java/lang/NoSuchMethodError'{0x000000061e5a76b8}: 'java.lang.Object java.lang.invoke.DirectMethodHandle$Holder.newInvokeSpecial(java.lang.Object, java.lang.Object, int)'> (0x000000061e5a76b8) 
thrown [s\src\hotspot\share\interpreter\linkResolver.cpp, line 773]
Event: 4.707 Thread 0x0000018a1192fca0 Exception <a 'java/lang/NoSuchMethodError'{0x000000062084e208}: 'int java.lang.invoke.Invokers$Holder.invokeExact_MT(java.lang.Object, java.lang.Object)'> (0x000000062084e208) 
thrown [s\src\hotspot\share\interpreter\linkResolver.cpp, line 773]
Event: 6.474 Thread 0x0000018a1192fca0 Implicit null exception at 0x00000189b4bead76 to 0x00000189b4beb033
Event: 6.483 Thread 0x0000018a11933e40 Exception <a 'java/lang/NoSuchMethodError'{0x00000006037cb2f0}: 'java.lang.Object java.lang.invoke.DirectMethodHandle$Holder.newInvokeSpecial(java.lang.Object, java.lang.Object, java.lang.Object, int, int, int, int, int)'> (0x00000006037cb2f0) 
thrown [s\src\hotspot\share\interpreter\linkResolver.cpp, line 773]
Event: 7.076 Thread 0x0000018a1192fca0 Implicit null exception at 0x00000189b4cea6be to 0x00000189b4cea924
Event: 7.113 Thread 0x0000018a1192fca0 Exception <a 'java/lang/NoSuchMethodError'{0x00000006036f7f20}: 'int java.lang.invoke.DirectMethodHandle$Holder.invokeStatic(java.lang.Object)'> (0x00000006036f7f20) 
thrown [s\src\hotspot\share\interpreter\linkResolver.cpp, line 773]
Event: 7.135 Thread 0x0000018a1192fca0 Exception <a 'java/lang/NoSuchMethodError'{0x000000060373fe40}: 'java.lang.Object java.lang.invoke.DirectMethodHandle$Holder.newInvokeSpecial(java.lang.Object, int, java.lang.Object)'> (0x000000060373fe40) 
thrown [s\src\hotspot\share\interpreter\linkResolver.cpp, line 773]
Event: 10.118 Thread 0x0000018a11931050 Exception <a 'java/lang/NoSuchMethodError'{0x0000000602a712d8}: 'int java.lang.invoke.DirectMethodHandle$Holder.invokeStaticInit(java.lang.Object, java.lang.Object, java.lang.Object, java.lang.Object)'> (0x0000000602a712d8) 
thrown [s\src\hotspot\share\interpreter\linkResolver.cpp, line 773]
Event: 10.118 Thread 0x0000018a11931050 Exception <a 'java/lang/IncompatibleClassChangeError'{0x0000000602a79668}: Found class java.lang.Object, but interface was expected> (0x0000000602a79668) 
thrown [s\src\hotspot\share\interpreter\linkResolver.cpp, line 840]

ZGC Phase Switch (0 events):
No events

VM Operations (20 events):
Event: 17.043 Executing VM operation: Cleanup
Event: 17.043 Executing VM operation: Cleanup done
Event: 17.932 Executing VM operation: HandshakeAllThreads (Deoptimize)
Event: 17.932 Executing VM operation: HandshakeAllThreads (Deoptimize) done
Event: 17.933 Executing VM operation: HandshakeAllThreads (Deoptimize)
Event: 17.933 Executing VM operation: HandshakeAllThreads (Deoptimize) done
Event: 18.946 Executing VM operation: Cleanup
Event: 18.946 Executing VM operation: Cleanup done
Event: 20.959 Executing VM operation: Cleanup
Event: 20.959 Executing VM operation: Cleanup done
Event: 22.973 Executing VM operation: Cleanup
Event: 22.973 Executing VM operation: Cleanup done
Event: 23.988 Executing VM operation: Cleanup
Event: 23.988 Executing VM operation: Cleanup done
Event: 27.003 Executing VM operation: Cleanup
Event: 27.003 Executing VM operation: Cleanup done
Event: 34.068 Executing VM operation: Cleanup
Event: 34.068 Executing VM operation: Cleanup done
Event: 35.181 Executing VM operation: G1CollectFull (System.gc())
Event: 35.236 Executing VM operation: G1CollectFull (System.gc()) done

Memory protections (0 events):
No events

Nmethod flushes (20 events):
Event: 16.010 Thread 0x00000189c8a35df0 flushing  nmethod 0x00000189ad9b8610
Event: 16.010 Thread 0x00000189c8a35df0 flushing  nmethod 0x00000189ad9bbe90
Event: 16.010 Thread 0x00000189c8a35df0 flushing  nmethod 0x00000189ad9bcc10
Event: 16.010 Thread 0x00000189c8a35df0 flushing  nmethod 0x00000189ad9bd510
Event: 16.010 Thread 0x00000189c8a35df0 flushing  nmethod 0x00000189ad9c0090
Event: 16.010 Thread 0x00000189c8a35df0 flushing  nmethod 0x00000189ad9c0c90
Event: 16.010 Thread 0x00000189c8a35df0 flushing  nmethod 0x00000189ad9c2c90
Event: 16.010 Thread 0x00000189c8a35df0 flushing  nmethod 0x00000189ad9c5510
Event: 16.010 Thread 0x00000189c8a35df0 flushing  nmethod 0x00000189ad9f1110
Event: 16.010 Thread 0x00000189c8a35df0 flushing  nmethod 0x00000189ada64490
Event: 16.010 Thread 0x00000189c8a35df0 flushing  nmethod 0x00000189ada81990
Event: 16.010 Thread 0x00000189c8a35df0 flushing  nmethod 0x00000189ada81d10
Event: 16.010 Thread 0x00000189c8a35df0 flushing  nmethod 0x00000189adad1890
Event: 16.010 Thread 0x00000189c8a35df0 flushing  nmethod 0x00000189adb12010
Event: 35.214 Thread 0x00000189c8a35df0 flushing  nmethod 0x00000189b4c0f310
Event: 35.214 Thread 0x00000189c8a35df0 flushing  nmethod 0x00000189b4c1fa90
Event: 35.214 Thread 0x00000189c8a35df0 flushing  nmethod 0x00000189b4c28010
Event: 35.214 Thread 0x00000189c8a35df0 flushing  nmethod 0x00000189b4c32f90
Event: 35.214 Thread 0x00000189c8a35df0 flushing  nmethod 0x00000189ad6dac90
Event: 35.214 Thread 0x00000189c8a35df0 flushing  nmethod 0x00000189ad71a790

Events (20 events):
Event: 5.119 Thread 0x0000018a101e75a0 Thread exited: 0x0000018a101e75a0
Event: 5.260 Thread 0x0000018a0f0cf860 Thread exited: 0x0000018a0f0cf860
Event: 6.481 Thread 0x0000018a1192fca0 Thread added: 0x0000018a11933e40
Event: 6.531 Thread 0x0000018a1192fca0 Thread added: 0x0000018a119344d0
Event: 7.048 Thread 0x0000018a1192fca0 Thread added: 0x0000018a119309c0
Event: 7.050 Thread 0x0000018a1192fca0 Thread added: 0x0000018a119316e0
Event: 7.050 Thread 0x0000018a119309c0 Thread exited: 0x0000018a119309c0
Event: 7.053 Thread 0x0000018a119316e0 Thread exited: 0x0000018a119316e0
Event: 7.095 Thread 0x0000018a1192fca0 Thread added: 0x0000018a119316e0
Event: 7.096 Thread 0x0000018a119316e0 Thread exited: 0x0000018a119316e0
Event: 8.542 Thread 0x0000018a1192fca0 Thread added: 0x0000018a11933120
Event: 8.543 Thread 0x0000018a11933120 Thread exited: 0x0000018a11933120
Event: 10.087 Thread 0x0000018a1192fca0 Thread added: 0x0000018a11931050
Event: 10.339 Thread 0x00000189c91c5630 Thread added: 0x0000018a11e736a0
Event: 10.359 Thread 0x0000018a11931050 Thread added: 0x0000018a11935880
Event: 11.501 Thread 0x0000018a11933e40 Thread exited: 0x0000018a11933e40
Event: 11.741 Thread 0x00000189c91c23f0 Thread added: 0x0000018a0fa5b320
Event: 11.881 Thread 0x0000018a0fa5b320 Thread exited: 0x0000018a0fa5b320
Event: 11.985 Thread 0x0000018a11e736a0 Thread exited: 0x0000018a11e736a0
Event: 15.947 Thread 0x0000018a1192fca0 Thread added: 0x0000018a11933e40


Dynamic libraries:
0x00007ff615360000 - 0x00007ff61536e000 	C:\Program Files\Eclipse Adoptium\jdk-21.0.5.11-hotspot\bin\java.exe
0x00007ffd78890000 - 0x00007ffd78a88000 	C:\WINDOWS\SYSTEM32\ntdll.dll
0x00007ffd77e60000 - 0x00007ffd77f22000 	C:\WINDOWS\System32\KERNEL32.DLL
0x00007ffd76450000 - 0x00007ffd7674f000 	C:\WINDOWS\System32\KERNELBASE.dll
0x00007ffd76100000 - 0x00007ffd76200000 	C:\WINDOWS\System32\ucrtbase.dll
0x00007ffd6c9d0000 - 0x00007ffd6c9e8000 	C:\Program Files\Eclipse Adoptium\jdk-21.0.5.11-hotspot\bin\jli.dll
0x00007ffd6ca10000 - 0x00007ffd6ca2e000 	C:\Program Files\Eclipse Adoptium\jdk-21.0.5.11-hotspot\bin\VCRUNTIME140.dll
0x00007ffd786b0000 - 0x00007ffd7884d000 	C:\WINDOWS\System32\USER32.dll
0x00007ffd76880000 - 0x00007ffd768a2000 	C:\WINDOWS\System32\win32u.dll
0x00007ffd64580000 - 0x00007ffd6481a000 	C:\WINDOWS\WinSxS\amd64_microsoft.windows.common-controls_6595b64144ccf1df_6.0.19041.4355_none_60b8b9eb71f62e16\COMCTL32.dll
0x00007ffd768b0000 - 0x00007ffd768db000 	C:\WINDOWS\System32\GDI32.dll
0x00007ffd777d0000 - 0x00007ffd7786e000 	C:\WINDOWS\System32\msvcrt.dll
0x00007ffd76280000 - 0x00007ffd7639a000 	C:\WINDOWS\System32\gdi32full.dll
0x00007ffd76750000 - 0x00007ffd767ed000 	C:\WINDOWS\System32\msvcp_win.dll
0x00007ffd77b70000 - 0x00007ffd77b9f000 	C:\WINDOWS\System32\IMM32.DLL
0x00007ffd70270000 - 0x00007ffd7027c000 	C:\Program Files\Eclipse Adoptium\jdk-21.0.5.11-hotspot\bin\vcruntime140_1.dll
0x00007ffd6b4d0000 - 0x00007ffd6b55d000 	C:\Program Files\Eclipse Adoptium\jdk-21.0.5.11-hotspot\bin\msvcp140.dll
0x00007ffce42c0000 - 0x00007ffce504f000 	C:\Program Files\Eclipse Adoptium\jdk-21.0.5.11-hotspot\bin\server\jvm.dll
0x00007ffd77950000 - 0x00007ffd779ff000 	C:\WINDOWS\System32\ADVAPI32.dll
0x00007ffd77db0000 - 0x00007ffd77e4f000 	C:\WINDOWS\System32\sechost.dll
0x00007ffd76bd0000 - 0x00007ffd76cf3000 	C:\WINDOWS\System32\RPCRT4.dll
0x00007ffd76250000 - 0x00007ffd76277000 	C:\WINDOWS\System32\bcrypt.dll
0x00007ffd77400000 - 0x00007ffd7746b000 	C:\WINDOWS\System32\WS2_32.dll
0x00007ffd75ac0000 - 0x00007ffd75b0b000 	C:\WINDOWS\SYSTEM32\POWRPROF.dll
0x00007ffd6b0c0000 - 0x00007ffd6b0e7000 	C:\WINDOWS\SYSTEM32\WINMM.dll
0x00007ffd72cf0000 - 0x00007ffd72cfa000 	C:\WINDOWS\SYSTEM32\VERSION.dll
0x00007ffd75a80000 - 0x00007ffd75a92000 	C:\WINDOWS\SYSTEM32\UMPDC.dll
0x00007ffd73cf0000 - 0x00007ffd73d02000 	C:\WINDOWS\SYSTEM32\kernel.appcore.dll
0x00007ffd6caf0000 - 0x00007ffd6cafa000 	C:\Program Files\Eclipse Adoptium\jdk-21.0.5.11-hotspot\bin\jimage.dll
0x00007ffd68fc0000 - 0x00007ffd691a4000 	C:\WINDOWS\SYSTEM32\DBGHELP.DLL
0x00007ffd57380000 - 0x00007ffd573b4000 	C:\WINDOWS\SYSTEM32\dbgcore.DLL
0x00007ffd767f0000 - 0x00007ffd76872000 	C:\WINDOWS\System32\bcryptPrimitives.dll
0x00007ffd6c9b0000 - 0x00007ffd6c9cf000 	C:\Program Files\Eclipse Adoptium\jdk-21.0.5.11-hotspot\bin\java.dll
0x00007ffd77f40000 - 0x00007ffd786ad000 	C:\WINDOWS\System32\SHELL32.dll
0x00007ffd73fd0000 - 0x00007ffd74774000 	C:\WINDOWS\SYSTEM32\windows.storage.dll
0x00007ffd77470000 - 0x00007ffd777c5000 	C:\WINDOWS\System32\combase.dll
0x00007ffd75890000 - 0x00007ffd758bb000 	C:\WINDOWS\SYSTEM32\Wldp.dll
0x00007ffd77870000 - 0x00007ffd7793d000 	C:\WINDOWS\System32\OLEAUT32.dll
0x00007ffd77a00000 - 0x00007ffd77aad000 	C:\WINDOWS\System32\SHCORE.dll
0x00007ffd77ab0000 - 0x00007ffd77b05000 	C:\WINDOWS\System32\shlwapi.dll
0x00007ffd75e60000 - 0x00007ffd75e85000 	C:\WINDOWS\SYSTEM32\profapi.dll
0x00007ffd64ea0000 - 0x00007ffd64f77000 	C:\Program Files\Eclipse Adoptium\jdk-21.0.5.11-hotspot\bin\jsvml.dll
0x00007ffd6c9a0000 - 0x00007ffd6c9b0000 	C:\Program Files\Eclipse Adoptium\jdk-21.0.5.11-hotspot\bin\net.dll
0x00007ffd6ed30000 - 0x00007ffd6ee3a000 	C:\WINDOWS\SYSTEM32\WINHTTP.dll
0x00007ffd755f0000 - 0x00007ffd7565c000 	C:\WINDOWS\system32\mswsock.dll
0x00007ffd6b4b0000 - 0x00007ffd6b4c6000 	C:\Program Files\Eclipse Adoptium\jdk-21.0.5.11-hotspot\bin\nio.dll
0x00007ffd6b490000 - 0x00007ffd6b4a8000 	C:\Program Files\Eclipse Adoptium\jdk-21.0.5.11-hotspot\bin\zip.dll
0x00007ffd69250000 - 0x00007ffd69274000 	C:\ProgramData\chocolatey\lib\maven\apache-maven-3.9.9\lib\jansi-native\Windows\x86_64\jansi.dll
0x00007ffd6c970000 - 0x00007ffd6c980000 	C:\Program Files\Eclipse Adoptium\jdk-21.0.5.11-hotspot\bin\verify.dll
0x00007ffd42190000 - 0x00007ffd4231e000 	C:\Program Files\Eclipse Adoptium\jdk-21.0.5.11-hotspot\bin\awt.dll
0x00007ffd72bf0000 - 0x00007ffd72c84000 	C:\WINDOWS\SYSTEM32\apphelp.dll
0x00007ffd738e0000 - 0x00007ffd7397e000 	C:\WINDOWS\system32\uxtheme.dll
0x00007ffd77c30000 - 0x00007ffd77d45000 	C:\WINDOWS\System32\MSCTF.dll
0x00007ffd768e0000 - 0x00007ffd76a0b000 	C:\WINDOWS\System32\ole32.dll
0x00007ffd73cc0000 - 0x00007ffd73cef000 	C:\WINDOWS\system32\DWMAPI.DLL
0x00007ffd41ee0000 - 0x00007ffd42008000 	C:\WINDOWS\system32\opengl32.dll
0x00007ffd64c60000 - 0x00007ffd64c8c000 	C:\WINDOWS\SYSTEM32\GLU32.dll
0x00007ffd6e580000 - 0x00007ffd6e751000 	C:\WINDOWS\system32\d3d9.dll
0x00007ffd3c160000 - 0x00007ffd3c222000 	C:\WINDOWS\System32\DriverStore\FileRepository\nv_dispi.inf_amd64_9d15b9aa9e1c885b\nvldumdx.dll
0x00007ffd75aa0000 - 0x00007ffd75ab2000 	C:\WINDOWS\SYSTEM32\msasn1.dll
0x00007ffd6dde0000 - 0x00007ffd6de11000 	C:\WINDOWS\SYSTEM32\cryptnet.dll
0x00007ffd75fa0000 - 0x00007ffd760fc000 	C:\WINDOWS\System32\CRYPT32.dll
0x00007ffd75800000 - 0x00007ffd7580c000 	C:\WINDOWS\SYSTEM32\cryptbase.dll
0x00007ffd6d970000 - 0x00007ffd6dab7000 	C:\WINDOWS\SYSTEM32\drvstore.dll
0x00007ffd75cc0000 - 0x00007ffd75cf3000 	C:\WINDOWS\SYSTEM32\devobj.dll
0x00007ffd76200000 - 0x00007ffd7624e000 	C:\WINDOWS\System32\cfgmgr32.dll
0x00007ffd75f30000 - 0x00007ffd75f98000 	C:\WINDOWS\System32\wintrust.dll
0x00007ffd773e0000 - 0x00007ffd773fd000 	C:\WINDOWS\System32\imagehlp.dll
0x00007ffd757e0000 - 0x00007ffd757f8000 	C:\WINDOWS\SYSTEM32\CRYPTSP.dll
0x00007ffd74f10000 - 0x00007ffd74f48000 	C:\WINDOWS\system32\rsaenh.dll
0x00007ffca53e0000 - 0x00007ffca8b7a000 	C:\WINDOWS\System32\DriverStore\FileRepository\nv_dispi.inf_amd64_9d15b9aa9e1c885b\nvgpucomp64.dll
0x00007ffd22990000 - 0x00007ffd22a67000 	C:\WINDOWS\System32\DriverStore\FileRepository\nv_dispi.inf_amd64_9d15b9aa9e1c885b\NvMemMapStoragex.dll
0x00007ffce21f0000 - 0x00007ffce42b7000 	C:\WINDOWS\System32\DriverStore\FileRepository\nv_dispi.inf_amd64_9d15b9aa9e1c885b\nvd3dumx.dll
0x00007ffd6e870000 - 0x00007ffd6eb40000 	C:\WINDOWS\system32\nvspcap64.dll
0x00007ffd75160000 - 0x00007ffd75193000 	C:\WINDOWS\SYSTEM32\ntmarta.dll
0x00007ffd74790000 - 0x00007ffd747b3000 	C:\WINDOWS\SYSTEM32\gpapi.dll
0x00007ffd1a570000 - 0x00007ffd1a724000 	C:\WINDOWS\System32\DriverStore\FileRepository\nv_dispi.inf_amd64_9d15b9aa9e1c885b\nvppex.dll
0x00007ffd6b1d0000 - 0x00007ffd6b20b000 	C:\WINDOWS\SYSTEM32\dxcore.dll
0x00007ffd561b0000 - 0x00007ffd56237000 	C:\Program Files\Eclipse Adoptium\jdk-21.0.5.11-hotspot\bin\freetype.dll
0x00007ffd54500000 - 0x00007ffd545db000 	C:\Program Files\Eclipse Adoptium\jdk-21.0.5.11-hotspot\bin\fontmanager.dll
0x00007ffd581e0000 - 0x00007ffd582d9000 	C:\WINDOWS\SYSTEM32\textinputframework.dll
0x00007ffd71e40000 - 0x00007ffd7219b000 	C:\WINDOWS\System32\CoreUIComponents.dll
0x00007ffd721e0000 - 0x00007ffd722d2000 	C:\WINDOWS\System32\CoreMessaging.dll
0x00007ffd730b0000 - 0x00007ffd73207000 	C:\WINDOWS\SYSTEM32\wintypes.dll
0x00007ffd644b0000 - 0x00007ffd64516000 	C:\WINDOWS\system32\Oleacc.dll
0x00007ffd5ff30000 - 0x00007ffd5ffe0000 	C:\WINDOWS\WinSxS\amd64_microsoft.windows.common-controls_6595b64144ccf1df_5.82.19041.4355_none_792ecafd2442822f\comctl32.dll
0x00007ffd76d00000 - 0x00007ffd76da9000 	C:\WINDOWS\System32\clbcatq.dll
0x00007ffd72d00000 - 0x00007ffd72df6000 	C:\WINDOWS\system32\propsys.dll
0x00007ffd58960000 - 0x00007ffd58977000 	C:\WINDOWS\system32\NetworkExplorer.dll
0x00007ffd736a0000 - 0x00007ffd73854000 	C:\WINDOWS\SYSTEM32\WindowsCodecs.dll
0x00007ffd528a0000 - 0x00007ffd52906000 	C:\Windows\System32\thumbcache.dll
0x00007ffd624a0000 - 0x00007ffd62691000 	C:\Windows\System32\urlmon.dll
0x00007ffd61c70000 - 0x00007ffd61f2f000 	C:\Windows\System32\iertutil.dll
0x00007ffd63a70000 - 0x00007ffd63a98000 	C:\Windows\System32\srvcli.dll
0x00007ffd753e0000 - 0x00007ffd753ec000 	C:\Windows\System32\netutils.dll
0x00007ffd75de0000 - 0x00007ffd75e12000 	C:\Windows\System32\SspiCli.dll
0x00007ffd626d0000 - 0x00007ffd626ed000 	C:\WINDOWS\SYSTEM32\MPR.dll
0x00007ffd4f5d0000 - 0x00007ffd4f5db000 	C:\WINDOWS\System32\drprov.dll
0x00007ffd75900000 - 0x00007ffd7595b000 	C:\WINDOWS\System32\WINSTA.dll
0x00007ffd4f270000 - 0x00007ffd4f28f000 	C:\WINDOWS\System32\ntlanman.dll
0x00007ffd4f090000 - 0x00007ffd4f0ae000 	C:\WINDOWS\System32\davclnt.dll
0x00007ffd4f080000 - 0x00007ffd4f08d000 	C:\WINDOWS\System32\DAVHLPR.dll
0x00007ffd75030000 - 0x00007ffd75049000 	C:\WINDOWS\System32\wkscli.dll
0x00007ffd51c30000 - 0x00007ffd51c42000 	C:\WINDOWS\SYSTEM32\cscapi.dll
0x00007ffd61b90000 - 0x00007ffd61be6000 	C:\Windows\System32\dlnashext.dll
0x00007ffd4f880000 - 0x00007ffd4f8e4000 	C:\Windows\System32\PlayToDevice.dll
0x00007ffd54710000 - 0x00007ffd54730000 	C:\Windows\System32\DevDispItemProvider.dll
0x00007ffd6f630000 - 0x00007ffd6f6b9000 	C:\WINDOWS\System32\MMDevApi.dll
0x00007ffd4edc0000 - 0x00007ffd4ee61000 	C:\WINDOWS\system32\wpdshext.dll
0x00007ffd64820000 - 0x00007ffd649c8000 	C:\WINDOWS\WinSxS\amd64_microsoft.windows.gdiplus_6595b64144ccf1df_1.1.19041.5369_none_91a453e0cc8824e6\gdiplus.dll
0x00007ffd725d0000 - 0x00007ffd72673000 	C:\Windows\System32\PortableDeviceApi.dll
0x00007ffd76f60000 - 0x00007ffd773d1000 	C:\WINDOWS\System32\SETUPAPI.dll
0x00007ffd61ab0000 - 0x00007ffd61ae7000 	C:\Windows\System32\EhStorShell.dll
0x00007ffd57fd0000 - 0x00007ffd57ff6000 	C:\Windows\System32\EhStorAPI.dll
0x00007ffd72cd0000 - 0x00007ffd72ce4000 	C:\Windows\System32\WTSAPI32.dll
0x00007ffd51be0000 - 0x00007ffd51bed000 	C:\WINDOWS\SYSTEM32\LINKINFO.dll
0x00007ffd60450000 - 0x00007ffd6045c000 	C:\WINDOWS\SYSTEM32\Secur32.dll
0x00007ffd52910000 - 0x00007ffd5294e000 	C:\WINDOWS\system32\dataexchange.dll
0x00007ffd718b0000 - 0x00007ffd71a94000 	C:\WINDOWS\system32\dcomp.dll
0x00007ffd71060000 - 0x00007ffd712c3000 	C:\WINDOWS\system32\d3d11.dll
0x00007ffd747c0000 - 0x00007ffd748b6000 	C:\WINDOWS\system32\dxgi.dll
0x00007ffd6e110000 - 0x00007ffd6e313000 	C:\WINDOWS\system32\twinapi.appcore.dll
0x00007ffd60880000 - 0x00007ffd60978000 	C:\Windows\System32\MrmCoreR.dll
0x00007ffd61850000 - 0x00007ffd61861000 	C:\WINDOWS\SYSTEM32\windows.staterepositorycore.dll
0x0000018a1c9d0000 - 0x0000018a1c9d4000 	C:\Users\ethan\.javacpp\cache\javacpp-1.5.9-windows-x86_64.jar\org\bytedeco\javacpp\windows-x86_64\api-ms-win-crt-locale-l1-1-0.dll
0x0000018a1c9e0000 - 0x0000018a1c9e5000 	C:\Users\ethan\.javacpp\cache\javacpp-1.5.9-windows-x86_64.jar\org\bytedeco\javacpp\windows-x86_64\api-ms-win-crt-string-l1-1-0.dll
0x0000018a1c9f0000 - 0x0000018a1c9f5000 	C:\Users\ethan\.javacpp\cache\javacpp-1.5.9-windows-x86_64.jar\org\bytedeco\javacpp\windows-x86_64\api-ms-win-crt-stdio-l1-1-0.dll
0x0000018a1ca00000 - 0x0000018a1ca06000 	C:\Users\ethan\.javacpp\cache\javacpp-1.5.9-windows-x86_64.jar\org\bytedeco\javacpp\windows-x86_64\api-ms-win-crt-math-l1-1-0.dll

dbghelp: loaded successfully - version: 4.0.5 - missing functions: none
symbol engine: initialized successfully - sym options: 0x614 - pdb path: .;C:\Program Files\Eclipse Adoptium\jdk-21.0.5.11-hotspot\bin;C:\WINDOWS\SYSTEM32;C:\WINDOWS\WinSxS\amd64_microsoft.windows.common-controls_6595b64144ccf1df_6.0.19041.4355_none_60b8b9eb71f62e16;C:\Program Files\Eclipse Adoptium\jdk-21.0.5.11-hotspot\bin\server;C:\ProgramData\chocolatey\lib\maven\apache-maven-3.9.9\lib\jansi-native\Windows\x86_64;C:\WINDOWS\System32\DriverStore\FileRepository\nv_dispi.inf_amd64_9d15b9aa9e1c885b;C:\WINDOWS\WinSxS\amd64_microsoft.windows.common-controls_6595b64144ccf1df_5.82.19041.4355_none_792ecafd2442822f;C:\WINDOWS\WinSxS\amd64_microsoft.windows.gdiplus_6595b64144ccf1df_1.1.19041.5369_none_91a453e0cc8824e6;C:\Users\ethan\.javacpp\cache\javacpp-1.5.9-windows-x86_64.jar\org\bytedeco\javacpp\windows-x86_64;C:\Users\ethan\.javacpp\cache\ffmpeg-6.0-1.5.9-windows-x86_64.jar\org\bytedeco\ffmpeg\windows-x86_64;C:\Users\ethan\.javacpp\cache\openblas-0.3.23-1.5.9-windows-x86_64.jar\org\bytedeco\openblas\windows-x86_64;C:\Users\ethan\.javacpp\cache\opencv-4.9.0-1.5.10-windows-x86_64.jar\org\bytedeco\opencv\windows-x86_64

VM Arguments:
jvm_args: -Dclassworlds.conf=C:\ProgramData\chocolatey\lib\maven\apache-maven-3.9.9\bin\m2.conf -Dmaven.home=C:\ProgramData\chocolatey\lib\maven\apache-maven-3.9.9 -Dlibrary.jansi.path=C:\ProgramData\chocolatey\lib\maven\apache-maven-3.9.9\lib\jansi-native -Dmaven.multiModuleProjectDirectory=A:\Kinoui\SMU\COURSE WORK\year 2 sem 2\OOP\proj\OOPs 
java_command: org.codehaus.plexus.classworlds.launcher.Launcher exec:java -Dexec.mainClass=com.main.MainApplication
java_class_path (initial): C:\ProgramData\chocolatey\lib\maven\apache-maven-3.9.9\boot\plexus-classworlds-2.8.0.jar
Launcher Type: SUN_STANDARD

[Global flags]
     intx CICompilerCount                          = 4                                         {product} {ergonomic}
     uint ConcGCThreads                            = 3                                         {product} {ergonomic}
     uint G1ConcRefinementThreads                  = 10                                        {product} {ergonomic}
   size_t G1HeapRegionSize                         = 4194304                                   {product} {ergonomic}
    uintx GCDrainStackTargetSize                   = 64                                        {product} {ergonomic}
   size_t InitialHeapSize                          = 536870912                                 {product} {ergonomic}
   size_t MarkStackSize                            = 4194304                                   {product} {ergonomic}
   size_t MaxHeapSize                              = 8577351680                                {product} {ergonomic}
   size_t MaxNewSize                               = 5146411008                                {product} {ergonomic}
   size_t MinHeapDeltaBytes                        = 4194304                                   {product} {ergonomic}
   size_t MinHeapSize                              = 8388608                                   {product} {ergonomic}
    uintx NonNMethodCodeHeapSize                   = 5839372                                {pd product} {ergonomic}
    uintx NonProfiledCodeHeapSize                  = 122909434                              {pd product} {ergonomic}
    uintx ProfiledCodeHeapSize                     = 122909434                              {pd product} {ergonomic}
    uintx ReservedCodeCacheSize                    = 251658240                              {pd product} {ergonomic}
     bool SegmentedCodeCache                       = true                                      {product} {ergonomic}
   size_t SoftMaxHeapSize                          = 8577351680                             {manageable} {ergonomic}
     bool UseCompressedOops                        = true                           {product lp64_product} {ergonomic}
     bool UseG1GC                                  = true                                      {product} {ergonomic}
     bool UseLargePagesIndividualAllocation        = false                                  {pd product} {ergonomic}

Logging:
Log output configuration:
 #0: stdout all=warning uptime,level,tags foldmultilines=false
 #1: stderr all=off uptime,level,tags foldmultilines=false

Environment Variables:
JAVA_HOME=C:\Program Files\Eclipse Adoptium\jdk-21.0.5.11-hotspot
PATH=C:\Program Files\Eclipse Adoptium\jdk-21.0.5.11-hotspot\bin;C:\Users\ethan\AppData\Local\Programs\Eclipse Adoptium\jdk-21.0.6.7-hotspot\bin;C:\Program Files (x86)\Common Files\Oracle\Java\javapath;C:\Windows\system32;C:\Windows;C:\Windows\System32\Wbem;C:\Windows\System32\WindowsPowerShell\v1.0\;C:\Windows\System32\OpenSSH\;C:\Program Files (x86)\NVIDIA Corporation\PhysX\Common;C:\Program Files\NVIDIA Corporation\NVIDIA NvDLISR;C:\Program Files\Calibre2\;C:\WINDOWS\system32;C:\WINDOWS;C:\WINDOWS\System32\Wbem;C:\WINDOWS\System32\WindowsPowerShell\v1.0\;C:\WINDOWS\System32\OpenSSH\;C:\Program Files\dotnet\;A:\Kinoui\servers\remoteit\resources\x64;A:\Kinoui\[a]ss\app\remoteit\resources\x64;A:\Kinoui\[a]ss\app\remoteit\resources\x64;C:\Users\ethan\AppData\Roaming\nvm;C:\Program Files\nodejs;C:\ProgramData\chocolatey\bin;C:\ProgramData\chocolatey\lib\maven\apache-maven-3.9.9\bin;C:\Program Files\Eclipse Adoptium\jdk-21.0.5.11-hotspot\bin;C:\Program Files (x86)\Common Files\Oracle\Java\javapath;C:\Windows\system32;C:\Windows;C:\Windows\System32\Wbem;C:\Windows\System32\WindowsPowerShell\v1.0\;C:\Windows\System32\OpenSSH\;C:\Program Files (x86)\NVIDIA Corporation\PhysX\Common;C:\Program Files\NVIDIA Corporation\NVIDIA NvDLISR;C:\Program Files\Calibre2\;C:\WINDOWS\system32;C:\WINDOWS;C:\WINDOWS\System32\Wbem;C:\WINDOWS\System32\WindowsPowerShell\v1.0\;C:\WINDOWS\System32\OpenSSH\;C:\Program Files\dotnet\;A:\Kinoui\servers\remoteit\resources\x64;A:\Kinoui\[a]ss\app\remoteit\resources\x64;A:\Kinoui\[a]ss\app\remoteit\resources\x64;C:\Users\ethan\AppData\Roaming\nvm;C:\Program Files\nodejs;C:\ProgramData\chocolatey\bin;C:\ProgramData\chocolatey\lib\maven\apache-maven-3.9.9\bin;C:\Users\ethan\AppData\Local\Programs\Eclipse Adoptium\jdk-21.0.6.7-hotspot\bin;C:\Users\ethan\AppData\Local\Microsoft\WindowsApps;G:\Coding\Coding software\Microsoft VS Code\bin;C:\Users\ethan\AppData\Local\GitHubDesktop\bin;C:\Users\ethan\AppData\;C:\Program Files\Eclipse Adoptium\jre-17.0.13.11-hotspot;C:\Program Files\Eclipse Adoptium\jdk-21.0.5.11-hotspot;
USERNAME=ethan
OS=Windows_NT
PROCESSOR_IDENTIFIER=AMD64 Family 23 Model 8 Stepping 2, AuthenticAMD
TMP=C:\Users\ethan\AppData\Local\Temp
TEMP=C:\Users\ethan\AppData\Local\Temp




Periodic native trim disabled

---------------  S Y S T E M  ---------------

OS:
 Windows 10 , 64 bit Build 19041 (10.0.19041.5438)
OS uptime: 2 days 5:55 hours

CPU: total 12 (initial active 12) (12 cores per cpu, 2 threads per core) family 23 model 8 stepping 2 microcode 0x0, cx8, cmov, fxsr, ht, mmx, 3dnowpref, sse, sse2, sse3, ssse3, sse4a, sse4.1, sse4.2, popcnt, lzcnt, tsc, tscinvbit, avx, avx2, aes, clmul, bmi1, bmi2, adx, sha, fma, vzeroupper, clflush, clflushopt, rdtscp, f16c
Processor Information for all 12 processors :
  Max Mhz: 3400, Current Mhz: 3400, Mhz Limit: 3400

Memory: 4k page, system-wide physical 32719M (16331M free)
TotalPageFile size 37583M (AvailPageFile size 7924M)
current process WorkingSet (physical memory assigned to process): 269M, peak: 394M
current process commit charge ("private bytes"): 3175M, peak: 3423M

vm_info: OpenJDK 64-Bit Server VM (21.0.5+11-LTS) for windows-amd64 JRE (21.0.5+11-LTS), built on 2024-10-15T00:00:00Z by "admin" with MS VC++ 17.7 (VS2022)

END.
